FF                                                                       [100%]
=================================== FAILURES ===================================
_______________ test_online_mutations_after_baseline_was_copied ________________

api = <class 'diskcache.reshard.ReshardableFanoutCache'>
tmp_path = PosixPath('/tmp/pytest-of-root/pytest-0/test_online_mutations_after_ba0')

    def test_online_mutations_after_baseline_was_copied(api, tmp_path):
        c = api(tmp_path, shards=2, eviction_policy='none', tag_index=True)
        for i in range(24):
            c.set(i, i * 10, tag='remove' if i % 3 == 0 else 'keep')
        token = c.begin_reshard(5)['migration_id']
        state = c.step_reshard(token, 24)
        assert state['phase'] != 'idle'
        c.set(0, 'changed', tag='new')
        c.delete(1)
        assert c.pop(2) == 20
        assert c.incr(4, 8) == 48
        assert c.decr(5, 2) == 48
        assert not c.add(6, 'wrong')
        assert c.add(40, 'added')
        c[1] = 'reinserted'
        c.evict('remove')
        before = snapshot(c)
        finish(c, token, 1)
>       assert snapshot(c) == before
E       AssertionError: assert {0: (0, None,...remove'), ...} == {0: ('changed... 'keep'), ...}
E         
E         Omitting 13 identical items, use -vv to show
E         Differing items:
E         {0: (0, None, 'remove')} != {0: ('changed', None, 'new')}
E         {4: (40, None, 'keep')} != {4: (48, None, 'keep')}
E         {5: (50, None, 'keep')} != {5: (48, None, 'keep')}
E         Left contains 8 more items:...
E         
E         ...Full output truncated (11 lines hidden), use '-vv' to show

/tests/test_online_reshard.py:135: AssertionError
________________ test_bulk_clear_does_not_resurrect_copied_rows ________________

api = <class 'diskcache.reshard.ReshardableFanoutCache'>
tmp_path = PosixPath('/tmp/pytest-of-root/pytest-0/test_bulk_clear_does_not_resur0')

    def test_bulk_clear_does_not_resurrect_copied_rows(api, tmp_path):
        c = api(tmp_path, shards=2, eviction_policy='none')
        for i in range(20):
            c[i] = i
        token = c.begin_reshard(3)['migration_id']
        c.step_reshard(token, 20)
        assert c.clear() == 20
        c[100] = 'after clear'
        finish(c, token, 2)
>       assert snapshot(c) == {100: ('after clear', None, None)}
E       AssertionError: assert {0: (0, None,...e, None), ...} == {100: ('after..., None, None)}
E         
E         Left contains 20 more items:
E         {0: (0, None, None),
E          1: (1, None, None),
E          2: (2, None, None),
E          3: (3, None, None),
E          4: (4, None, None),...
E         
E         ...Full output truncated (18 lines hidden), use '-vv' to show

/tests/test_online_reshard.py:150: AssertionError
=============================== warnings summary ===============================
../../usr/local/lib/python3.12/site-packages/_pytest/cacheprovider.py:475
  /usr/local/lib/python3.12/site-packages/_pytest/cacheprovider.py:475: PytestCacheWarning: could not create cache path /tests/.pytest_cache/v/cache/nodeids: [Errno 30] Read-only file system: '/tests/pytest-cache-files-nb138ejp'
    config.cache.set("cache/nodeids", sorted(self.cached_nodeids))

../../usr/local/lib/python3.12/site-packages/_pytest/cacheprovider.py:429
  /usr/local/lib/python3.12/site-packages/_pytest/cacheprovider.py:429: PytestCacheWarning: could not create cache path /tests/.pytest_cache/v/cache/lastfailed: [Errno 30] Read-only file system: '/tests/pytest-cache-files-u96n2fxy'
    config.cache.set("cache/lastfailed", self.lastfailed)

../../usr/local/lib/python3.12/site-packages/_pytest/stepwise.py:51
  /usr/local/lib/python3.12/site-packages/_pytest/stepwise.py:51: PytestCacheWarning: could not create cache path /tests/.pytest_cache/v/cache/stepwise: [Errno 30] Read-only file system: '/tests/pytest-cache-files-37wfta9u'
    session.config.cache.set(STEPWISE_CACHE_DIR, [])

-- Docs: https://docs.pytest.org/en/stable/how-to/capture-warnings.html
------------------- generated xml file: /mutant/results.xml --------------------
=========================== short test summary info ============================
FAILED ../../tests/test_online_reshard.py::test_online_mutations_after_baseline_was_copied
FAILED ../../tests/test_online_reshard.py::test_bulk_clear_does_not_resurrect_copied_rows
2 failed, 3 warnings in 0.35s
