  1/1 Mean: 0.000 ━━━━━━━━━━━━━━━━━━━━━━━━━━━━━━━━━━━━━━━━ 0:01:48 0:00:00
adhoc • nop
┏━━━━━━━━┳━━━━━━━━━━━━┳━━━━━━━┓
┃ Trials ┃ Exceptions ┃  Mean ┃
┡━━━━━━━━╇━━━━━━━━━━━━╇━━━━━━━┩
│      1 │          0 │ 0.000 │
└────────┴────────────┴───────┘

┏━━━━━━━━┳━━━━━━━┓
┃ Reward ┃ Count ┃
┡━━━━━━━━╇━━━━━━━┩
│ 0.0    │     1 │
└────────┴───────┘

Job Info
Total runtime: 1m 48s
Results written to 
/workspaces/sheil_research/reinforcement_learning/abundant-take-home/research/re
run-final-controls-2026-09-14/harbor-controls-001/jobs/rs-rerun-chunk-optimizer-
nop-20260914T051114Z/result.json
Inspect results by running `harbor view 
/workspaces/sheil_research/reinforcement_learning/abundant-take-home/research/re
run-final-controls-2026-09-14/harbor-controls-001/jobs`
Share results by running `harbor upload 
/workspaces/sheil_research/reinforcement_learning/abundant-take-home/research/re
run-final-controls-2026-09-14/harbor-controls-001/jobs/rs-rerun-chunk-optimizer-
nop-20260914T051114Z`

