  1/1 Mean: 1.000 ━━━━━━━━━━━━━━━━━━━━━━━━━━━━━━━━━━━━━━━━ 0:06:13 0:00:00
adhoc • oracle
┏━━━━━━━━┳━━━━━━━━━━━━┳━━━━━━━┓
┃ Trials ┃ Exceptions ┃  Mean ┃
┡━━━━━━━━╇━━━━━━━━━━━━╇━━━━━━━┩
│      1 │          0 │ 1.000 │
└────────┴────────────┴───────┘

┏━━━━━━━━┳━━━━━━━┓
┃ Reward ┃ Count ┃
┡━━━━━━━━╇━━━━━━━┩
│ 1.0    │     1 │
└────────┴───────┘

Job Info
Total runtime: 6m 14s
Results written to 
/workspaces/sheil_research/reinforcement_learning/abundant-take-home/research/re
run-final-controls-2026-09-14/harbor-controls-001/jobs/rs-rerun-chunk-optimizer-
oracle-20260914T051114Z/result.json
Inspect results by running `harbor view 
/workspaces/sheil_research/reinforcement_learning/abundant-take-home/research/re
run-final-controls-2026-09-14/harbor-controls-001/jobs`
Share results by running `harbor upload 
/workspaces/sheil_research/reinforcement_learning/abundant-take-home/research/re
run-final-controls-2026-09-14/harbor-controls-001/jobs/rs-rerun-chunk-optimizer-
oracle-20260914T051114Z`

