F                                                                        [100%]
=================================== FAILURES ===================================
___________________ test_ttl_touch_expire_absolute_deadlines ___________________

api = <class 'diskcache.reshard.ReshardableFanoutCache'>
tmp_path = PosixPath('/tmp/pytest-of-root/pytest-0/test_ttl_touch_expire_absolute0')

    def test_ttl_touch_expire_absolute_deadlines(api, tmp_path):
        # Use real, well-separated deadlines. A new module can import its own clock
        # or a time alias without disagreeing with patched upstream modules.
        c = api(tmp_path, shards=2, eviction_policy='none')
        c.set('expires', 'old', expire=3600, tag='a')
        c.set('touch', 'yes', expire=3600, tag='b')
        c.set('natural', 'gone', expire=-3600)
        c.set('remove', 'gone', expire=-7200)
        token = c.begin_reshard(3)['migration_id']
        c.step_reshard(token, 1)
        c.touch('touch', expire=7200)
        touched = c.get('touch', expire_time=True, tag=True)
        c.expire()
        # Leave another expired row without an explicit cleanup call, so migration
        # must preserve its invisibility rather than assigning it a fresh TTL.
        c.set('natural', 'gone', expire=-3600)
        expected = snapshot(c)
        finish(c, token)
>       assert snapshot(c) == expected
E       AssertionError: assert {'expires': (...3.97603, 'b')} == {'expires': (...3.97603, 'b')}
E         
E         Differing items:
E         {'expires': ('old', 1789294153.954724, 'a')} != {'expires': ('old', 1789290553.954724, 'a')}
E         {'touch': ('yes', 1789297753.97603, 'b')} != {'touch': ('yes', 1789294153.97603, 'b')}
E         Use -v to get more diff

/tests/test_online_reshard.py:171: AssertionError
-------------------- generated xml file: /audit/results.xml --------------------
=========================== short test summary info ============================
FAILED ../../tests/test_online_reshard.py::test_ttl_touch_expire_absolute_deadlines
1 failed in 0.12s
