[ 10%] Building CXX object tests/CMakeFiles/closures_zenohpico.dir/universal/closures.cxx.o
[ 10%] Building CXX object tests/CMakeFiles/warnings_zenohpico.dir/build/warnings.cxx.o
[ 10%] Building CXX object tests/CMakeFiles/details_zenohpico.dir/universal/details.cxx.o
[ 10%] Building CXX object tests/CMakeFiles/bytes_zenohpico.dir/universal/bytes.cxx.o
[ 12%] Linking CXX executable details_zenohpico
[ 12%] Linking CXX executable closures_zenohpico
[ 12%] Linking CXX executable warnings_zenohpico
[ 12%] Built target closures_zenohpico
[ 12%] Built target details_zenohpico
[ 12%] Building CXX object tests/CMakeFiles/serialization_zenohpico.dir/universal/serialization.cxx.o
[ 12%] Building CXX object tests/CMakeFiles/advanced_pub_sub_zenohpico.dir/universal/network/advanced_pub_sub.cxx.o
[ 12%] Built target warnings_zenohpico
[ 12%] Building CXX object tests/CMakeFiles/cancellation_zenohpico.dir/universal/network/cancellation.cxx.o
[ 15%] Linking CXX executable bytes_zenohpico
[ 15%] Built target bytes_zenohpico
[ 17%] Building CXX object tests/CMakeFiles/connectivity_zenohpico.dir/universal/network/connectivity.cxx.o
[ 20%] Linking CXX executable advanced_pub_sub_zenohpico
[ 20%] Built target advanced_pub_sub_zenohpico
[ 23%] Linking CXX executable cancellation_zenohpico
[ 25%] Building CXX object tests/CMakeFiles/keyexpr_zenohpico.dir/universal/network/keyexpr.cxx.o
[ 25%] Built target cancellation_zenohpico
[ 28%] Building CXX object tests/CMakeFiles/liveliness_zenohpico.dir/universal/network/liveliness.cxx.o
[ 28%] Linking CXX executable connectivity_zenohpico
[ 28%] Built target connectivity_zenohpico
[ 30%] Building CXX object tests/CMakeFiles/pub_sub_zenohpico.dir/universal/network/pub_sub.cxx.o
[ 33%] Linking CXX executable serialization_zenohpico
[ 33%] Built target serialization_zenohpico
[ 35%] Building CXX object tests/CMakeFiles/queryable_get_zenohpico.dir/universal/network/queryable_get.cxx.o
[ 35%] Linking CXX executable keyexpr_zenohpico
[ 35%] Built target keyexpr_zenohpico
[ 38%] Building CXX object tests/CMakeFiles/source_info_zenohpico.dir/universal/network/source_info.cxx.o
[ 41%] Linking CXX executable liveliness_zenohpico
[ 41%] Built target liveliness_zenohpico
[ 41%] Building CXX object tests/CMakeFiles/config_zenohpico.dir/zenohpico/config.cxx.o
[ 41%] Linking CXX executable pub_sub_zenohpico
[ 41%] Built target pub_sub_zenohpico
[ 43%] Building CXX object tests/CMakeFiles/batching_zenohpico.dir/zenohpico/network/batching.cxx.o
In file included from /work/repo/include/zenoh/api/channels.hxx:23,
                 from /work/repo/include/zenoh/api.hxx:17,
                 from /work/repo/include/zenoh.hxx:19,
                 from /work/repo/tests/universal/network/source_info.cxx:18:
/work/repo/include/zenoh/api/query.hxx: In constructor ‘constexpr zenoh::Query::ReplyOptions::ReplyOptions()’:
/work/repo/include/zenoh/api/query.hxx:123:12: warning: ‘zenoh::Query::ReplyOptions::priority’ is deprecated: priority is no longer supported in ReplyOptions [-Wdeprecated-declarations]
  123 |     struct ReplyOptions {
      |            ^~~~~~~~~~~~
/work/repo/include/zenoh/api/query.hxx:130:18: note: declared here
  130 |         Priority priority = Z_PRIORITY_DEFAULT;
      |                  ^~~~~~~~
/work/repo/include/zenoh/api/query.hxx:123:12: warning: ‘zenoh::Query::ReplyOptions::priority’ is deprecated: priority is no longer supported in ReplyOptions [-Wdeprecated-declarations]
  123 |     struct ReplyOptions {
      |            ^~~~~~~~~~~~
/work/repo/include/zenoh/api/query.hxx:130:18: note: declared here
  130 |         Priority priority = Z_PRIORITY_DEFAULT;
      |                  ^~~~~~~~
/work/repo/include/zenoh/api/query.hxx:123:12: warning: ‘zenoh::Query::ReplyOptions::congestion_control’ is deprecated: congestion_control is no longer supported in ReplyOptions [-Wdeprecated-declarations]
  123 |     struct ReplyOptions {
      |            ^~~~~~~~~~~~
/work/repo/include/zenoh/api/query.hxx:133:27: note: declared here
  133 |         CongestionControl congestion_control = Z_CONGESTION_CONTROL_BLOCK;
      |                           ^~~~~~~~~~~~~~~~~~
/work/repo/include/zenoh/api/query.hxx:123:12: warning: ‘zenoh::Query::ReplyOptions::congestion_control’ is deprecated: congestion_control is no longer supported in ReplyOptions [-Wdeprecated-declarations]
  123 |     struct ReplyOptions {
      |            ^~~~~~~~~~~~
/work/repo/include/zenoh/api/query.hxx:133:27: note: declared here
  133 |         CongestionControl congestion_control = Z_CONGESTION_CONTROL_BLOCK;
      |                           ^~~~~~~~~~~~~~~~~~
/work/repo/tests/universal/network/source_info.cxx: In function ‘void query_reply()’:
/work/repo/tests/universal/network/source_info.cxx:143:29: note: synthesized method ‘constexpr zenoh::Query::ReplyOptions::ReplyOptions()’ first required here
  143 |         Query::ReplyOptions opts2;
      |                             ^~~~~
[ 46%] Linking CXX executable queryable_get_zenohpico
[ 46%] Built target queryable_get_zenohpico
[ 46%] Building CXX object tests/CMakeFiles/tasks_zenohpico.dir/zenohpico/network/tasks.cxx.o
[ 48%] Linking CXX executable config_zenohpico
[ 48%] Built target config_zenohpico
[ 48%] Building CXX object tests/CMakeFiles/parity_dump_zenohc.dir/verifier/parity_dump.cxx.o
[ 51%] Linking CXX executable source_info_zenohpico
[ 51%] Built target source_info_zenohpico
[ 53%] Building CXX object tests/CMakeFiles/bytes_zenohc.dir/universal/bytes.cxx.o
[ 53%] Linking CXX executable batching_zenohpico
[ 53%] Built target batching_zenohpico
[ 56%] Building CXX object tests/CMakeFiles/closures_zenohc.dir/universal/closures.cxx.o
[ 58%] Linking CXX executable tasks_zenohpico
[ 58%] Built target tasks_zenohpico
[ 61%] Building CXX object tests/CMakeFiles/details_zenohc.dir/universal/details.cxx.o
[ 61%] Linking CXX executable bytes_zenohc
[ 64%] Linking CXX executable parity_dump_zenohc
[ 64%] Built target bytes_zenohc
[ 64%] Building CXX object tests/CMakeFiles/serialization_zenohc.dir/universal/serialization.cxx.o
[ 64%] Linking CXX executable closures_zenohc
[ 64%] Built target parity_dump_zenohc
[ 64%] Building CXX object tests/CMakeFiles/advanced_pub_sub_zenohc.dir/universal/network/advanced_pub_sub.cxx.o
[ 64%] Built target closures_zenohc
[ 64%] Building CXX object tests/CMakeFiles/cancellation_zenohc.dir/universal/network/cancellation.cxx.o
[ 64%] Linking CXX executable details_zenohc
[ 64%] Built target details_zenohc
[ 64%] Building CXX object tests/CMakeFiles/connectivity_zenohc.dir/universal/network/connectivity.cxx.o
[ 66%] Linking CXX executable advanced_pub_sub_zenohc
[ 66%] Built target advanced_pub_sub_zenohc
[ 66%] Building CXX object tests/CMakeFiles/keyexpr_zenohc.dir/universal/network/keyexpr.cxx.o
[ 69%] Linking CXX executable cancellation_zenohc
[ 69%] Built target cancellation_zenohc
[ 71%] Building CXX object tests/CMakeFiles/liveliness_zenohc.dir/universal/network/liveliness.cxx.o
[ 74%] Linking CXX executable serialization_zenohc
[ 76%] Linking CXX executable connectivity_zenohc
[ 76%] Built target serialization_zenohc
[ 76%] Built target connectivity_zenohc
[ 76%] Building CXX object tests/CMakeFiles/pub_sub_zenohc.dir/universal/network/pub_sub.cxx.o
[ 79%] Building CXX object tests/CMakeFiles/queryable_get_zenohc.dir/universal/network/queryable_get.cxx.o
[ 82%] Linking CXX executable keyexpr_zenohc
[ 82%] Built target keyexpr_zenohc
[ 84%] Building CXX object tests/CMakeFiles/source_info_zenohc.dir/universal/network/source_info.cxx.o
[ 84%] Linking CXX executable liveliness_zenohc
[ 84%] Built target liveliness_zenohc
[ 87%] Building CXX object tests/CMakeFiles/config_zenohc.dir/zenohc/config.cxx.o
In file included from /work/repo/include/zenoh/api/channels.hxx:23,
                 from /work/repo/include/zenoh/api.hxx:17,
                 from /work/repo/include/zenoh.hxx:19,
                 from /work/repo/tests/universal/network/source_info.cxx:18:
/work/repo/include/zenoh/api/query.hxx: In constructor ‘constexpr zenoh::Query::ReplyOptions::ReplyOptions()’:
/work/repo/include/zenoh/api/query.hxx:123:12: warning: ‘zenoh::Query::ReplyOptions::priority’ is deprecated: priority is no longer supported in ReplyOptions [-Wdeprecated-declarations]
  123 |     struct ReplyOptions {
      |            ^~~~~~~~~~~~
/work/repo/include/zenoh/api/query.hxx:130:18: note: declared here
  130 |         Priority priority = Z_PRIORITY_DEFAULT;
      |                  ^~~~~~~~
/work/repo/include/zenoh/api/query.hxx:123:12: warning: ‘zenoh::Query::ReplyOptions::priority’ is deprecated: priority is no longer supported in ReplyOptions [-Wdeprecated-declarations]
  123 |     struct ReplyOptions {
      |            ^~~~~~~~~~~~
/work/repo/include/zenoh/api/query.hxx:130:18: note: declared here
  130 |         Priority priority = Z_PRIORITY_DEFAULT;
      |                  ^~~~~~~~
/work/repo/include/zenoh/api/query.hxx:123:12: warning: ‘zenoh::Query::ReplyOptions::congestion_control’ is deprecated: congestion_control is no longer supported in ReplyOptions [-Wdeprecated-declarations]
  123 |     struct ReplyOptions {
      |            ^~~~~~~~~~~~
/work/repo/include/zenoh/api/query.hxx:133:27: note: declared here
  133 |         CongestionControl congestion_control = Z_CONGESTION_CONTROL_BLOCK;
      |                           ^~~~~~~~~~~~~~~~~~
/work/repo/include/zenoh/api/query.hxx:123:12: warning: ‘zenoh::Query::ReplyOptions::congestion_control’ is deprecated: congestion_control is no longer supported in ReplyOptions [-Wdeprecated-declarations]
  123 |     struct ReplyOptions {
      |            ^~~~~~~~~~~~
/work/repo/include/zenoh/api/query.hxx:133:27: note: declared here
  133 |         CongestionControl congestion_control = Z_CONGESTION_CONTROL_BLOCK;
      |                           ^~~~~~~~~~~~~~~~~~
/work/repo/tests/universal/network/source_info.cxx: In function ‘void query_reply()’:
/work/repo/tests/universal/network/source_info.cxx:143:29: note: synthesized method ‘constexpr zenoh::Query::ReplyOptions::ReplyOptions()’ first required here
  143 |         Query::ReplyOptions opts2;
      |                             ^~~~~
[ 89%] Linking CXX executable pub_sub_zenohc
[ 89%] Linking CXX executable queryable_get_zenohc
[ 89%] Built target pub_sub_zenohc
[ 89%] Built target queryable_get_zenohc
[ 92%] Building CXX object tests/CMakeFiles/shm_api_zenohc.dir/zenohc/shm_api.cxx.o
[ 92%] Building CXX object tests/CMakeFiles/warnings_zenohc.dir/build/warnings.cxx.o
[ 92%] Linking CXX executable source_info_zenohc
[ 94%] Linking CXX executable config_zenohc
[ 94%] Built target source_info_zenohc
[ 94%] Built target config_zenohc
[ 94%] Building CXX object tests/CMakeFiles/interop_optional_zenohc.dir/verifier/interop_optional.cxx.o
[ 94%] Built target tests_zenohpico
[ 97%] Linking CXX executable warnings_zenohc
[ 97%] Built target warnings_zenohc
[ 97%] Linking CXX executable shm_api_zenohc
[ 97%] Built target shm_api_zenohc
[100%] Linking CXX executable interop_optional_zenohc
[100%] Built target interop_optional_zenohc
[100%] Built target tests_zenohc
[100%] Built target tests
