UpdateCTestConfiguration  from :/work/repo/build/DartConfiguration.tcl
UpdateCTestConfiguration  from :/work/repo/build/DartConfiguration.tcl
Test project /work/repo/build
Constructing a list of tests
Done constructing a list of tests
Updating test list for fixtures
Added 0 tests to meet fixture requirements
Checking test dependency graph...
Checking test dependency graph end
test 10
    Start 10: test_advanced_pub_sub_zenohpico

10: Test command: /usr/bin/bash "/work/repo/build/tests/run_with_router.sh" "/work/repo/build/tests/advanced_pub_sub_zenohpico" "main"
10: Working Directory: /work/repo/build/tests
10: Test timeout computed to be: 300
10: ------------------ Running test /work/repo/build/tests/advanced_pub_sub_zenohpico (router tcp/127.0.0.1:27447) -------------------
1/1 Test #10: test_advanced_pub_sub_zenohpico ...   Passed   23.37 sec

The following tests passed:
	test_advanced_pub_sub_zenohpico

100% tests passed, 0 tests failed out of 1

Total Test time (real) =  23.37 sec
