Test project /work/repo/build
  Test  #1: test_bytes_zenohc
  Test  #2: test_bytes_zenohpico
  Test  #3: test_closures_zenohc
  Test  #4: test_closures_zenohpico
  Test  #5: test_details_zenohc
  Test  #6: test_details_zenohpico
  Test  #7: test_serialization_zenohc
  Test  #8: test_serialization_zenohpico
  Test  #9: test_advanced_pub_sub_zenohc
  Test #10: test_advanced_pub_sub_zenohpico
  Test #11: test_cancellation_zenohc
  Test #12: test_cancellation_zenohpico
  Test #13: test_connectivity_zenohc
  Test #14: test_connectivity_zenohpico
  Test #15: test_keyexpr_zenohc
  Test #16: test_keyexpr_zenohpico
  Test #17: test_liveliness_zenohc
  Test #18: test_liveliness_zenohpico
  Test #19: test_pub_sub_zenohc
  Test #20: test_pub_sub_zenohpico
  Test #21: test_queryable_get_zenohc
  Test #22: test_queryable_get_zenohpico
  Test #23: test_source_info_zenohc
  Test #24: test_source_info_zenohpico
  Test #25: test_config_zenohc
  Test #26: test_shm_api_zenohc
  Test #27: test_config_zenohpico
  Test #28: test_batching_zenohpico
  Test #29: test_tasks_zenohpico
  Test #30: test_warnings_zenohc
  Test #31: test_warnings_zenohpico
  Test #32: test_interop_optional_zenohc

Total Tests: 32
