UpdateCTestConfiguration  from :/work/repo/build/DartConfiguration.tcl
UpdateCTestConfiguration  from :/work/repo/build/DartConfiguration.tcl
Test project /work/repo/build
Constructing a list of tests
Done constructing a list of tests
Updating test list for fixtures
Added 0 tests to meet fixture requirements
Checking test dependency graph...
Checking test dependency graph end
test 1
      Start  1: test_bytes_zenohc

1: Test command: /work/repo/build/tests/bytes_zenohc
1: Working Directory: /work/repo/build/tests
1: Test timeout computed to be: 300
 1/10 Test  #1: test_bytes_zenohc .................   Passed    0.02 sec
test 2
      Start  2: test_bytes_zenohpico

2: Test command: /work/repo/build/tests/bytes_zenohpico
2: Working Directory: /work/repo/build/tests
2: Test timeout computed to be: 300
 2/10 Test  #2: test_bytes_zenohpico ..............   Passed    0.00 sec
test 3
      Start  3: test_closures_zenohc

3: Test command: /work/repo/build/tests/closures_zenohc
3: Working Directory: /work/repo/build/tests
3: Test timeout computed to be: 300
 3/10 Test  #3: test_closures_zenohc ..............   Passed    0.00 sec
test 4
      Start  4: test_closures_zenohpico

4: Test command: /work/repo/build/tests/closures_zenohpico
4: Working Directory: /work/repo/build/tests
4: Test timeout computed to be: 300
 4/10 Test  #4: test_closures_zenohpico ...........   Passed    0.00 sec
test 5
      Start  5: test_details_zenohc

5: Test command: /work/repo/build/tests/details_zenohc
5: Working Directory: /work/repo/build/tests
5: Test timeout computed to be: 300
 5/10 Test  #5: test_details_zenohc ...............   Passed    0.00 sec
test 6
      Start  6: test_details_zenohpico

6: Test command: /work/repo/build/tests/details_zenohpico
6: Working Directory: /work/repo/build/tests
6: Test timeout computed to be: 300
 6/10 Test  #6: test_details_zenohpico ............   Passed    0.00 sec
test 7
      Start  7: test_serialization_zenohc

7: Test command: /work/repo/build/tests/serialization_zenohc
7: Working Directory: /work/repo/build/tests
7: Test timeout computed to be: 300
 7/10 Test  #7: test_serialization_zenohc .........   Passed    0.01 sec
test 8
      Start  8: test_serialization_zenohpico

8: Test command: /work/repo/build/tests/serialization_zenohpico
8: Working Directory: /work/repo/build/tests
8: Test timeout computed to be: 300
 8/10 Test  #8: test_serialization_zenohpico ......   Passed    0.00 sec
test 9
      Start  9: test_advanced_pub_sub_zenohc

9: Test command: /work/repo/build/tests/advanced_pub_sub_zenohc
9: Working Directory: /work/repo/build/tests
9: Test timeout computed to be: 300
 9/10 Test  #9: test_advanced_pub_sub_zenohc ......   Passed   16.19 sec
test 10
      Start 10: test_advanced_pub_sub_zenohpico

10: Test command: /usr/bin/bash "/work/repo/build/tests/run_with_router.sh" "/work/repo/build/tests/advanced_pub_sub_zenohpico" "main"
10: Working Directory: /work/repo/build/tests
10: Test timeout computed to be: 300
10: ------------------ Running test /work/repo/build/tests/advanced_pub_sub_zenohpico (router tcp/127.0.0.1:27447) -------------------
10/10 Test #10: test_advanced_pub_sub_zenohpico ...   Passed   23.47 sec

100% tests passed, 0 tests failed out of 10

Total Test time (real) =  39.70 sec
