FAIL required_undeclared_forbidden mode=0 repeat=0 expected=0 observed=1
FAIL required_undeclared_forbidden mode=0 repeat=1 expected=0 observed=1
FAIL required_undeclared_forbidden mode=1 repeat=0 expected=0 observed=1
FAIL required_undeclared_forbidden mode=1 repeat=1 expected=0 observed=1
FAIL required_undeclared_forbidden mode=2 repeat=0 expected=0 observed=1
FAIL required_undeclared_forbidden mode=2 repeat=1 expected=0 observed=1
FAIL required_extra_schema_wrong mode=0 repeat=0 expected=0 observed=1
FAIL required_extra_schema_wrong mode=0 repeat=1 expected=0 observed=1
FAIL required_extra_schema_wrong mode=1 repeat=0 expected=0 observed=1
FAIL required_extra_schema_wrong mode=1 repeat=1 expected=0 observed=1
FAIL required_extra_schema_wrong mode=2 repeat=0 expected=0 observed=1
FAIL required_extra_schema_wrong mode=2 repeat=1 expected=0 observed=1
FAIL only_required_present_forbidden mode=0 repeat=0 expected=0 observed=1
FAIL only_required_present_forbidden mode=0 repeat=1 expected=0 observed=1
FAIL only_required_present_forbidden mode=1 repeat=0 expected=0 observed=1
FAIL only_required_present_forbidden mode=1 repeat=1 expected=0 observed=1
FAIL only_required_present_forbidden mode=2 repeat=0 expected=0 observed=1
FAIL only_required_present_forbidden mode=2 repeat=1 expected=0 observed=1
FAIL dependency_source_forbidden_B mode=0 repeat=0 expected=0 observed=1
FAIL dependency_source_forbidden_B mode=0 repeat=1 expected=0 observed=1
FAIL dependency_source_forbidden_B mode=1 repeat=0 expected=0 observed=1
FAIL dependency_source_forbidden_B mode=1 repeat=1 expected=0 observed=1
FAIL dependency_source_forbidden_B mode=2 repeat=0 expected=0 observed=1
FAIL dependency_source_forbidden_B mode=2 repeat=1 expected=0 observed=1
FAIL dependency_target_forbidden mode=0 repeat=0 expected=0 observed=1
FAIL dependency_target_forbidden mode=0 repeat=1 expected=0 observed=1
FAIL dependency_target_forbidden mode=1 repeat=0 expected=0 observed=1
FAIL dependency_target_forbidden mode=1 repeat=1 expected=0 observed=1
FAIL dependency_target_forbidden mode=2 repeat=0 expected=0 observed=1
FAIL dependency_target_forbidden mode=2 repeat=1 expected=0 observed=1
FAIL dependency_extra_schema_type mode=0 repeat=0 expected=0 observed=1
FAIL dependency_extra_schema_type mode=0 repeat=1 expected=0 observed=1
FAIL dependency_extra_schema_type mode=1 repeat=0 expected=0 observed=1
FAIL dependency_extra_schema_type mode=1 repeat=1 expected=0 observed=1
FAIL dependency_extra_schema_type mode=2 repeat=0 expected=0 observed=1
FAIL dependency_extra_schema_type mode=2 repeat=1 expected=0 observed=1
FAIL schema_dependency_source_forbidden mode=0 repeat=0 expected=0 observed=1
FAIL schema_dependency_source_forbidden mode=0 repeat=1 expected=0 observed=1
FAIL schema_dependency_source_forbidden mode=1 repeat=0 expected=0 observed=1
FAIL schema_dependency_source_forbidden mode=1 repeat=1 expected=0 observed=1
FAIL schema_dependency_source_forbidden mode=2 repeat=0 expected=0 observed=1
FAIL schema_dependency_source_forbidden mode=2 repeat=1 expected=0 observed=1
FAIL nested_required_extra mode=0 repeat=0 expected=0 observed=1
FAIL nested_required_extra mode=0 repeat=1 expected=0 observed=1
FAIL nested_required_extra mode=1 repeat=0 expected=0 observed=1
FAIL nested_required_extra mode=1 repeat=1 expected=0 observed=1
FAIL nested_required_extra mode=2 repeat=0 expected=0 observed=1
FAIL nested_required_extra mode=2 repeat=1 expected=0 observed=1
FAIL nested_parent_names_do_not_declare mode=0 repeat=0 expected=0 observed=1
FAIL nested_parent_names_do_not_declare mode=0 repeat=1 expected=0 observed=1
FAIL nested_parent_names_do_not_declare mode=1 repeat=0 expected=0 observed=1
FAIL nested_parent_names_do_not_declare mode=1 repeat=1 expected=0 observed=1
FAIL nested_parent_names_do_not_declare mode=2 repeat=0 expected=0 observed=1
FAIL nested_parent_names_do_not_declare mode=2 repeat=1 expected=0 observed=1
FAIL array_items_required_extra mode=0 repeat=0 expected=0 observed=1
FAIL array_items_required_extra mode=0 repeat=1 expected=0 observed=1
FAIL array_items_required_extra mode=1 repeat=0 expected=0 observed=1
FAIL array_items_required_extra mode=1 repeat=1 expected=0 observed=1
FAIL array_items_required_extra mode=2 repeat=0 expected=0 observed=1
FAIL array_items_required_extra mode=2 repeat=1 expected=0 observed=1
FAIL allof_required_extra mode=0 repeat=0 expected=0 observed=1
FAIL allof_required_extra mode=0 repeat=1 expected=0 observed=1
FAIL allof_required_extra mode=1 repeat=0 expected=0 observed=1
FAIL allof_required_extra mode=1 repeat=1 expected=0 observed=1
FAIL allof_required_extra mode=2 repeat=0 expected=0 observed=1
FAIL allof_required_extra mode=2 repeat=1 expected=0 observed=1
FAIL nullbyte_name_forbidden mode=0 repeat=0 expected=0 observed=1
FAIL nullbyte_name_forbidden mode=0 repeat=1 expected=0 observed=1
FAIL nullbyte_name_forbidden mode=1 repeat=0 expected=0 observed=1
FAIL nullbyte_name_forbidden mode=1 repeat=1 expected=0 observed=1
FAIL nullbyte_name_forbidden mode=2 repeat=0 expected=0 observed=1
FAIL nullbyte_name_forbidden mode=2 repeat=1 expected=0 observed=1
FAIL unicode_name_schema mode=0 repeat=0 expected=0 observed=1
FAIL unicode_name_schema mode=0 repeat=1 expected=0 observed=1
FAIL unicode_name_schema mode=1 repeat=0 expected=0 observed=1
FAIL unicode_name_schema mode=1 repeat=1 expected=0 observed=1
FAIL unicode_name_schema mode=2 repeat=0 expected=0 observed=1
FAIL unicode_name_schema mode=2 repeat=1 expected=0 observed=1
{"cases":38,"checks":228,"failed":78}
