
{"cases":49,"checks":309,"failed":0}


RapidJSON v1.1.0
Note: Google Test filter = SchemaValidator.Object_*
[==========] Running 13 tests from 1 test suite.
[----------] Global test environment set-up.
[----------] 13 tests from SchemaValidator
[ RUN      ] SchemaValidator.Object_Properties
[       OK ] SchemaValidator.Object_Properties (1 ms)
[ RUN      ] SchemaValidator.Object_AdditionalPropertiesBoolean
[       OK ] SchemaValidator.Object_AdditionalPropertiesBoolean (0 ms)
[ RUN      ] SchemaValidator.Object_AdditionalPropertiesObject
[       OK ] SchemaValidator.Object_AdditionalPropertiesObject (0 ms)
[ RUN      ] SchemaValidator.Object_Required
[       OK ] SchemaValidator.Object_Required (0 ms)
[ RUN      ] SchemaValidator.Object_Required_PassWithDefault
[       OK ] SchemaValidator.Object_Required_PassWithDefault (0 ms)
[ RUN      ] SchemaValidator.Object_PropertiesRange
[       OK ] SchemaValidator.Object_PropertiesRange (0 ms)
[ RUN      ] SchemaValidator.Object_PropertyDependencies
[       OK ] SchemaValidator.Object_PropertyDependencies (0 ms)
[ RUN      ] SchemaValidator.Object_SchemaDependencies
[       OK ] SchemaValidator.Object_SchemaDependencies (0 ms)
[ RUN      ] SchemaValidator.Object_PatternProperties
[       OK ] SchemaValidator.Object_PatternProperties (0 ms)
[ RUN      ] SchemaValidator.Object_PatternProperties_ErrorConflict
[       OK ] SchemaValidator.Object_PatternProperties_ErrorConflict (0 ms)
[ RUN      ] SchemaValidator.Object_Properties_PatternProperties
[       OK ] SchemaValidator.Object_Properties_PatternProperties (0 ms)
[ RUN      ] SchemaValidator.Object_PatternProperties_AdditionalPropertiesObject
[       OK ] SchemaValidator.Object_PatternProperties_AdditionalPropertiesObject (0 ms)
[ RUN      ] SchemaValidator.Object_PatternProperties_AdditionalPropertiesBoolean
[       OK ] SchemaValidator.Object_PatternProperties_AdditionalPropertiesBoolean (0 ms)
[----------] 13 tests from SchemaValidator (2 ms total)

[----------] Global test environment tear-down
[==========] 13 tests from 1 test suite ran. (2 ms total)
[  PASSED  ] 13 tests.

{"compile-independent": {"exit_code": 0, "seconds": 6.688456585994572}, "independent": {"exit_code": 0, "seconds": 0.02147374999913154, "cases": 49, "checks": 309, "failed": 0}, "compile-upstream": {"exit_code": 0, "seconds": 48.9523821890034}, "upstream": {"exit_code": 0, "seconds": 0.016816499999549706, "expected_names": ["Object_AdditionalPropertiesBoolean", "Object_AdditionalPropertiesObject", "Object_PatternProperties", "Object_PatternProperties_AdditionalPropertiesBoolean", "Object_PatternProperties_AdditionalPropertiesObject", "Object_PatternProperties_ErrorConflict", "Object_Properties", "Object_PropertiesRange", "Object_Properties_PatternProperties", "Object_PropertyDependencies", "Object_Required", "Object_Required_PassWithDefault", "Object_SchemaDependencies"], "observed_names": ["Object_AdditionalPropertiesBoolean", "Object_AdditionalPropertiesObject", "Object_PatternProperties", "Object_PatternProperties_AdditionalPropertiesBoolean", "Object_PatternProperties_AdditionalPropertiesObject", "Object_PatternProperties_ErrorConflict", "Object_Properties", "Object_PropertiesRange", "Object_Properties_PatternProperties", "Object_PropertyDependencies", "Object_Required", "Object_Required_PassWithDefault", "Object_SchemaDependencies"], "collected": 13}, "reward": 1}
