rerun-io/rerun: 295 merged in window -> 27 feature-scale candidates -> candidates_v2/mining/rerun-io__rerun.json
eclipse-zenoh/zenoh: 262 merged in window -> 26 feature-scale candidates -> candidates_v2/mining/eclipse-zenoh__zenoh.json
eclipse-zenoh/zenoh-cpp: 30 merged in window -> 2 feature-scale candidates -> candidates_v2/mining/eclipse-zenoh__zenoh-cpp.json
eclipse-zenoh/zenoh-python: 98 merged in window -> 3 feature-scale candidates -> candidates_v2/mining/eclipse-zenoh__zenoh-python.json
tracel-ai/burn: 763 merged in window -> 130 feature-scale candidates -> candidates_v2/mining/tracel-ai__burn.json
foxglove/mcap: 175 merged in window -> 17 feature-scale candidates -> candidates_v2/mining/foxglove__mcap.json
foxglove/foxglove-sdk: 555 merged in window -> 76 feature-scale candidates -> candidates_v2/mining/foxglove__foxglove-sdk.json
zarr-developers/zarr-python: 335 merged in window -> 24 feature-scale candidates -> candidates_v2/mining/zarr-developers__zarr-python.json
zarrs/zarrs: 87 merged in window -> 21 feature-scale candidates -> candidates_v2/mining/zarrs__zarrs.json
apache/arrow-rs: 1010 merged in window -> 20 feature-scale candidates -> candidates_v2/mining/apache__arrow-rs.json
apache/datafusion: 2643 merged in window -> 92 feature-scale candidates -> candidates_v2/mining/apache__datafusion.json
lance-format/lance: 1719 merged in window -> 122 feature-scale candidates -> candidates_v2/mining/lance-format__lance.json
ros2/rosbag2: 132 merged in window -> 16 feature-scale candidates -> candidates_v2/mining/ros2__rosbag2.json
ros2/rmw_zenoh: 117 merged in window -> 5 feature-scale candidates -> candidates_v2/mining/ros2__rmw_zenoh.json
onnx/onnx: 581 merged in window -> 37 feature-scale candidates -> candidates_v2/mining/onnx__onnx.json
pydata/xarray: 220 merged in window -> 6 feature-scale candidates -> candidates_v2/mining/pydata__xarray.json
cberner/redb: 319 merged in window -> 34 feature-scale candidates -> candidates_v2/mining/cberner__redb.json
fjall-rs/fjall: 19 merged in window -> 2 feature-scale candidates -> candidates_v2/mining/fjall-rs__fjall.json
apache/arrow: 934 merged in window -> 45 feature-scale candidates -> candidates_v2/mining/apache__arrow.json
duckdb/duckdb: 2987 merged in window -> 174 feature-scale candidates -> candidates_v2/mining/duckdb__duckdb.json
