
running 1 test
test reject_case ... FAIL REJECT r_offset_past_storage.pt phase=open: opened successfully; rejected only at read: 't': Validation error: Tensor with shape [4, 8] requires 40 elements from storage 'model/data/0', but only 32 are available

thread 'reject_case' (4135) panicked at crates/burn-store/tests/fixture_matrix.rs:367:13:
REJECT r_offset_past_storage.pt phase=open: opened successfully; rejected only at read: 't': Validation error: Tensor with shape [4, 8] requires 40 elements from storage 'model/data/0', but only 32 are available
stack backtrace:
   0: __rustc::rust_begin_unwind
             at /rustc/59807616e1fa2540724bfbac14d7976d7e4a3860/library/std/src/panicking.rs:689:5
   1: core::panicking::panic_fmt
             at /rustc/59807616e1fa2540724bfbac14d7976d7e4a3860/library/core/src/panicking.rs:80:14
   2: fixture_matrix::reject_case
             at ./crates/burn-store/tests/fixture_matrix.rs:367:13
   3: fixture_matrix::reject_case::{{closure}}
             at ./crates/burn-store/tests/fixture_matrix.rs:327:17
   4: core::ops::function::FnOnce::call_once
             at /rustc/59807616e1fa2540724bfbac14d7976d7e4a3860/library/core/src/ops/function.rs:250:5
   5: <fn() -> core::result::Result<(), alloc::string::String> as core::ops::function::FnOnce<()>>::call_once
             at /rustc/59807616e1fa2540724bfbac14d7976d7e4a3860/library/core/src/ops/function.rs:250:5
note: Some details are omitted, run with `RUST_BACKTRACE=full` for a verbose backtrace.
FAILED

failures:

failures:
    reject_case

test result: FAILED. 0 passed; 1 failed; 0 ignored; 0 measured; 1 filtered out; finished in 0.08s

