  1/1 Mean: 0.000 ━━━━━━━━━━━━━━━━━━━━━━━━━━━━━━━━━━━━━━━━ 0:02:16 0:00:00
adhoc • nop
┏━━━━━━━━┳━━━━━━━━━━━━┳━━━━━━━┓
┃ Trials ┃ Exceptions ┃  Mean ┃
┡━━━━━━━━╇━━━━━━━━━━━━╇━━━━━━━┩
│      1 │          0 │ 0.000 │
└────────┴────────────┴───────┘

┏━━━━━━━━┳━━━━━━━┓
┃ Reward ┃ Count ┃
┡━━━━━━━━╇━━━━━━━┩
│ 0.0    │     1 │
└────────┴───────┘

Job Info
Total runtime: 2m 17s
Results written to 
/workspaces/sheil_research/reinforcement_learning/abundant-take-home/research/bu
rn-reader-debug-fix-2026-09-13/harbor-controls-stable-001/jobs/rs-burn-store-pyt
orch-reader-v4-nop-20260914T002009Z/result.json
Inspect results by running `harbor view 
/workspaces/sheil_research/reinforcement_learning/abundant-take-home/research/bu
rn-reader-debug-fix-2026-09-13/harbor-controls-stable-001/jobs`
Share results by running `harbor upload 
/workspaces/sheil_research/reinforcement_learning/abundant-take-home/research/bu
rn-reader-debug-fix-2026-09-13/harbor-controls-stable-001/jobs/rs-burn-store-pyt
orch-reader-v4-nop-20260914T002009Z`

