  1/1 Mean: 1.000 ━━━━━━━━━━━━━━━━━━━━━━━━━━━━━━━━━━━━━━━━ 0:04:00 0:00:00
adhoc • oracle
┏━━━━━━━━┳━━━━━━━━━━━━┳━━━━━━━┓
┃ Trials ┃ Exceptions ┃  Mean ┃
┡━━━━━━━━╇━━━━━━━━━━━━╇━━━━━━━┩
│      1 │          0 │ 1.000 │
└────────┴────────────┴───────┘

┏━━━━━━━━┳━━━━━━━┓
┃ Reward ┃ Count ┃
┡━━━━━━━━╇━━━━━━━┩
│ 1.0    │     1 │
└────────┴───────┘

Job Info
Total runtime: 4m 2s
Results written to 
/workspaces/sheil_research/reinforcement_learning/abundant-take-home/research/bu
rn-reader-debug-fix-2026-09-13/harbor-controls-stable-001/jobs/rs-burn-store-pyt
orch-reader-v4-oracle-20260914T002009Z/result.json
Inspect results by running `harbor view 
/workspaces/sheil_research/reinforcement_learning/abundant-take-home/research/bu
rn-reader-debug-fix-2026-09-13/harbor-controls-stable-001/jobs`
Share results by running `harbor upload 
/workspaces/sheil_research/reinforcement_learning/abundant-take-home/research/bu
rn-reader-debug-fix-2026-09-13/harbor-controls-stable-001/jobs/rs-burn-store-pyt
orch-reader-v4-oracle-20260914T002009Z`

