{
  "plan": "research/takehome-presentation-2026-09-14/packaging/final-plan-99-001.json",
  "coverage": {
    "covered": 99,
    "required": 99,
    "ready": true,
    "missing_cells": []
  },
  "sizes": {
    "task_directories": 37,
    "retained_task_directories": 3,
    "archived_task_directories": 34,
    "raw_trials": 27,
    "files": 5580,
    "uncompressed_bytes": 748438493,
    "final_raw_trials_expected": 27,
    "compressed_bytes_estimate": null,
    "selected_data_files": 10,
    "selected_data_uncompressed_bytes": 4333197,
    "supporting_files": 10391,
    "supporting_uncompressed_bytes": 2350035695
  },
  "report": {
    "supplied": false,
    "authorship_verified": false,
    "requirement": "The supplied brief requires one report with human-written prose. This script never writes report prose."
  },
  "plan_sha256": "29051e23dfce5ecfb66bf0fa078f58abba2aa44ba6aa9e1595414f119004297a"
}
