{
  "plan": "research/takehome-presentation-2026-09-14/packaging/final-plan-99-002.json",
  "coverage": {
    "covered": 99,
    "required": 99,
    "ready": true,
    "missing_cells": []
  },
  "sizes": {
    "task_directories": 37,
    "retained_task_directories": 3,
    "archived_task_directories": 34,
    "raw_trials": 27,
    "files": 5580,
    "uncompressed_bytes": 748438493,
    "final_raw_trials_expected": 27,
    "compressed_bytes_estimate": null,
    "selected_data_files": 10,
    "selected_data_uncompressed_bytes": 4333197,
    "supporting_files": 21294,
    "supporting_uncompressed_bytes": 2743693328
  },
  "report": {
    "supplied": false,
    "authorship_verified": false,
    "requirement": "The supplied brief requires one report with human-written prose. This script never writes report prose."
  },
  "plan_sha256": "80c8e5b96630f3797261fb19a1b34898a4604edbb97bb6e5ed35197f23cee607"
}
