2026-09-14T09:22:03.146925+00:00 waiting: shared concurrency
2026-09-14T09:22:33.376095+00:00 waiting: shared concurrency
2026-09-14T09:23:03.623027+00:00 waiting: shared concurrency
2026-09-14T09:23:33.927277+00:00 waiting: shared concurrency
2026-09-14T09:24:04.509950+00:00 waiting: shared concurrency
2026-09-14T09:24:34.914911+00:00 waiting: shared concurrency
2026-09-14T09:25:05.366164+00:00 waiting: shared concurrency
2026-09-14T09:25:36.015400+00:00 waiting: shared concurrency
2026-09-14T09:26:06.645958+00:00 waiting: shared concurrency
2026-09-14T09:26:37.248604+00:00 waiting: shared concurrency
2026-09-14T09:27:07.514043+00:00 waiting: shared concurrency
2026-09-14T09:27:37.739803+00:00 waiting: shared concurrency
2026-09-14T09:28:08.110164+00:00 waiting: shared concurrency
2026-09-14T09:28:38.925174+00:00 waiting: shared concurrency
2026-09-14T09:29:09.397948+00:00 waiting: shared concurrency
2026-09-14T09:29:39.654295+00:00 waiting: memory pressure cooldown
2026-09-14T09:30:09.884192+00:00 waiting: memory pressure
2026-09-14T09:30:40.139570+00:00 waiting: memory pressure cooldown
2026-09-14T09:31:10.397180+00:00 waiting: memory pressure cooldown
{
  "admission_key": "14475:6220397",
  "artifact_sha256": {
    "cargo.stdout.log": "4558a4fd83aa98dc6db8e2bd414fa802312fa41cdef52b3558922e5e3eda8bef",
    "case.json": "be956f7b0116c557a070f51045eeba5de0b48efe2aac062e361067240b1be791",
    "effective-source-manifest.json": "f67e24896b604fa0b4fa57ef2a7d1be90b248a26151424789f4c0884475d6d74",
    "gold-source-manifest.json": "2c11a747fa81db58b300da1c495921c189ad371d202e1d0718ca0f0e46a0788e",
    "patch-apply.log": "e3b0c44298fc1c149afbf4c8996fb92427ae41e4649b934ca495991b7852b855",
    "patch-check.log": "e3b0c44298fc1c149afbf4c8996fb92427ae41e4649b934ca495991b7852b855",
    "pristine-source-manifest.json": "245365326b11c3b7159b6453d061d65a6570c4ef1b943368307107d4f5dad6df",
    "selected-source-manifest.json": "0df75bca724e7411550b82c4a3e48219bf413a1b39638c6539a206cf088abac0"
  },
  "case_exit_code": 101,
  "case_outcome": {
    "cargo_finished_at": "2026-09-14T09:32:03.038248+00:00",
    "cargo_started_at": "2026-09-14T09:31:34.231629+00:00",
    "command": [
      "cargo",
      "test",
      "--offline",
      "-p",
      "zenoh",
      "--features",
      "zenoh/test,zenoh/unstable,zenoh/internal",
      "--no-fail-fast",
      "--test",
      "timestamp_adminspace",
      "--test",
      "timestamp_adminspace_reply_stack",
      "--test",
      "timestamp_robustness",
      "--",
      "--test-threads=1",
      "--nocapture"
    ],
    "exit_code": 101,
    "finished_at": "2026-09-14T09:32:03.118127+00:00",
    "full_regrade": false,
    "kind": "focused_no_model_diagnostic",
    "source_unchanged": true,
    "started_at": "2026-09-14T09:31:34.033301+00:00",
    "tests_unchanged": true
  },
  "claim_absent": true,
  "container_absent": true,
  "container_limits": {
    "cpus": 4000000000,
    "image": "sha256:95afa96eacc4d6fe4cb2340f19492770c4f0508dca6600a6004c545921843d6f",
    "memory": 8589934592,
    "network": "none",
    "running": true,
    "swap": 8589934592
  },
  "finished_at": "2026-09-14T09:32:05.408344+00:00",
  "full_regrade": false,
  "image": "sha256:95afa96eacc4d6fe4cb2340f19492770c4f0508dca6600a6004c545921843d6f",
  "inputs_sha256": "41c2bce253cd468226bfa43703b9e1e1f860abde7c3b043d1f2fd9690bc1a612",
  "inputs_unchanged": true,
  "kind": "focused_no_model_diagnostic",
  "lifecycle": [
    {
      "at": "2026-09-14T09:22:03.053636+00:00",
      "event": "registered"
    },
    {
      "at": "2026-09-14T09:22:03.147024+00:00",
      "event": "waiting",
      "reason": "shared concurrency"
    },
    {
      "at": "2026-09-14T09:22:33.376431+00:00",
      "event": "waiting",
      "reason": "shared concurrency"
    },
    {
      "at": "2026-09-14T09:23:03.623567+00:00",
      "event": "waiting",
      "reason": "shared concurrency"
    },
    {
      "at": "2026-09-14T09:23:33.928194+00:00",
      "event": "waiting",
      "reason": "shared concurrency"
    },
    {
      "at": "2026-09-14T09:24:04.510361+00:00",
      "event": "waiting",
      "reason": "shared concurrency"
    },
    {
      "at": "2026-09-14T09:24:34.915475+00:00",
      "event": "waiting",
      "reason": "shared concurrency"
    },
    {
      "at": "2026-09-14T09:25:05.366660+00:00",
      "event": "waiting",
      "reason": "shared concurrency"
    },
    {
      "at": "2026-09-14T09:25:36.016056+00:00",
      "event": "waiting",
      "reason": "shared concurrency"
    },
    {
      "at": "2026-09-14T09:26:06.646972+00:00",
      "event": "waiting",
      "reason": "shared concurrency"
    },
    {
      "at": "2026-09-14T09:26:37.249397+00:00",
      "event": "waiting",
      "reason": "shared concurrency"
    },
    {
      "at": "2026-09-14T09:27:07.514463+00:00",
      "event": "waiting",
      "reason": "shared concurrency"
    },
    {
      "at": "2026-09-14T09:27:37.740134+00:00",
      "event": "waiting",
      "reason": "shared concurrency"
    },
    {
      "at": "2026-09-14T09:28:08.110629+00:00",
      "event": "waiting",
      "reason": "shared concurrency"
    },
    {
      "at": "2026-09-14T09:28:38.926572+00:00",
      "event": "waiting",
      "reason": "shared concurrency"
    },
    {
      "at": "2026-09-14T09:29:09.398505+00:00",
      "event": "waiting",
      "reason": "shared concurrency"
    },
    {
      "at": "2026-09-14T09:29:39.654837+00:00",
      "event": "waiting",
      "reason": "memory pressure cooldown"
    },
    {
      "at": "2026-09-14T09:30:09.884506+00:00",
      "event": "waiting",
      "reason": "memory pressure"
    },
    {
      "at": "2026-09-14T09:30:40.141838+00:00",
      "event": "waiting",
      "reason": "memory pressure cooldown"
    },
    {
      "at": "2026-09-14T09:31:10.399396+00:00",
      "event": "waiting",
      "reason": "memory pressure cooldown"
    },
    {
      "admitted_at": "2026-09-14T09:31:32.511551+00:00",
      "at": "2026-09-14T09:31:32.511618+00:00",
      "event": "claimed",
      "own_claim_count": 1,
      "shared_claim_count": 14,
      "shared_max_active": 14
    },
    {
      "at": "2026-09-14T09:31:32.759303+00:00",
      "event": "command",
      "exit_code": 0,
      "label": "image-identity",
      "log": "01-image-identity.log",
      "sha256": "aebab9f4ae1d9ea669f4d70145904be728fadd705352f5be1f3a1ec3642883f3"
    },
    {
      "at": "2026-09-14T09:31:33.239037+00:00",
      "event": "command",
      "exit_code": 0,
      "label": "create",
      "log": "02-create.log",
      "sha256": "326b808ce18ce11b97b5bb4a3136b889333fe3dbac26c0a9d03dca32cb469be6"
    },
    {
      "at": "2026-09-14T09:31:33.361112+00:00",
      "event": "command",
      "exit_code": 0,
      "label": "start",
      "log": "03-start.log",
      "sha256": "8026e6a63215fed201f18683b35b6286dc1fd7736a2fe73a0496862951566f2b"
    },
    {
      "at": "2026-09-14T09:31:33.382300+00:00",
      "event": "command",
      "exit_code": 0,
      "label": "limits",
      "log": "04-limits.log",
      "sha256": "9d9420c084af014c87ca5471931c9ef06af393d4c3cdbfa36b937785aa833258"
    },
    {
      "at": "2026-09-14T09:31:33.419802+00:00",
      "event": "command",
      "exit_code": 0,
      "label": "copy-driver",
      "log": "05-copy-driver.log",
      "sha256": "e3b0c44298fc1c149afbf4c8996fb92427ae41e4649b934ca495991b7852b855"
    },
    {
      "at": "2026-09-14T09:31:33.491506+00:00",
      "event": "command",
      "exit_code": 0,
      "label": "copy-request",
      "log": "06-copy-request.log",
      "sha256": "e3b0c44298fc1c149afbf4c8996fb92427ae41e4649b934ca495991b7852b855"
    },
    {
      "at": "2026-09-14T09:31:33.561077+00:00",
      "event": "command",
      "exit_code": 0,
      "label": "mkdir-tests",
      "log": "07-mkdir-tests.log",
      "sha256": "e3b0c44298fc1c149afbf4c8996fb92427ae41e4649b934ca495991b7852b855"
    },
    {
      "at": "2026-09-14T09:31:33.599648+00:00",
      "event": "command",
      "exit_code": 0,
      "label": "copy-timestamp_robustness",
      "log": "08-copy-timestamp_robustness.log",
      "sha256": "e3b0c44298fc1c149afbf4c8996fb92427ae41e4649b934ca495991b7852b855"
    },
    {
      "at": "2026-09-14T09:31:33.672010+00:00",
      "event": "command",
      "exit_code": 0,
      "label": "copy-timestamp_adminspace",
      "log": "09-copy-timestamp_adminspace.log",
      "sha256": "e3b0c44298fc1c149afbf4c8996fb92427ae41e4649b934ca495991b7852b855"
    },
    {
      "at": "2026-09-14T09:31:33.742207+00:00",
      "event": "command",
      "exit_code": 0,
      "label": "copy-timestamp_adminspace_reply_stack",
      "log": "10-copy-timestamp_adminspace_reply_stack.log",
      "sha256": "e3b0c44298fc1c149afbf4c8996fb92427ae41e4649b934ca495991b7852b855"
    },
    {
      "at": "2026-09-14T09:31:33.781642+00:00",
      "event": "command",
      "exit_code": 0,
      "label": "copy-patch",
      "log": "11-copy-patch.log",
      "sha256": "e3b0c44298fc1c149afbf4c8996fb92427ae41e4649b934ca495991b7852b855"
    },
    {
      "at": "2026-09-14T09:31:33.953975+00:00",
      "event": "command",
      "exit_code": 0,
      "label": "copy-saved",
      "log": "12-copy-saved.log",
      "sha256": "e3b0c44298fc1c149afbf4c8996fb92427ae41e4649b934ca495991b7852b855"
    },
    {
      "at": "2026-09-14T09:32:03.184967+00:00",
      "event": "command",
      "exit_code": 101,
      "label": "case",
      "log": "13-case.log",
      "sha256": "e3b0c44298fc1c149afbf4c8996fb92427ae41e4649b934ca495991b7852b855"
    },
    {
      "at": "2026-09-14T09:32:03.260789+00:00",
      "event": "command",
      "exit_code": 0,
      "label": "collect-output",
      "log": "14-collect-output.log",
      "sha256": "e3b0c44298fc1c149afbf4c8996fb92427ae41e4649b934ca495991b7852b855"
    },
    {
      "at": "2026-09-14T09:32:05.172572+00:00",
      "event": "command",
      "exit_code": 0,
      "label": "remove",
      "log": "15-remove.log",
      "sha256": "8026e6a63215fed201f18683b35b6286dc1fd7736a2fe73a0496862951566f2b"
    },
    {
      "at": "2026-09-14T09:32:05.210274+00:00",
      "event": "command",
      "exit_code": 0,
      "label": "absence",
      "log": "16-absence.log",
      "sha256": "e3b0c44298fc1c149afbf4c8996fb92427ae41e4649b934ca495991b7852b855"
    },
    {
      "at": "2026-09-14T09:32:05.230517+00:00",
      "event": "released",
      "own_claim_count": 0,
      "shared_claim_count": 13,
      "shared_max_active": 14
    }
  ],
  "limits": {
    "case_timeout_seconds": 3600,
    "cpus": 4,
    "local_max_active": 1,
    "memory_bytes": 8589934592,
    "network": "none",
    "shared_max_active": 14
  },
  "model_calls": 0,
  "name": "zenoh-focused-a51f11cf19e342f5",
  "reward": null,
  "started_at": "2026-09-14T09:22:03.049169+00:00",
  "status": "complete",
  "unmanaged_after": true
}
