   Compiling zenoh-protocol v1.9.0 (/workspace/build/commons/zenoh-protocol)
   Compiling zenoh v1.9.0 (/workspace/build/zenoh)
   Compiling zenoh-config v1.9.0 (/workspace/build/commons/zenoh-config)
   Compiling zenoh-codec v1.9.0 (/workspace/build/commons/zenoh-codec)
   Compiling zenoh-link-commons v1.9.0 (/workspace/build/io/zenoh-link-commons)
   Compiling zenoh-plugin-trait v1.9.0 (/workspace/build/plugins/zenoh-plugin-trait)
   Compiling zenoh-link-quic_datagram v1.9.0 (/workspace/build/io/zenoh-links/zenoh-link-quic_datagram)
   Compiling zenoh-link-tls v1.9.0 (/workspace/build/io/zenoh-links/zenoh-link-tls)
   Compiling zenoh-link-tcp v1.9.0 (/workspace/build/io/zenoh-links/zenoh-link-tcp)
   Compiling zenoh-link-udp v1.9.0 (/workspace/build/io/zenoh-links/zenoh-link-udp)
   Compiling zenoh-link-quic v1.9.0 (/workspace/build/io/zenoh-links/zenoh-link-quic)
   Compiling zenoh-link-unixsock_stream v1.9.0 (/workspace/build/io/zenoh-links/zenoh-link-unixsock_stream)
   Compiling zenoh-link-ws v1.9.0 (/workspace/build/io/zenoh-links/zenoh-link-ws)
   Compiling zenoh-link v1.9.0 (/workspace/build/io/zenoh-link)
   Compiling zenoh-transport v1.9.0 (/workspace/build/io/zenoh-transport)
   Compiling zenoh-test v1.9.0 (/workspace/build/commons/zenoh-test)
warning: function `assert_custom_record` is never used
   --> zenoh/tests/ts_interop.rs:251:4
    |
251 | fn assert_custom_record(r: &Value, point: &str, hex: &str) {
    |    ^^^^^^^^^^^^^^^^^^^^
    |
    = note: `#[warn(dead_code)]` (part of `#[warn(unused)]`) on by default

warning: `zenoh` (test "ts_interop") generated 1 warning
    Finished `test` profile [unoptimized + debuginfo] target(s) in 1m 08s
  Executable unittests src/lib.rs (target/debug/deps/zenoh-6b58e23279eb4691)
  Executable tests/adminspace.rs (target/debug/deps/adminspace-92b90aac86731471)
  Executable tests/attachments.rs (target/debug/deps/attachments-405fe9918896e09f)
  Executable tests/matching.rs (target/debug/deps/matching-8a111b4eaba41156)
  Executable tests/qos.rs (target/debug/deps/qos-b04945ea34ccca1d)
  Executable tests/queryable.rs (target/debug/deps/queryable-93aa6d64b7b6379f)
  Executable tests/routing.rs (target/debug/deps/routing-eda43f1265016c2c)
  Executable tests/session.rs (target/debug/deps/session-7aa3e77888ea414b)
  Executable tests/source_info.rs (target/debug/deps/source_info-43ba225c0dee72ed)
  Executable tests/timestamp_adminspace.rs (target/debug/deps/timestamp_adminspace-007477760342dc70)
  Executable tests/timestamp_adminspace_reply_stack.rs (target/debug/deps/timestamp_adminspace_reply_stack-604cabe6fa9ecbe3)
  Executable tests/timestamp_instrumentation.rs (target/debug/deps/timestamp_instrumentation-b36a3d9de3d006c6)
  Executable tests/timestamp_robustness.rs (target/debug/deps/timestamp_robustness-a49146caf4915cb9)
  Executable tests/ts_interop.rs (target/debug/deps/ts_interop-e8983a3df89ac43b)
  Executable tests/unicity.rs (target/debug/deps/unicity-4e640255455bd691)
  Executable unittests src/lib.rs (target/debug/deps/zenoh_codec-3e01f29e98a497b4)
  Executable tests/codec.rs (target/debug/deps/codec-76bfd8dfa56ebfc1)
