EEEEEEEEEEEEEEEEEEEEEEEEEEEEEEEEEEEEEE...........                        [100%]
==================================== ERRORS ====================================
__________ ERROR at setup of test_exports_and_persisted_configuration __________

    @pytest.fixture
    def api():
>       assert hasattr(dc, 'ReshardableFanoutCache'), 'missing managed online reshard API'
E       AssertionError: missing managed online reshard API
E       assert False
E        +  where False = hasattr(dc, 'ReshardableFanoutCache')

/tests/test_online_reshard.py:19: AssertionError
___________________ ERROR at setup of test_invalid_counts[0] ___________________

    @pytest.fixture
    def api():
>       assert hasattr(dc, 'ReshardableFanoutCache'), 'missing managed online reshard API'
E       AssertionError: missing managed online reshard API
E       assert False
E        +  where False = hasattr(dc, 'ReshardableFanoutCache')

/tests/test_online_reshard.py:19: AssertionError
__________________ ERROR at setup of test_invalid_counts[-1] ___________________

    @pytest.fixture
    def api():
>       assert hasattr(dc, 'ReshardableFanoutCache'), 'missing managed online reshard API'
E       AssertionError: missing managed online reshard API
E       assert False
E        +  where False = hasattr(dc, 'ReshardableFanoutCache')

/tests/test_online_reshard.py:19: AssertionError
_________________ ERROR at setup of test_invalid_counts[True] __________________

    @pytest.fixture
    def api():
>       assert hasattr(dc, 'ReshardableFanoutCache'), 'missing managed online reshard API'
E       AssertionError: missing managed online reshard API
E       assert False
E        +  where False = hasattr(dc, 'ReshardableFanoutCache')

/tests/test_online_reshard.py:19: AssertionError
__________________ ERROR at setup of test_invalid_counts[1.2] __________________

    @pytest.fixture
    def api():
>       assert hasattr(dc, 'ReshardableFanoutCache'), 'missing managed online reshard API'
E       AssertionError: missing managed online reshard API
E       assert False
E        +  where False = hasattr(dc, 'ReshardableFanoutCache')

/tests/test_online_reshard.py:19: AssertionError
___________________ ERROR at setup of test_invalid_counts[4] ___________________

    @pytest.fixture
    def api():
>       assert hasattr(dc, 'ReshardableFanoutCache'), 'missing managed online reshard API'
E       AssertionError: missing managed online reshard API
E       assert False
E        +  where False = hasattr(dc, 'ReshardableFanoutCache')

/tests/test_online_reshard.py:19: AssertionError
__________ ERROR at setup of test_fencing_pause_abort_and_idempotence __________

    @pytest.fixture
    def api():
>       assert hasattr(dc, 'ReshardableFanoutCache'), 'missing managed online reshard API'
E       AssertionError: missing managed online reshard API
E       assert False
E        +  where False = hasattr(dc, 'ReshardableFanoutCache')

/tests/test_online_reshard.py:19: AssertionError
______ ERROR at setup of test_online_mutations_after_baseline_was_copied _______

    @pytest.fixture
    def api():
>       assert hasattr(dc, 'ReshardableFanoutCache'), 'missing managed online reshard API'
E       AssertionError: missing managed online reshard API
E       assert False
E        +  where False = hasattr(dc, 'ReshardableFanoutCache')

/tests/test_online_reshard.py:19: AssertionError
_______ ERROR at setup of test_bulk_clear_does_not_resurrect_copied_rows _______

    @pytest.fixture
    def api():
>       assert hasattr(dc, 'ReshardableFanoutCache'), 'missing managed online reshard API'
E       AssertionError: missing managed online reshard API
E       assert False
E        +  where False = hasattr(dc, 'ReshardableFanoutCache')

/tests/test_online_reshard.py:19: AssertionError
__________ ERROR at setup of test_ttl_touch_expire_absolute_deadlines __________

    @pytest.fixture
    def api():
>       assert hasattr(dc, 'ReshardableFanoutCache'), 'missing managed online reshard API'
E       AssertionError: missing managed online reshard API
E       assert False
E        +  where False = hasattr(dc, 'ReshardableFanoutCache')

/tests/test_online_reshard.py:19: AssertionError
____ ERROR at setup of test_serialization_streams_and_large_payloads[disk] _____

    @pytest.fixture
    def api():
>       assert hasattr(dc, 'ReshardableFanoutCache'), 'missing managed online reshard API'
E       AssertionError: missing managed online reshard API
E       assert False
E        +  where False = hasattr(dc, 'ReshardableFanoutCache')

/tests/test_online_reshard.py:19: AssertionError
____ ERROR at setup of test_serialization_streams_and_large_payloads[json] _____

    @pytest.fixture
    def api():
>       assert hasattr(dc, 'ReshardableFanoutCache'), 'missing managed online reshard API'
E       AssertionError: missing managed online reshard API
E       assert False
E        +  where False = hasattr(dc, 'ReshardableFanoutCache')

/tests/test_online_reshard.py:19: AssertionError
_____ ERROR at setup of test_transaction_rollback_and_lifecycle_rejection ______

    @pytest.fixture
    def api():
>       assert hasattr(dc, 'ReshardableFanoutCache'), 'missing managed online reshard API'
E       AssertionError: missing managed online reshard API
E       assert False
E        +  where False = hasattr(dc, 'ReshardableFanoutCache')

/tests/test_online_reshard.py:19: AssertionError
_____________ ERROR at setup of test_stateful_reference_model[17] ______________

    @pytest.fixture
    def api():
>       assert hasattr(dc, 'ReshardableFanoutCache'), 'missing managed online reshard API'
E       AssertionError: missing managed online reshard API
E       assert False
E        +  where False = hasattr(dc, 'ReshardableFanoutCache')

/tests/test_online_reshard.py:19: AssertionError
_____________ ERROR at setup of test_stateful_reference_model[43] ______________

    @pytest.fixture
    def api():
>       assert hasattr(dc, 'ReshardableFanoutCache'), 'missing managed online reshard API'
E       AssertionError: missing managed online reshard API
E       assert False
E        +  where False = hasattr(dc, 'ReshardableFanoutCache')

/tests/test_online_reshard.py:19: AssertionError
_____________ ERROR at setup of test_stateful_reference_model[991] _____________

    @pytest.fixture
    def api():
>       assert hasattr(dc, 'ReshardableFanoutCache'), 'missing managed online reshard API'
E       AssertionError: missing managed online reshard API
E       assert False
E        +  where False = hasattr(dc, 'ReshardableFanoutCache')

/tests/test_online_reshard.py:19: AssertionError
_____ ERROR at setup of test_existing_clients_memoize_pickle_named_stores ______

    @pytest.fixture
    def api():
>       assert hasattr(dc, 'ReshardableFanoutCache'), 'missing managed online reshard API'
E       AssertionError: missing managed online reshard API
E       assert False
E        +  where False = hasattr(dc, 'ReshardableFanoutCache')

/tests/test_online_reshard.py:19: AssertionError
_______________ ERROR at setup of test_adoption_and_wrong_counts _______________

    @pytest.fixture
    def api():
>       assert hasattr(dc, 'ReshardableFanoutCache'), 'missing managed online reshard API'
E       AssertionError: missing managed online reshard API
E       assert False
E        +  where False = hasattr(dc, 'ReshardableFanoutCache')

/tests/test_online_reshard.py:19: AssertionError
____ ERROR at setup of test_copy_does_not_cull_due_to_new_per_shard_limits _____

    @pytest.fixture
    def api():
>       assert hasattr(dc, 'ReshardableFanoutCache'), 'missing managed online reshard API'
E       AssertionError: missing managed online reshard API
E       assert False
E        +  where False = hasattr(dc, 'ReshardableFanoutCache')

/tests/test_online_reshard.py:19: AssertionError
______ ERROR at setup of test_metadata_corruption_fails_closed[checksum] _______

    @pytest.fixture
    def api():
>       assert hasattr(dc, 'ReshardableFanoutCache'), 'missing managed online reshard API'
E       AssertionError: missing managed online reshard API
E       assert False
E        +  where False = hasattr(dc, 'ReshardableFanoutCache')

/tests/test_online_reshard.py:19: AssertionError
_______ ERROR at setup of test_metadata_corruption_fails_closed[schema] ________

    @pytest.fixture
    def api():
>       assert hasattr(dc, 'ReshardableFanoutCache'), 'missing managed online reshard API'
E       AssertionError: missing managed online reshard API
E       assert False
E        +  where False = hasattr(dc, 'ReshardableFanoutCache')

/tests/test_online_reshard.py:19: AssertionError
______ ERROR at setup of test_metadata_corruption_fails_closed[truncated] ______

    @pytest.fixture
    def api():
>       assert hasattr(dc, 'ReshardableFanoutCache'), 'missing managed online reshard API'
E       AssertionError: missing managed online reshard API
E       assert False
E        +  where False = hasattr(dc, 'ReshardableFanoutCache')

/tests/test_online_reshard.py:19: AssertionError
___________ ERROR at setup of test_missing_payload_prevents_cutover ____________

    @pytest.fixture
    def api():
>       assert hasattr(dc, 'ReshardableFanoutCache'), 'missing managed online reshard API'
E       AssertionError: missing managed online reshard API
E       assert False
E        +  where False = hasattr(dc, 'ReshardableFanoutCache')

/tests/test_online_reshard.py:19: AssertionError
_______ ERROR at setup of test_process_lease_is_nonblocking_and_released _______

    @pytest.fixture
    def api():
>       assert hasattr(dc, 'ReshardableFanoutCache'), 'missing managed online reshard API'
E       AssertionError: missing managed online reshard API
E       assert False
E        +  where False = hasattr(dc, 'ReshardableFanoutCache')

/tests/test_online_reshard.py:19: AssertionError
__ ERROR at setup of test_killed_at_atomic_metadata_publication[before-begin] __

    @pytest.fixture
    def api():
>       assert hasattr(dc, 'ReshardableFanoutCache'), 'missing managed online reshard API'
E       AssertionError: missing managed online reshard API
E       assert False
E        +  where False = hasattr(dc, 'ReshardableFanoutCache')

/tests/test_online_reshard.py:19: AssertionError
__ ERROR at setup of test_killed_at_atomic_metadata_publication[before-copy] ___

    @pytest.fixture
    def api():
>       assert hasattr(dc, 'ReshardableFanoutCache'), 'missing managed online reshard API'
E       AssertionError: missing managed online reshard API
E       assert False
E        +  where False = hasattr(dc, 'ReshardableFanoutCache')

/tests/test_online_reshard.py:19: AssertionError
_ ERROR at setup of test_killed_at_atomic_metadata_publication[before-reconcile] _

    @pytest.fixture
    def api():
>       assert hasattr(dc, 'ReshardableFanoutCache'), 'missing managed online reshard API'
E       AssertionError: missing managed online reshard API
E       assert False
E        +  where False = hasattr(dc, 'ReshardableFanoutCache')

/tests/test_online_reshard.py:19: AssertionError
_ ERROR at setup of test_killed_at_atomic_metadata_publication[before-cutover] _

    @pytest.fixture
    def api():
>       assert hasattr(dc, 'ReshardableFanoutCache'), 'missing managed online reshard API'
E       AssertionError: missing managed online reshard API
E       assert False
E        +  where False = hasattr(dc, 'ReshardableFanoutCache')

/tests/test_online_reshard.py:19: AssertionError
__ ERROR at setup of test_killed_at_atomic_metadata_publication[before-abort] __

    @pytest.fixture
    def api():
>       assert hasattr(dc, 'ReshardableFanoutCache'), 'missing managed online reshard API'
E       AssertionError: missing managed online reshard API
E       assert False
E        +  where False = hasattr(dc, 'ReshardableFanoutCache')

/tests/test_online_reshard.py:19: AssertionError
__ ERROR at setup of test_killed_at_atomic_metadata_publication[after-begin] ___

    @pytest.fixture
    def api():
>       assert hasattr(dc, 'ReshardableFanoutCache'), 'missing managed online reshard API'
E       AssertionError: missing managed online reshard API
E       assert False
E        +  where False = hasattr(dc, 'ReshardableFanoutCache')

/tests/test_online_reshard.py:19: AssertionError
___ ERROR at setup of test_killed_at_atomic_metadata_publication[after-copy] ___

    @pytest.fixture
    def api():
>       assert hasattr(dc, 'ReshardableFanoutCache'), 'missing managed online reshard API'
E       AssertionError: missing managed online reshard API
E       assert False
E        +  where False = hasattr(dc, 'ReshardableFanoutCache')

/tests/test_online_reshard.py:19: AssertionError
_ ERROR at setup of test_killed_at_atomic_metadata_publication[after-reconcile] _

    @pytest.fixture
    def api():
>       assert hasattr(dc, 'ReshardableFanoutCache'), 'missing managed online reshard API'
E       AssertionError: missing managed online reshard API
E       assert False
E        +  where False = hasattr(dc, 'ReshardableFanoutCache')

/tests/test_online_reshard.py:19: AssertionError
_ ERROR at setup of test_killed_at_atomic_metadata_publication[after-cutover] __

    @pytest.fixture
    def api():
>       assert hasattr(dc, 'ReshardableFanoutCache'), 'missing managed online reshard API'
E       AssertionError: missing managed online reshard API
E       assert False
E        +  where False = hasattr(dc, 'ReshardableFanoutCache')

/tests/test_online_reshard.py:19: AssertionError
__ ERROR at setup of test_killed_at_atomic_metadata_publication[after-abort] ___

    @pytest.fixture
    def api():
>       assert hasattr(dc, 'ReshardableFanoutCache'), 'missing managed online reshard API'
E       AssertionError: missing managed online reshard API
E       assert False
E        +  where False = hasattr(dc, 'ReshardableFanoutCache')

/tests/test_online_reshard.py:19: AssertionError
______ ERROR at setup of test_partial_file_copy_recovers_without_orphans _______

    @pytest.fixture
    def api():
>       assert hasattr(dc, 'ReshardableFanoutCache'), 'missing managed online reshard API'
E       AssertionError: missing managed online reshard API
E       assert False
E        +  where False = hasattr(dc, 'ReshardableFanoutCache')

/tests/test_online_reshard.py:19: AssertionError
________ ERROR at setup of test_culling_during_migration_is_reconciled _________

    @pytest.fixture
    def api():
>       assert hasattr(dc, 'ReshardableFanoutCache'), 'missing managed online reshard API'
E       AssertionError: missing managed online reshard API
E       assert False
E        +  where False = hasattr(dc, 'ReshardableFanoutCache')

/tests/test_online_reshard.py:19: AssertionError
_______ ERROR at setup of test_competing_process_increment_and_migration _______

    @pytest.fixture
    def api():
>       assert hasattr(dc, 'ReshardableFanoutCache'), 'missing managed online reshard API'
E       AssertionError: missing managed online reshard API
E       assert False
E        +  where False = hasattr(dc, 'ReshardableFanoutCache')

/tests/test_online_reshard.py:19: AssertionError
________ ERROR at setup of test_copy_reads_file_payloads_incrementally _________

    @pytest.fixture
    def api():
>       assert hasattr(dc, 'ReshardableFanoutCache'), 'missing managed online reshard API'
E       AssertionError: missing managed online reshard API
E       assert False
E        +  where False = hasattr(dc, 'ReshardableFanoutCache')

/tests/test_online_reshard.py:19: AssertionError
---------------- generated xml file: /logs/verifier/results.xml ----------------
=========================== short test summary info ============================
ERROR ::test_exports_and_persisted_configuration - AssertionError: missing ma...
ERROR ::test_invalid_counts[0] - AssertionError: missing managed online resha...
ERROR ::test_invalid_counts[-1] - AssertionError: missing managed online resh...
ERROR ::test_invalid_counts[True] - AssertionError: missing managed online re...
ERROR ::test_invalid_counts[1.2] - AssertionError: missing managed online res...
ERROR ::test_invalid_counts[4] - AssertionError: missing managed online resha...
ERROR ::test_fencing_pause_abort_and_idempotence - AssertionError: missing ma...
ERROR ::test_online_mutations_after_baseline_was_copied - AssertionError: mis...
ERROR ::test_bulk_clear_does_not_resurrect_copied_rows - AssertionError: miss...
ERROR ::test_ttl_touch_expire_absolute_deadlines - AssertionError: missing ma...
ERROR ::test_serialization_streams_and_large_payloads[disk] - AssertionError:...
ERROR ::test_serialization_streams_and_large_payloads[json] - AssertionError:...
ERROR ::test_transaction_rollback_and_lifecycle_rejection - AssertionError: m...
ERROR ::test_stateful_reference_model[17] - AssertionError: missing managed o...
ERROR ::test_stateful_reference_model[43] - AssertionError: missing managed o...
ERROR ::test_stateful_reference_model[991] - AssertionError: missing managed ...
ERROR ::test_existing_clients_memoize_pickle_named_stores - AssertionError: m...
ERROR ::test_adoption_and_wrong_counts - AssertionError: missing managed onli...
ERROR ::test_copy_does_not_cull_due_to_new_per_shard_limits - AssertionError:...
ERROR ::test_metadata_corruption_fails_closed[checksum] - AssertionError: mis...
ERROR ::test_metadata_corruption_fails_closed[schema] - AssertionError: missi...
ERROR ::test_metadata_corruption_fails_closed[truncated] - AssertionError: mi...
ERROR ::test_missing_payload_prevents_cutover - AssertionError: missing manag...
ERROR ::test_process_lease_is_nonblocking_and_released - AssertionError: miss...
ERROR ::test_killed_at_atomic_metadata_publication[before-begin] - AssertionE...
ERROR ::test_killed_at_atomic_metadata_publication[before-copy] - AssertionEr...
ERROR ::test_killed_at_atomic_metadata_publication[before-reconcile] - Assert...
ERROR ::test_killed_at_atomic_metadata_publication[before-cutover] - Assertio...
ERROR ::test_killed_at_atomic_metadata_publication[before-abort] - AssertionE...
ERROR ::test_killed_at_atomic_metadata_publication[after-begin] - AssertionEr...
ERROR ::test_killed_at_atomic_metadata_publication[after-copy] - AssertionErr...
ERROR ::test_killed_at_atomic_metadata_publication[after-reconcile] - Asserti...
ERROR ::test_killed_at_atomic_metadata_publication[after-cutover] - Assertion...
ERROR ::test_killed_at_atomic_metadata_publication[after-abort] - AssertionEr...
ERROR ::test_partial_file_copy_recovers_without_orphans - AssertionError: mis...
ERROR ::test_culling_during_migration_is_reconciled - AssertionError: missing...
ERROR ::test_competing_process_increment_and_migration - AssertionError: miss...
ERROR ::test_copy_reads_file_payloads_incrementally - AssertionError: missing...
11 passed, 38 errors in 1.50s
