  1/1 Mean: 1.000 ━━━━━━━━━━━━━━━━━━━━━━━━━━━━━━━━━━━━━━━━ 0:17:33 0:00:00
adhoc • oracle
┏━━━━━━━━┳━━━━━━━━━━━━┳━━━━━━━┓
┃ Trials ┃ Exceptions ┃  Mean ┃
┡━━━━━━━━╇━━━━━━━━━━━━╇━━━━━━━┩
│      1 │          0 │ 1.000 │
└────────┴────────────┴───────┘

┏━━━━━━━━┳━━━━━━━┓
┃ Reward ┃ Count ┃
┡━━━━━━━━╇━━━━━━━┩
│ 1.0    │     1 │
└────────┴───────┘

Job Info
Total runtime: 17m 34s
Results written to 
/workspaces/sheil_research/reinforcement_learning/abundant-take-home/research/ze
noh-coverage-followup-2026-09-14/harbor-oracle-confirmation-001/jobs/rs-zenoh-ti
mestamp-instrumentation-v4-validation-oracle-20260914T072331Z/result.json
Inspect results by running `harbor view 
/workspaces/sheil_research/reinforcement_learning/abundant-take-home/research/ze
noh-coverage-followup-2026-09-14/harbor-oracle-confirmation-001/jobs`
Share results by running `harbor upload 
/workspaces/sheil_research/reinforcement_learning/abundant-take-home/research/ze
noh-coverage-followup-2026-09-14/harbor-oracle-confirmation-001/jobs/rs-zenoh-ti
mestamp-instrumentation-v4-validation-oracle-20260914T072331Z`

