    Updating crates.io index
     Locking 226 packages to latest Rust 1.98.1 compatible versions
 Downloading crates ...
  Downloaded darling_macro v0.24.1
  Downloaded crunchy v0.2.4
  Downloaded equivalent v1.0.2
  Downloaded fnv v1.0.7
  Downloaded form_urlencoded v1.2.2
  Downloaded futures-macro v0.3.34
  Downloaded rayon-core v1.13.0
  Downloaded potential_utf v0.1.6
  Downloaded levenshtein_automata v0.2.1
  Downloaded rustc-hash v2.1.3
  Downloaded utf8_iter v1.0.4
  Downloaded unwrap-infallible v1.0.0
  Downloaded murmurhash32 v0.4.0
  Downloaded futures-sink v0.3.34
  Downloaded itoa v1.0.18
  Downloaded sync_wrapper v1.0.2
  Downloaded census v0.4.2
  Downloaded http-body v1.1.0
  Downloaded tokio-macros v2.7.2
  Downloaded scopeguard v1.2.0
  Downloaded ident_case v1.0.1
  Downloaded tower-service v0.3.3
  Downloaded typeid v1.0.3
  Downloaded typetag-impl v0.2.23
  Downloaded want v0.3.1
  Downloaded futures-task v0.3.34
  Downloaded try-lock v0.2.5
  Downloaded yoke-derive v0.8.2
  Downloaded atomic-waker v1.1.2
  Downloaded num-conv v0.2.2
  Downloaded strsim v0.11.1
  Downloaded stable_deref_trait v1.2.1
  Downloaded subtle v2.6.1
  Downloaded percent-encoding v2.3.2
  Downloaded powerfmt v0.2.0
  Downloaded utf8-ranges v1.0.5
  Downloaded idna_adapter v1.2.2
  Downloaded zerofrom v0.1.8
  Downloaded measure_time v0.9.0
  Downloaded cfg-if v1.0.4
  Downloaded futures-core v0.3.34
  Downloaded futures-io v0.3.34
  Downloaded downcast-rs v2.0.2
  Downloaded zerofrom-derive v0.1.7
  Downloaded untrusted v0.9.0
  Downloaded serde-tuple-vec-map v1.0.1
  Downloaded time-core v0.1.9
  Downloaded fastdivide v0.4.2
  Downloaded erased-serde v0.4.10
  Downloaded displaydoc v0.2.7
  Downloaded foldhash v0.2.0
  Downloaded either v1.18.0
  Downloaded lru v0.18.4
  Downloaded byteorder v1.5.0
  Downloaded lock_api v0.4.14
  Downloaded thiserror v2.0.20
  Downloaded async-trait v0.1.92
  Downloaded humantime v2.4.0
  Downloaded zeroize v1.9.0
  Downloaded bitpacking v0.9.3
  Downloaded slab v0.4.12
  Downloaded rand_core v0.10.1
  Downloaded synstructure v0.13.2
  Downloaded hyper-rustls v0.27.9
  Downloaded typetag v0.2.23
  Downloaded tower-layer v0.3.3
  Downloaded zerovec-derive v0.11.6
  Downloaded writeable v0.6.4
  Downloaded quote v1.0.47
  Downloaded thiserror-impl v2.0.20
  Downloaded tinystr v0.8.4
  Downloaded pin-project-lite v0.2.17
  Downloaded sketches-ddsketch v0.4.1
  Downloaded serde_urlencoded v0.7.1
  Downloaded ipnet v2.12.2
  Downloaded deranged v0.5.8
  Downloaded find-msvc-tools v0.1.12
  Downloaded inventory v0.3.24
  Downloaded crossbeam-utils v0.8.23
  Downloaded futures-channel v0.3.34
  Downloaded shlex v2.0.1
  Downloaded zmij v1.0.23
  Downloaded http-body-util v0.1.5
  Downloaded parking_lot_core v0.9.12
  Downloaded crossbeam-deque v0.8.8
  Downloaded autocfg v1.5.1
  Downloaded rustversion v1.0.23
  Downloaded rustls-pki-types v1.15.1
  Downloaded smallvec v1.16.1
  Downloaded tokio-rustls v0.26.5
  Downloaded tracing-attributes v0.1.31
  Downloaded httparse v1.10.1
  Downloaded crossbeam-epoch v0.9.21
  Downloaded yoke v0.8.3
  Downloaded litemap v0.8.3
  Downloaded ordered-float v5.5.0
  Downloaded time-macros v0.2.32
  Downloaded chacha20 v0.10.2
  Downloaded parking_lot v0.12.5
  Downloaded darling v0.24.1
  Downloaded num-traits v0.2.19
  Downloaded once_cell v1.21.4
  Downloaded log v0.4.34
  Downloaded bitflags v2.13.2
  Downloaded iana-time-zone v0.1.65
  Downloaded icu_provider v2.3.1
  Downloaded serde_core v1.0.229
  Downloaded ryu v1.0.23
  Downloaded crc32fast v1.5.2
  Downloaded oneshot v0.1.13
  Downloaded socket2 v0.6.5
  Downloaded tracing-core v0.1.36
  Downloaded proc-macro2 v1.0.107
  Downloaded htmlescape v0.3.1
  Downloaded allocator-api2 v0.2.21
  Downloaded bon v3.10.1
  Downloaded arc-swap v1.9.2
  Downloaded serde_derive v1.0.229
  Downloaded unicode-ident v1.0.24
  Downloaded base64 v0.22.1
  Downloaded bytes v1.12.1
  Downloaded getrandom v0.4.3
  Downloaded aho-corasick v1.1.5
  Downloaded prettyplease v0.3.0
  Downloaded darling_core v0.24.1
  Downloaded getrandom v0.2.17
  Downloaded base64 v0.23.1
  Downloaded uuid v1.26.1
  Downloaded bon-macros v3.10.1
  Downloaded icu_locale_core v2.3.0
  Downloaded icu_collections v2.3.0
  Downloaded icu_normalizer_data v2.3.0
  Downloaded rustls-webpki v0.103.15
  Downloaded url v2.5.8
  Downloaded minimal-lexical v0.2.1
  Downloaded cc v1.4.5
  Downloaded crossbeam-channel v0.5.17
  Downloaded memchr v2.8.3
  Downloaded zerotrie v0.2.5
  Downloaded http v1.5.0
  Downloaded icu_properties v2.3.0
  Downloaded hyper-util v0.1.20
  Downloaded indexmap v2.14.2
  Downloaded nom v7.1.3
  Downloaded mio v1.2.3
  Downloaded rand v0.10.2
  Downloaded serde v1.0.229
  Downloaded tower v0.5.3
  Downloaded idna v1.1.0
  Downloaded itertools v0.14.0
  Downloaded itertools v0.15.0
  Downloaded h2 v0.4.19
  Downloaded hashbrown v0.17.1
  Downloaded hyper v1.11.1
  Downloaded icu_properties_data v2.3.0
  Downloaded zerovec v0.11.8
  Downloaded futures-util v0.3.34
  Downloaded datasketches v0.3.0
  Downloaded chrono v0.4.45
  Downloaded tokio-util v0.7.19
  Downloaded tower-http v0.6.11
  Downloaded regex v1.13.1
  Downloaded serde_json v1.0.151
  Downloaded reqwest v0.13.5
  Downloaded icu_normalizer v2.3.0
  Downloaded rayon v1.12.0
  Downloaded libc v0.2.189
  Downloaded quick-xml v0.41.0
  Downloaded time v0.3.55
  Downloaded syn v3.0.5
  Downloaded regex-syntax v0.8.11
  Downloaded syn v2.0.119
  Downloaded rustls v0.23.44
  Downloaded tracing v0.1.44
  Downloaded regex-automata v0.4.18
  Downloaded tokio v1.53.1
  Downloaded ring v0.17.14
  Downloaded tantivy-fst v0.5.0
   Compiling proc-macro2 v1.0.107
   Compiling quote v1.0.47
   Compiling unicode-ident v1.0.24
   Compiling stable_deref_trait v1.2.1
   Compiling serde_core v1.0.229
   Compiling syn v3.0.5
   Compiling syn v2.0.119
   Compiling libc v0.2.189
   Compiling synstructure v0.13.2
   Compiling zerofrom-derive v0.1.7
   Compiling yoke-derive v0.8.2
   Compiling serde v1.0.229
   Compiling zerofrom v0.1.8
   Compiling yoke v0.8.3
   Compiling serde_derive v1.0.229
   Compiling futures-core v0.3.34
   Compiling pin-project-lite v0.2.17
   Compiling zerovec-derive v0.11.6
   Compiling zerovec v0.11.8
   Compiling displaydoc v0.2.7
   Compiling itoa v1.0.18
   Compiling smallvec v1.16.1
   Compiling futures-sink v0.3.34
   Compiling bytes v1.12.1
   Compiling slab v0.4.12
   Compiling tinystr v0.8.4
   Compiling writeable v0.6.4
   Compiling litemap v0.8.3
   Compiling zerotrie v0.2.5
   Compiling icu_locale_core v2.3.0
   Compiling potential_utf v0.1.6
   Compiling mio v1.2.3
   Compiling socket2 v0.6.5
   Compiling tokio-macros v2.7.2
   Compiling futures-macro v0.3.34
   Compiling once_cell v1.21.4
   Compiling equivalent v1.0.2
   Compiling futures-task v0.3.34
   Compiling icu_normalizer_data v2.3.0
   Compiling foldhash v0.2.0
   Compiling allocator-api2 v0.2.21
   Compiling cfg-if v1.0.4
   Compiling icu_properties_data v2.3.0
   Compiling utf8_iter v1.0.4
   Compiling hashbrown v0.17.1
   Compiling icu_collections v2.3.0
   Compiling futures-util v0.3.34
   Compiling tokio v1.53.1
   Compiling icu_provider v2.3.1
   Compiling http v1.5.0
   Compiling crossbeam-utils v0.8.23
   Compiling autocfg v1.5.1
   Compiling num-traits v0.2.19
   Compiling fnv v1.0.7
   Compiling memchr v2.8.3
   Compiling either v1.18.0
   Compiling crunchy v0.2.4
   Compiling percent-encoding v2.3.2
   Compiling icu_properties v2.3.0
   Compiling icu_normalizer v2.3.0
   Compiling http-body v1.1.0
   Compiling tracing-core v0.1.36
   Compiling tracing-attributes v0.1.31
   Compiling async-trait v0.1.92
   Compiling deranged v0.5.8
   Compiling powerfmt v0.2.0
   Compiling zmij v1.0.23
   Compiling strsim v0.11.1
   Compiling regex-syntax v0.8.11
   Compiling rand_core v0.10.1
   Compiling byteorder v1.5.0
   Compiling ident_case v1.0.1
   Compiling httparse v1.10.1
   Compiling num-conv v0.2.2
   Compiling getrandom v0.4.3
   Compiling crossbeam-epoch v0.9.21
   Compiling time-core v0.1.9
   Compiling time v0.3.55
   Compiling darling_core v0.24.1
   Compiling tracing v0.1.44
   Compiling idna_adapter v1.2.2
   Compiling form_urlencoded v1.2.2
   Compiling tokio-util v0.7.19
   Compiling indexmap v2.14.2
   Compiling ownedbytes v0.9.0 (/work/checkouts/tantivy-4abd98fa19a75671a08631190ca90d93b9dbd2df/ownedbytes)
   Compiling try-lock v0.2.5
   Compiling serde_json v1.0.151
   Compiling prettyplease v0.3.0
   Compiling tower-service v0.3.3
   Compiling atomic-waker v1.1.2
   Compiling typeid v1.0.3
   Compiling crossbeam-deque v0.8.8
   Compiling h2 v0.4.19
   Compiling want v0.3.1
   Compiling tantivy-common v0.11.0 (/work/checkouts/tantivy-4abd98fa19a75671a08631190ca90d93b9dbd2df/common)
   Compiling darling_macro v0.24.1
   Compiling bitpacking v0.9.3
   Compiling idna v1.1.0
   Compiling sync_wrapper v1.0.2
   Compiling futures-channel v0.3.34
   Compiling utf8-ranges v1.0.5
   Compiling bitflags v2.13.2
   Compiling tower-layer v0.3.3
   Compiling log v0.4.34
   Compiling rustversion v1.0.23
   Compiling rayon-core v1.13.0
   Compiling thiserror v2.0.20
   Compiling parking_lot_core v0.9.12
   Compiling erased-serde v0.4.10
   Compiling tower v0.5.3
   Compiling tantivy-fst v0.5.0
   Compiling hyper v1.11.1
   Compiling url v2.5.8
   Compiling tantivy-bitpacker v0.10.0 (/work/checkouts/tantivy-4abd98fa19a75671a08631190ca90d93b9dbd2df/bitpacker)
   Compiling darling v0.24.1
   Compiling itertools v0.14.0
   Compiling thiserror-impl v2.0.20
   Compiling crc32fast v1.5.2
   Compiling minimal-lexical v0.2.1
   Compiling scopeguard v1.2.0
   Compiling murmurhash32 v0.4.0
   Compiling base64 v0.23.1
   Compiling typetag v0.2.23
   Compiling ipnet v2.12.2
   Compiling base64 v0.22.1
   Compiling hyper-util v0.1.20
   Compiling tantivy-stacker v0.7.0 (/work/checkouts/tantivy-4abd98fa19a75671a08631190ca90d93b9dbd2df/stacker)
   Compiling lock_api v0.4.14
   Compiling nom v7.1.3
   Compiling tantivy-sstable v0.7.0 (/work/checkouts/tantivy-4abd98fa19a75671a08631190ca90d93b9dbd2df/sstable)
   Compiling bon-macros v3.10.1
   Compiling tower-http v0.6.11
   Compiling ordered-float v5.5.0
   Compiling regex-automata v0.4.18
   Compiling chacha20 v0.10.2
   Compiling http-body-util v0.1.5
   Compiling typetag-impl v0.2.23
   Compiling ryu v1.0.23
   Compiling downcast-rs v2.0.2
   Compiling iana-time-zone v0.1.65
   Compiling inventory v0.3.24
   Compiling fastdivide v0.4.2
   Compiling tantivy-columnar v0.7.0 (/work/checkouts/tantivy-4abd98fa19a75671a08631190ca90d93b9dbd2df/columnar)
   Compiling chrono v0.4.45
   Compiling serde_urlencoded v0.7.1
   Compiling reqwest v0.13.5
   Compiling regex v1.13.1
   Compiling rand v0.10.2
   Compiling bon v3.10.1
   Compiling tantivy-query-grammar v0.26.0 (/work/checkouts/tantivy-4abd98fa19a75671a08631190ca90d93b9dbd2df/query-grammar)
   Compiling parking_lot v0.12.5
   Compiling arc-swap v1.9.2
   Compiling rayon v1.12.0
   Compiling measure_time v0.9.0
   Compiling uuid v1.26.1
   Compiling crossbeam-channel v0.5.17
   Compiling itertools v0.15.0
   Compiling quick-xml v0.41.0
   Compiling aho-corasick v1.1.5
   Compiling lru v0.18.4
   Compiling sketches-ddsketch v0.4.1
   Compiling tantivy-tokenizer-api v0.7.0 (/work/checkouts/tantivy-4abd98fa19a75671a08631190ca90d93b9dbd2df/tokenizer-api)
   Compiling serde-tuple-vec-map v1.0.1
   Compiling rustc-hash v2.1.3
   Compiling census v0.4.2
   Compiling unwrap-infallible v1.0.0
   Compiling levenshtein_automata v0.2.1
   Compiling humantime v2.4.0
   Compiling datasketches v0.3.0
   Compiling oneshot v0.1.13
   Compiling htmlescape v0.3.1
   Compiling tantivy v0.27.0 (/work/checkouts/tantivy-4abd98fa19a75671a08631190ca90d93b9dbd2df)
   Compiling object_store v0.14.2 (/work/checkouts/arrow-rs-object-store-279572ea60f3a7a6e5237e066a6f4a35eee611e0)
error[E0433]: cannot find `tls` in `reqwest`
   --> /work/checkouts/arrow-rs-object-store-279572ea60f3a7a6e5237e066a6f4a35eee611e0/src/client/mod.rs:296:33
    |
296 | pub struct Certificate(reqwest::tls::Certificate);
    |                                 ^^^ could not find `tls` in `reqwest`
    |
note: found an item that was configured out
   --> /usr/local/cargo/registry/src/index.crates.io-1949cf8c6b5b557f/reqwest-0.13.5/src/lib.rs:383:13
    |
382 |     #[cfg(feature = "__tls")]
    |           ----------------- the item is gated behind the `__tls` feature
383 |     pub mod tls;
    |             ^^^

error[E0433]: cannot find `tls` in `reqwest`
   --> /work/checkouts/arrow-rs-object-store-279572ea60f3a7a6e5237e066a6f4a35eee611e0/src/client/mod.rs:316:22
    |
316 |             reqwest::tls::Certificate::from_pem(pem).map_err(map_client_error)?,
    |                      ^^^ could not find `tls` in `reqwest`
    |
note: found an item that was configured out
   --> /usr/local/cargo/registry/src/index.crates.io-1949cf8c6b5b557f/reqwest-0.13.5/src/lib.rs:383:13
    |
382 |     #[cfg(feature = "__tls")]
    |           ----------------- the item is gated behind the `__tls` feature
383 |     pub mod tls;
    |             ^^^
help: consider importing this struct through its public re-export
    |
 26 + use crate::Certificate;
    |
help: if you import `Certificate`, refer to it directly
    |
316 -             reqwest::tls::Certificate::from_pem(pem).map_err(map_client_error)?,
316 +             Certificate::from_pem(pem).map_err(map_client_error)?,
    |

error[E0433]: cannot find `tls` in `reqwest`
   --> /work/checkouts/arrow-rs-object-store-279572ea60f3a7a6e5237e066a6f4a35eee611e0/src/client/mod.rs:326:21
    |
326 |         Ok(reqwest::tls::Certificate::from_pem_bundle(pem_bundle)
    |                     ^^^ could not find `tls` in `reqwest`
    |
note: found an item that was configured out
   --> /usr/local/cargo/registry/src/index.crates.io-1949cf8c6b5b557f/reqwest-0.13.5/src/lib.rs:383:13
    |
382 |     #[cfg(feature = "__tls")]
    |           ----------------- the item is gated behind the `__tls` feature
383 |     pub mod tls;
    |             ^^^
help: consider importing this struct through its public re-export
    |
 26 + use crate::Certificate;
    |
help: if you import `Certificate`, refer to it directly
    |
326 -         Ok(reqwest::tls::Certificate::from_pem_bundle(pem_bundle)
326 +         Ok(Certificate::from_pem_bundle(pem_bundle)
    |

error[E0433]: cannot find `tls` in `reqwest`
   --> /work/checkouts/arrow-rs-object-store-279572ea60f3a7a6e5237e066a6f4a35eee611e0/src/client/mod.rs:336:22
    |
336 |             reqwest::tls::Certificate::from_der(der).map_err(map_client_error)?,
    |                      ^^^ could not find `tls` in `reqwest`
    |
note: found an item that was configured out
   --> /usr/local/cargo/registry/src/index.crates.io-1949cf8c6b5b557f/reqwest-0.13.5/src/lib.rs:383:13
    |
382 |     #[cfg(feature = "__tls")]
    |           ----------------- the item is gated behind the `__tls` feature
383 |     pub mod tls;
    |             ^^^
help: consider importing this struct through its public re-export
    |
 26 + use crate::Certificate;
    |
help: if you import `Certificate`, refer to it directly
    |
336 -             reqwest::tls::Certificate::from_der(der).map_err(map_client_error)?,
336 +             Certificate::from_der(der).map_err(map_client_error)?,
    |

error[E0433]: cannot find `tls` in `reqwest`
   --> /work/checkouts/arrow-rs-object-store-279572ea60f3a7a6e5237e066a6f4a35eee611e0/src/client/mod.rs:883:44
    |
883 |                 let certificate = reqwest::tls::Certificate::from_pem(certificate.as_bytes())
    |                                            ^^^ could not find `tls` in `reqwest`
    |
note: found an item that was configured out
   --> /usr/local/cargo/registry/src/index.crates.io-1949cf8c6b5b557f/reqwest-0.13.5/src/lib.rs:383:13
    |
382 |     #[cfg(feature = "__tls")]
    |           ----------------- the item is gated behind the `__tls` feature
383 |     pub mod tls;
    |             ^^^
help: consider importing this struct through its public re-export
    |
 26 + use crate::Certificate;
    |
help: if you import `Certificate`, refer to it directly
    |
883 -                 let certificate = reqwest::tls::Certificate::from_pem(certificate.as_bytes())
883 +                 let certificate = Certificate::from_pem(certificate.as_bytes())
    |

error[E0599]: no method named `tls_certs_merge` found for struct `ClientBuilder` in the current scope
   --> /work/checkouts/arrow-rs-object-store-279572ea60f3a7a6e5237e066a6f4a35eee611e0/src/client/mod.rs:886:35
    |
886 |                 builder = builder.tls_certs_merge(std::iter::once(certificate));
    |                                   ^^^^^^^^^^^^^^^ method not found in `ClientBuilder`

error[E0599]: no method named `tls_certs_only` found for struct `ClientBuilder` in the current scope
   --> /work/checkouts/arrow-rs-object-store-279572ea60f3a7a6e5237e066a6f4a35eee611e0/src/client/mod.rs:904:31
    |
904 |             builder = builder.tls_certs_only(certs);
    |                               ^^^^^^^^^^^^^^ method not found in `ClientBuilder`

error[E0599]: no method named `tls_certs_merge` found for struct `ClientBuilder` in the current scope
   --> /work/checkouts/arrow-rs-object-store-279572ea60f3a7a6e5237e066a6f4a35eee611e0/src/client/mod.rs:906:31
    |
906 |             builder = builder.tls_certs_merge(certs);
    |                               ^^^^^^^^^^^^^^^ method not found in `ClientBuilder`

error[E0599]: no method named `danger_accept_invalid_certs` found for struct `ClientBuilder` in the current scope
   --> /work/checkouts/arrow-rs-object-store-279572ea60f3a7a6e5237e066a6f4a35eee611e0/src/client/mod.rs:954:31
    |
954 |             builder = builder.danger_accept_invalid_certs(true)
    |                               ^^^^^^^^^^^^^^^^^^^^^^^^^^^ method not found in `ClientBuilder`

Some errors have detailed explanations: E0433, E0599.
For more information about an error, try `rustc --explain E0433`.
error: could not compile `object_store` (lib) due to 9 previous errors
warning: build failed, waiting for other jobs to finish...
