   Compiling zenoh-buffers v1.9.0 (/workspace/build/commons/zenoh-buffers)
   Compiling zenoh-util v1.9.0 (/workspace/build/commons/zenoh-util)
   Compiling zenoh v1.9.0 (/workspace/build/zenoh)
   Compiling zenoh-protocol v1.9.0 (/workspace/build/commons/zenoh-protocol)
   Compiling zenoh-sync v1.9.0 (/workspace/build/commons/zenoh-sync)
   Compiling zenoh-config v1.9.0 (/workspace/build/commons/zenoh-config)
   Compiling zenoh-codec v1.9.0 (/workspace/build/commons/zenoh-codec)
   Compiling zenoh-link-commons v1.9.0 (/workspace/build/io/zenoh-link-commons)
   Compiling zenoh-plugin-trait v1.9.0 (/workspace/build/plugins/zenoh-plugin-trait)
   Compiling zenoh-link-quic_datagram v1.9.0 (/workspace/build/io/zenoh-links/zenoh-link-quic_datagram)
   Compiling zenoh-link-ws v1.9.0 (/workspace/build/io/zenoh-links/zenoh-link-ws)
   Compiling zenoh-link-quic v1.9.0 (/workspace/build/io/zenoh-links/zenoh-link-quic)
   Compiling zenoh-link-udp v1.9.0 (/workspace/build/io/zenoh-links/zenoh-link-udp)
   Compiling zenoh-link-unixsock_stream v1.9.0 (/workspace/build/io/zenoh-links/zenoh-link-unixsock_stream)
   Compiling zenoh-link-tcp v1.9.0 (/workspace/build/io/zenoh-links/zenoh-link-tcp)
   Compiling zenoh-link-tls v1.9.0 (/workspace/build/io/zenoh-links/zenoh-link-tls)
   Compiling zenoh-link v1.9.0 (/workspace/build/io/zenoh-link)
   Compiling zenoh-transport v1.9.0 (/workspace/build/io/zenoh-transport)
   Compiling zenoh-test v1.9.0 (/workspace/build/commons/zenoh-test)
    Finished `test` profile [unoptimized + debuginfo] target(s) in 31.09s
     Running tests/timestamp_adminspace.rs (target/debug/deps/timestamp_adminspace-e6899774c6e0387c)

running 1 test
test adminspace_query_invokes_receive_timestamp_callback ... ok

test result: ok. 1 passed; 0 failed; 0 ignored; 0 measured; 0 filtered out; finished in 0.52s

     Running tests/timestamp_adminspace_reply_stack.rs (target/debug/deps/timestamp_adminspace_reply_stack-976ca89e9061d3df)

running 1 test
test adminspace_reply_preserves_received_query_stack ... ok

test result: ok. 1 passed; 0 failed; 0 ignored; 0 measured; 0 filtered out; finished in 0.52s

     Running tests/timestamp_robustness.rs (target/debug/deps/timestamp_robustness-31513019721fc29d)

running 5 tests
test decoder_accepts_valid_boundary_counts_without_changing_payload ... ok
test decoder_rejects_record_count_above_255 ... ok
test decoder_rejects_zero_configuration ... 
thread 'decoder_rejects_zero_configuration' (459) panicked at zenoh/tests/timestamp_robustness.rs:127:13:
Push: zero configuration
stack backtrace:
   0: __rustc::rust_begin_unwind
             at /rustc/8bab26f4f68e0e26f0bb7960be334d5b520ea452/library/std/src/panicking.rs:689:5
   1: core::panicking::panic_fmt
             at /rustc/8bab26f4f68e0e26f0bb7960be334d5b520ea452/library/core/src/panicking.rs:80:14
   2: timestamp_robustness::decoder_rejects_zero_configuration
             at ./tests/timestamp_robustness.rs:127:13
   3: timestamp_robustness::decoder_rejects_zero_configuration::{closure#0}
             at ./tests/timestamp_robustness.rs:124:40
   4: <timestamp_robustness::decoder_rejects_zero_configuration::{closure#0} as core::ops::function::FnOnce<()>>::call_once
             at /rustc/8bab26f4f68e0e26f0bb7960be334d5b520ea452/library/core/src/ops/function.rs:250:5
   5: <fn() -> core::result::Result<(), alloc::string::String> as core::ops::function::FnOnce<()>>::call_once
             at /rustc/8bab26f4f68e0e26f0bb7960be334d5b520ea452/library/core/src/ops/function.rs:250:5
note: Some details are omitted, run with `RUST_BACKTRACE=full` for a verbose backtrace.
FAILED
test receive_appends_at_254_and_drops_further_records_at_255 ... ok
test unknown_point_and_bad_uhlc_are_skipped_without_dropping_publication ... ok

failures:

failures:
    decoder_rejects_zero_configuration

test result: FAILED. 4 passed; 1 failed; 0 ignored; 0 measured; 0 filtered out; finished in 1.57s

error: test failed, to rerun pass `-p zenoh --test timestamp_robustness`
error: 1 target failed:
    `-p zenoh --test timestamp_robustness`
