  1/1 Mean: 0.000 ━━━━━━━━━━━━━━━━━━━━━━━━━━━━━━━━━━━━━━━━ 0:00:25 0:00:00
adhoc • nop
┏━━━━━━━━┳━━━━━━━━━━━━┳━━━━━━━┓
┃ Trials ┃ Exceptions ┃  Mean ┃
┡━━━━━━━━╇━━━━━━━━━━━━╇━━━━━━━┩
│      1 │          0 │ 0.000 │
└────────┴────────────┴───────┘

┏━━━━━━━━┳━━━━━━━┓
┃ Reward ┃ Count ┃
┡━━━━━━━━╇━━━━━━━┩
│ 0.0    │     1 │
└────────┴───────┘

Job Info
Total runtime: 25s
Results written to 
/workspaces/sheil_research/reinforcement_learning/abundant-take-home/research/di
skcache-lease-spec-fix-2026-09-13/harbor-controls-final/jobs/diskcache-online-re
shard-v2-nop-20260913T233835Z/result.json
Inspect results by running `harbor view 
/workspaces/sheil_research/reinforcement_learning/abundant-take-home/research/di
skcache-lease-spec-fix-2026-09-13/harbor-controls-final/jobs`
Share results by running `harbor upload 
/workspaces/sheil_research/reinforcement_learning/abundant-take-home/research/di
skcache-lease-spec-fix-2026-09-13/harbor-controls-final/jobs/diskcache-online-re
shard-v2-nop-20260913T233835Z`

