  1/1 Mean: 1.000 ━━━━━━━━━━━━━━━━━━━━━━━━━━━━━━━━━━━━━━━━ 0:00:32 0:00:00
adhoc • oracle
┏━━━━━━━━┳━━━━━━━━━━━━┳━━━━━━━┓
┃ Trials ┃ Exceptions ┃  Mean ┃
┡━━━━━━━━╇━━━━━━━━━━━━╇━━━━━━━┩
│      1 │          0 │ 1.000 │
└────────┴────────────┴───────┘

┏━━━━━━━━┳━━━━━━━┓
┃ Reward ┃ Count ┃
┡━━━━━━━━╇━━━━━━━┩
│ 1.0    │     1 │
└────────┴───────┘

Job Info
Total runtime: 32s
Results written to 
/workspaces/sheil_research/reinforcement_learning/abundant-take-home/research/di
skcache-lease-spec-fix-2026-09-13/harbor-controls-final/jobs/diskcache-online-re
shard-v2-oracle-20260913T233835Z/result.json
Inspect results by running `harbor view 
/workspaces/sheil_research/reinforcement_learning/abundant-take-home/research/di
skcache-lease-spec-fix-2026-09-13/harbor-controls-final/jobs`
Share results by running `harbor upload 
/workspaces/sheil_research/reinforcement_learning/abundant-take-home/research/di
skcache-lease-spec-fix-2026-09-13/harbor-controls-final/jobs/diskcache-online-re
shard-v2-oracle-20260913T233835Z`

