   Compiling burn-store v0.22.0-pre.3 (/workspace/repo/crates/burn-store)
    Finished `test` profile [unoptimized + debuginfo] target(s) in 29.86s
  Executable unittests src/lib.rs (target/debug/deps/burn_store-a93be7a4a4b93e29)
  Executable tests/apply_dtype.rs (target/debug/deps/apply_dtype-9d1acb35f89342b3)
  Executable tests/apply_unwind.rs (target/debug/deps/apply_unwind-ea67182cd33445c2)
  Executable tests/burnpack_store.rs (target/debug/deps/burnpack_store-cbc30c3764a08edc)
  Executable tests/direct_writer.rs (target/debug/deps/direct_writer-e0b84959ed5eb364)
  Executable tests/fixture_matrix.rs (target/debug/deps/fixture_matrix-fb2f5ead2dbe33a7)
  Executable tests/safetensors_atomic_save.rs (target/debug/deps/safetensors_atomic_save-7702dff1f3668d97)
   Compiling fastrand v2.5.0
   Compiling rustix v1.1.4
   Compiling futures-lite v2.6.1
   Compiling cubecl-environment v0.11.0-pre.3 (https://github.com/tracel-ai/cubecl?rev=2f81491f82b4c492b9d8ede5afe4557ef928e64f#2f81491f)
   Compiling xattr v1.6.1
   Compiling cubecl-common v0.11.0-pre.3 (https://github.com/tracel-ai/cubecl?rev=2f81491f82b4c492b9d8ede5afe4557ef928e64f#2f81491f)
   Compiling tar v0.4.46
   Compiling cubecl-ir v0.11.0-pre.3 (https://github.com/tracel-ai/cubecl?rev=2f81491f82b4c492b9d8ede5afe4557ef928e64f#2f81491f)
   Compiling burn-std v0.22.0-pre.3 (/workspace/repo/crates/burn-std)
   Compiling burn-pack v0.22.0-pre.3 (/workspace/repo/crates/burn-pack)
   Compiling cubecl-runtime v0.11.0-pre.3 (https://github.com/tracel-ai/cubecl?rev=2f81491f82b4c492b9d8ede5afe4557ef928e64f#2f81491f)
   Compiling cubecl-core v0.11.0-pre.3 (https://github.com/tracel-ai/cubecl?rev=2f81491f82b4c492b9d8ede5afe4557ef928e64f#2f81491f)
   Compiling cubecl-std v0.11.0-pre.3 (https://github.com/tracel-ai/cubecl?rev=2f81491f82b4c492b9d8ede5afe4557ef928e64f#2f81491f)
   Compiling cubecl v0.11.0-pre.3 (https://github.com/tracel-ai/cubecl?rev=2f81491f82b4c492b9d8ede5afe4557ef928e64f#2f81491f)
   Compiling burn-backend v0.22.0-pre.3 (/workspace/repo/crates/burn-backend)
   Compiling burn-ir v0.22.0-pre.3 (/workspace/repo/crates/burn-ir)
   Compiling burn-autodiff v0.22.0-pre.3 (/workspace/repo/crates/burn-autodiff)
   Compiling burn-flex v0.22.0-pre.3 (/workspace/repo/crates/burn-flex)
   Compiling burn-dispatch v0.22.0-pre.3 (/workspace/repo/crates/burn-dispatch)
   Compiling burn-tensor v0.22.0-pre.3 (/workspace/repo/crates/burn-tensor)
   Compiling burn-core v0.22.0-pre.3 (/workspace/repo/crates/burn-core)
   Compiling burn-linalg v0.22.0-pre.3 (/workspace/repo/crates/burn-linalg)
   Compiling burn-optim v0.22.0-pre.3 (/workspace/repo/crates/burn-optim)
   Compiling burn-rl v0.22.0-pre.3 (/workspace/repo/crates/burn-rl)
   Compiling burn-nn v0.22.0-pre.3 (/workspace/repo/crates/burn-nn)
   Compiling burn-store v0.22.0-pre.3 (/workspace/repo/crates/burn-store)
   Compiling burn v0.22.0-pre.3 (/workspace/repo/crates/burn)
   Compiling pytorch-tests v0.22.0-pre.3 (/workspace/repo/crates/burn-store/pytorch-tests)
    Finished `test` profile [unoptimized + debuginfo] target(s) in 1m 21s
  Executable unittests src/lib.rs (target/debug/deps/pytorch_tests-38258438482b2661)
  Executable tests/test_mod.rs (target/debug/deps/test_mod-657db831c5880322)
