  1/1 Mean: 0.000 ━━━━━━━━━━━━━━━━━━━━━━━━━━━━━━━━━━━━━━━━ 0:20:47 0:00:00
adhoc • nop
┏━━━━━━━━┳━━━━━━━━━━━━┳━━━━━━━┓
┃ Trials ┃ Exceptions ┃  Mean ┃
┡━━━━━━━━╇━━━━━━━━━━━━╇━━━━━━━┩
│      1 │          0 │ 0.000 │
└────────┴────────────┴───────┘

┏━━━━━━━━┳━━━━━━━┓
┃ Reward ┃ Count ┃
┡━━━━━━━━╇━━━━━━━┩
│ 0.0    │     1 │
└────────┴───────┘

Job Info
Total runtime: 20m 47s
Results written to 
/workspaces/sheil_research/reinforcement_learning/abundant-take-home/research/ze
noh-coverage-followup-2026-09-14/harbor-controls-final/jobs/rs-zenoh-timestamp-i
nstrumentation-v4-validation-nop-20260914T063033Z/result.json
Inspect results by running `harbor view 
/workspaces/sheil_research/reinforcement_learning/abundant-take-home/research/ze
noh-coverage-followup-2026-09-14/harbor-controls-final/jobs`
Share results by running `harbor upload 
/workspaces/sheil_research/reinforcement_learning/abundant-take-home/research/ze
noh-coverage-followup-2026-09-14/harbor-controls-final/jobs/rs-zenoh-timestamp-i
nstrumentation-v4-validation-nop-20260914T063033Z`

