    Finished `test` profile [unoptimized + debuginfo] target(s) in 0.55s
     Running tests/routing.rs (target/debug/deps/routing-eda43f1265016c2c)

running 1 test
test scouting_delay_regression ... FAILED

failures:

---- scouting_delay_regression stdout ----

thread 'scouting_delay_regression' (351) panicked at zenoh/tests/routing.rs:1569:5:
zenoh.open() took 502.682ms, expected <400ms
stack backtrace:
   0: __rustc::rust_begin_unwind
             at /rustc/8bab26f4f68e0e26f0bb7960be334d5b520ea452/library/std/src/panicking.rs:689:5
   1: core::panicking::panic_fmt
             at /rustc/8bab26f4f68e0e26f0bb7960be334d5b520ea452/library/core/src/panicking.rs:80:14
   2: {async_block#0}
             at ./tests/routing.rs:1569:5
   3: poll<&mut dyn core::future::future::Future<Output=core::result::Result<(), alloc::boxed::Box<(dyn core::error::Error + core::marker::Send + core::marker::Sync), alloc::alloc::Global>>>>
             at /rustc/8bab26f4f68e0e26f0bb7960be334d5b520ea452/library/core/src/future/future.rs:133:9
   4: {closure#0}<core::pin::Pin<&mut dyn core::future::future::Future<Output=core::result::Result<(), alloc::boxed::Box<(dyn core::error::Error + core::marker::Send + core::marker::Sync), alloc::alloc::Global>>>>>
             at /usr/local/cargo/registry/src/index.crates.io-1949cf8c6b5b557f/tokio-1.53.1/src/runtime/park.rs:284:71
   5: with_budget<core::task::poll::Poll<core::result::Result<(), alloc::boxed::Box<(dyn core::error::Error + core::marker::Send + core::marker::Sync), alloc::alloc::Global>>>, tokio::runtime::park::{impl#4}::block_on::{closure_env#0}<core::pin::Pin<&mut dyn core::future::future::Future<Output=core::result::Result<(), alloc::boxed::Box<(dyn core::error::Error + core::marker::Send + core::marker::Sync), alloc::alloc::Global>>>>>>
             at /usr/local/cargo/registry/src/index.crates.io-1949cf8c6b5b557f/tokio-1.53.1/src/task/coop/mod.rs:167:5
   6: budget<core::task::poll::Poll<core::result::Result<(), alloc::boxed::Box<(dyn core::error::Error + core::marker::Send + core::marker::Sync), alloc::alloc::Global>>>, tokio::runtime::park::{impl#4}::block_on::{closure_env#0}<core::pin::Pin<&mut dyn core::future::future::Future<Output=core::result::Result<(), alloc::boxed::Box<(dyn core::error::Error + core::marker::Send + core::marker::Sync), alloc::alloc::Global>>>>>>
             at /usr/local/cargo/registry/src/index.crates.io-1949cf8c6b5b557f/tokio-1.53.1/src/task/coop/mod.rs:133:5
   7: block_on<core::pin::Pin<&mut dyn core::future::future::Future<Output=core::result::Result<(), alloc::boxed::Box<(dyn core::error::Error + core::marker::Send + core::marker::Sync), alloc::alloc::Global>>>>>
             at /usr/local/cargo/registry/src/index.crates.io-1949cf8c6b5b557f/tokio-1.53.1/src/runtime/park.rs:284:31
   8: <tokio::runtime::context::blocking::BlockingRegionGuard>::block_on::<core::pin::Pin<&mut dyn core::future::future::Future<Output = core::result::Result<(), alloc::boxed::Box<dyn core::error::Error + core::marker::Send + core::marker::Sync>>>>>
             at /usr/local/cargo/registry/src/index.crates.io-1949cf8c6b5b557f/tokio-1.53.1/src/runtime/context/blocking.rs:66:14
   9: <tokio::runtime::scheduler::multi_thread::MultiThread>::block_on::<core::pin::Pin<&mut dyn core::future::future::Future<Output = core::result::Result<(), alloc::boxed::Box<dyn core::error::Error + core::marker::Send + core::marker::Sync>>>>>::{closure#0}
             at /usr/local/cargo/registry/src/index.crates.io-1949cf8c6b5b557f/tokio-1.53.1/src/runtime/scheduler/multi_thread/mod.rs:92:22
  10: tokio::runtime::context::runtime::enter_runtime::<<tokio::runtime::scheduler::multi_thread::MultiThread>::block_on<core::pin::Pin<&mut dyn core::future::future::Future<Output = core::result::Result<(), alloc::boxed::Box<dyn core::error::Error + core::marker::Send + core::marker::Sync>>>>>::{closure#0}, core::result::Result<(), alloc::boxed::Box<dyn core::error::Error + core::marker::Send + core::marker::Sync>>>
             at /usr/local/cargo/registry/src/index.crates.io-1949cf8c6b5b557f/tokio-1.53.1/src/runtime/context/runtime.rs:65:16
  11: <tokio::runtime::scheduler::multi_thread::MultiThread>::block_on::<core::pin::Pin<&mut dyn core::future::future::Future<Output = core::result::Result<(), alloc::boxed::Box<dyn core::error::Error + core::marker::Send + core::marker::Sync>>>>>
             at /usr/local/cargo/registry/src/index.crates.io-1949cf8c6b5b557f/tokio-1.53.1/src/runtime/scheduler/multi_thread/mod.rs:91:9
  12: <tokio::runtime::runtime::Runtime>::block_on_inner::<core::pin::Pin<&mut dyn core::future::future::Future<Output = core::result::Result<(), alloc::boxed::Box<dyn core::error::Error + core::marker::Send + core::marker::Sync>>>>>
             at /usr/local/cargo/registry/src/index.crates.io-1949cf8c6b5b557f/tokio-1.53.1/src/runtime/runtime.rs:376:50
  13: block_on<core::pin::Pin<&mut dyn core::future::future::Future<Output=core::result::Result<(), alloc::boxed::Box<(dyn core::error::Error + core::marker::Send + core::marker::Sync), alloc::alloc::Global>>>>>
             at /usr/local/cargo/registry/src/index.crates.io-1949cf8c6b5b557f/tokio-1.53.1/src/runtime/runtime.rs:343:18
  14: scouting_delay_regression
             at ./tests/routing.rs:1579:15
  15: routing::scouting_delay_regression::{closure#0}
             at ./tests/routing.rs:1519:41
  16: <routing::scouting_delay_regression::{closure#0} as core::ops::function::FnOnce<()>>::call_once
             at /rustc/8bab26f4f68e0e26f0bb7960be334d5b520ea452/library/core/src/ops/function.rs:250:5
  17: <fn() -> core::result::Result<(), alloc::string::String> as core::ops::function::FnOnce<()>>::call_once
             at /rustc/8bab26f4f68e0e26f0bb7960be334d5b520ea452/library/core/src/ops/function.rs:250:5
note: Some details are omitted, run with `RUST_BACKTRACE=full` for a verbose backtrace.


failures:
    scouting_delay_regression

test result: FAILED. 0 passed; 1 failed; 0 ignored; 0 measured; 9 filtered out; finished in 3.16s

error: test failed, to rerun pass `-p zenoh --test routing`
