{
  "check_only": true,
  "passed": true,
  "model_calls": 0,
  "docker_calls": 0,
  "task": {
    "path": "research/zenoh-coverage-followup-2026-09-14/rs-zenoh-timestamp-instrumentation-v4-validation",
    "harbor_task_checksum": "67f1fdca75fd66f4cbdd6e4729a582c9fbbdac428a0299eefc74104dffa59fab",
    "task_manifest_sha256": "b31cdea49802b2b2c24da18ae1b032671f9fbc8f406764534352d425ef160e3c",
    "task_file_sha256": {
      "STATUS.md": "e395a23f37c22cf5b225438cb237abc34bb71f63d6149442334c25632a5b3a6b",
      "environment/Dockerfile": "46a66c0f688df2c0ece0eea5736759ee2b80be83697b0f360a750d10ea14e1aa",
      "environment/upstream.tar.gz": "3e4d52aa66d566a42426b8177c01eaab827421a9485f83d8f12493cb88073a2e",
      "instruction.md": "31ea9c624ba8ab89828aaa90c7e4a63efa945c65ad5fe64e6e6ccb26668fb85b",
      "provenance.json": "c632c04a5d82175afaf461ee86cb42c6c4f17186940e14eb5015f1c54720b8ca",
      "solution/admin-reply-stack.patch": "697f7c9f47b52542c94c7857143eb7e423adb65d4a060fb6540cee4c35ca0495",
      "solution/changes.patch": "6e7b6e78d8c194ed9ece8a87a715878e1fb466e8823eb9f0a723e2280e49af0d",
      "solution/solve.sh": "7b8fb8585979e229360e27b069985a5effb729fcc980928eaa24f3bb850f4c5f",
      "task.toml": "cabf63e79fb10644d52eec42a0678f6d15c25f7a030f67f8c82e88d1985c5cc2",
      "tests/Dockerfile": "799185b373a0ae7713a482055deae78f3a21239f0e29253b1ba0a67a2165e159",
      "tests/hidden/zenoh/tests/timestamp_adminspace.rs": "28de8d59c611cb3a7f1a665cdfe6f6569a35ead6fe95f388060cd131af7d1743",
      "tests/hidden/zenoh/tests/timestamp_adminspace_reply_stack.rs": "3d70c2e5f45169a43d709862063c2b5aedb9e467eb49659b04089aad363831a9",
      "tests/hidden/zenoh/tests/timestamp_instrumentation.rs": "7b9c3ab79081e74fb44f7928badc84fdf02abca893019fc8987338b432cc0487",
      "tests/hidden/zenoh/tests/timestamp_robustness.rs": "3bea1e646e23cf5135461abc1105837cce15713f9c3aab0f293bc05673a69ede",
      "tests/hidden/zenoh/tests/ts_interop.rs": "b90fe6c36b798cf9c08b9b801e6cb5b4655cd9a88309896b5e45ea3928023b6b",
      "tests/hidden/zenoh-ext/tests/ts_advanced.rs": "65f514d9ce7869db4bd24264c334f202e950ab48b719910d24fd785836a3dd61",
      "tests/image-source/gold.patch": "0b54739d6bd3a421a10fdbccaedcc22e560143048c5e673a17f05aa7308da7d9",
      "tests/image-source/patch_zenoh_python.py": "19ef60debd34f93b3e1c60c20f7347b0dee5309ebfd2441073675aa5f6a6a016",
      "tests/image-source/upstream.tar.gz": "3e4d52aa66d566a42426b8177c01eaab827421a9485f83d8f12493cb88073a2e",
      "tests/py_peer.py": "d7d2e193d7dab090ef491e63e5b5833f1b799c42f18da1f15895971905996ce5",
      "tests/score.py": "748f4c97a9b13c6c9f97aa31e24e024eae4462306cb5e279ba980f3c06ffa4eb",
      "tests/test.sh": "b5dd8a5d276ea021419643c8593c209582c449c1bc3c72fdc7f053c7d109fec9",
      "tests/ts_peer/Cargo.toml": "47b2a0b20f01a2e1df672a8886dd5084974a0c3c3cf39e906d7b24f49534c114",
      "tests/ts_peer/src/main.rs": "8bf34134041e0f9618f8713d00ea0023fd1a9459f607fd07dfd4863f46c7a6b0"
    }
  },
  "original_trials": [
    "jobs/candidates-zenoh-v3-efforts-20-20260913T221317Z/rs-zenoh-timestamp-instrumentati__D3tzpaW",
    "jobs/candidates-zenoh-v3-efforts-20-20260913T221317Z/rs-zenoh-timestamp-instrumentati__QYtUfZA",
    "jobs/candidates-zenoh-v3-efforts-20-20260913T221317Z/rs-zenoh-timestamp-instrumentati__XsLhxGQ",
    "jobs/candidates-zenoh-v3-efforts-20-20260913T221317Z/rs-zenoh-timestamp-instrumentati__32sQasx",
    "jobs/candidates-zenoh-v3-efforts-20-20260913T221317Z/rs-zenoh-timestamp-instrumentati__YDTpWKS",
    "jobs/candidates-zenoh-v3-efforts-20-20260913T221317Z/rs-zenoh-timestamp-instrumentati__X54KUJt",
    "jobs/candidates-zenoh-v3-efforts-20-20260913T221317Z/rs-zenoh-timestamp-instrumentati__3TNwuZ8",
    "jobs/candidates-zenoh-v3-efforts-20-20260913T221317Z/rs-zenoh-timestamp-instrumentati__gSYDMEG",
    "jobs/candidates-zenoh-v3-efforts-20-20260913T221317Z/rs-zenoh-timestamp-instrumentati__YtCswNv"
  ],
  "verifier_image_id": "sha256:ea253d1b37eb4b2d21aa0d15326aacb1e83601a329e7d2ed965b871a33929370",
  "declared_limits": {
    "cpus": 4,
    "memory_mb": 8192,
    "storage_mb": 30720,
    "network_mode": "no-network",
    "verifier_timeout_seconds": 3600,
    "local_max_active": 1,
    "shared_max_active": 14
  }
}
