F                                                                        [100%]
=================================== FAILURES ===================================
___________________ test_fencing_pause_abort_and_idempotence ___________________

api = <class 'diskcache.reshard.ReshardableFanoutCache'>
tmp_path = PosixPath('/tmp/pytest-of-root/pytest-0/test_fencing_pause_abort_and_i0')

    def test_fencing_pause_abort_and_idempotence(api, tmp_path):
        c = api(tmp_path, shards=2)
        c['a'] = 1
        assert c.begin_reshard(2)['migration_id'] is None
        state = c.begin_reshard(4, expected_epoch=0)
        token = state['migration_id']
        state['shards'] = 123
        assert c.reshard_status()['shards'] == 2
        assert c.begin_reshard(4)['migration_id'] == token
        with pytest.raises(dc.ReshardConflictError):
            c.begin_reshard(3)
        with pytest.raises(dc.ReshardConflictError):
            c.begin_reshard(4, expected_epoch=1)
        c.pause_reshard(token)
        c.pause_reshard(token)
        with pytest.raises(dc.ReshardPausedError):
            c.step_reshard(token)
        c['a'] = 2
        c.close()
        c = api(tmp_path)
        assert c.reshard_status()['phase'] == 'paused'
        assert c['a'] == 2
        c.resume_reshard(token)
        c.resume_reshard(token)
        c.step_reshard(token, 1)
        assert c.abort_reshard(token)['epoch'] == 0
        assert c['a'] == 2
        newer = c.begin_reshard(3)['migration_id']
        assert newer != token
        for method in (c.pause_reshard, c.resume_reshard, c.abort_reshard, c.step_reshard):
>           with pytest.raises(dc.ReshardConflictError):
E           Failed: DID NOT RAISE <class 'diskcache.reshard.ReshardConflictError'>

/tests/test_online_reshard.py:107: Failed
=============================== warnings summary ===============================
../../usr/local/lib/python3.12/site-packages/_pytest/cacheprovider.py:475
  /usr/local/lib/python3.12/site-packages/_pytest/cacheprovider.py:475: PytestCacheWarning: could not create cache path /tests/.pytest_cache/v/cache/nodeids: [Errno 30] Read-only file system: '/tests/pytest-cache-files-59fwer2z'
    config.cache.set("cache/nodeids", sorted(self.cached_nodeids))

../../usr/local/lib/python3.12/site-packages/_pytest/cacheprovider.py:429
  /usr/local/lib/python3.12/site-packages/_pytest/cacheprovider.py:429: PytestCacheWarning: could not create cache path /tests/.pytest_cache/v/cache/lastfailed: [Errno 30] Read-only file system: '/tests/pytest-cache-files-ntjwsboh'
    config.cache.set("cache/lastfailed", self.lastfailed)

../../usr/local/lib/python3.12/site-packages/_pytest/stepwise.py:51
  /usr/local/lib/python3.12/site-packages/_pytest/stepwise.py:51: PytestCacheWarning: could not create cache path /tests/.pytest_cache/v/cache/stepwise: [Errno 30] Read-only file system: '/tests/pytest-cache-files-yfgzbpem'
    session.config.cache.set(STEPWISE_CACHE_DIR, [])

-- Docs: https://docs.pytest.org/en/stable/how-to/capture-warnings.html
------------------- generated xml file: /mutant/results.xml --------------------
=========================== short test summary info ============================
FAILED ../../tests/test_online_reshard.py::test_fencing_pause_abort_and_idempotence
1 failed, 3 warnings in 0.25s
