1.98.1-bookworm: Pulling from library/rust
df8fe434ff68: Pulling fs layer
7fea2228218a: Pulling fs layer
742d423df6ec: Pulling fs layer
db86109db3a8: Pulling fs layer
9873f9cf3f97: Pulling fs layer
7fea2228218a: Download complete
e1262e0f831b: Download complete
75587e37482d: Download complete
df8fe434ff68: Download complete
742d423df6ec: Download complete
db86109db3a8: Download complete
db86109db3a8: Pull complete
7fea2228218a: Pull complete
742d423df6ec: Pull complete
9873f9cf3f97: Download complete
9873f9cf3f97: Pull complete
df8fe434ff68: Pull complete
Digest: sha256:9a73a5088750b4c95158ab26629c854c3d6fc4b173cb7bc8079ad252d8ed7bfa
Status: Downloaded newer image for rust:1.98.1-bookworm
docker.io/library/rust:1.98.1-bookworm
