   Compiling zenoh-protocol v1.9.0 (/workspace/build/commons/zenoh-protocol)
   Compiling zenoh v1.9.0 (/workspace/build/zenoh)
   Compiling zenoh-config v1.9.0 (/workspace/build/commons/zenoh-config)
   Compiling zenoh-codec v1.9.0 (/workspace/build/commons/zenoh-codec)
   Compiling zenoh-link-commons v1.9.0 (/workspace/build/io/zenoh-link-commons)
   Compiling zenoh-plugin-trait v1.9.0 (/workspace/build/plugins/zenoh-plugin-trait)
   Compiling zenoh-link-quic_datagram v1.9.0 (/workspace/build/io/zenoh-links/zenoh-link-quic_datagram)
   Compiling zenoh-link-tls v1.9.0 (/workspace/build/io/zenoh-links/zenoh-link-tls)
   Compiling zenoh-link-ws v1.9.0 (/workspace/build/io/zenoh-links/zenoh-link-ws)
   Compiling zenoh-link-udp v1.9.0 (/workspace/build/io/zenoh-links/zenoh-link-udp)
   Compiling zenoh-link-quic v1.9.0 (/workspace/build/io/zenoh-links/zenoh-link-quic)
   Compiling zenoh-link-tcp v1.9.0 (/workspace/build/io/zenoh-links/zenoh-link-tcp)
   Compiling zenoh-link-unixsock_stream v1.9.0 (/workspace/build/io/zenoh-links/zenoh-link-unixsock_stream)
   Compiling zenoh-link v1.9.0 (/workspace/build/io/zenoh-link)
   Compiling zenoh-transport v1.9.0 (/workspace/build/io/zenoh-transport)
   Compiling zenoh-ext v1.9.0 (/workspace/build/zenoh-ext)
   Compiling zenoh-test v1.9.0 (/workspace/build/commons/zenoh-test)
    Finished `test` profile [unoptimized + debuginfo] target(s) in 33.99s
  Executable tests/advanced.rs (target/debug/deps/advanced-4dacc2b32e53faa9)
  Executable tests/ts_advanced.rs (target/debug/deps/ts_advanced-a9efb538c551c6dc)
