   Compiling proc-macro2 v1.0.107
   Compiling libc v0.2.189
   Compiling quote v1.0.47
   Compiling serde_core v1.0.229
   Compiling syn v3.0.5
   Compiling zerocopy v0.8.57
   Compiling syn v2.0.119
   Compiling serde_derive v1.0.229
   Compiling serde v1.0.229
   Compiling zmij v1.0.23
   Compiling rustversion v1.0.23
   Compiling anyhow v1.0.104
   Compiling ref-cast v1.0.27
   Compiling ref-cast-impl v1.0.27
   Compiling serde_derive_internals v0.30.0
   Compiling portable-atomic v1.15.0
   Compiling paste v1.0.15
   Compiling schemars_derive v1.2.2
   Compiling ahash v0.8.12
   Compiling getrandom v0.2.17
   Compiling getrandom v0.3.4
   Compiling token-cell v2.1.1
   Compiling rand_core v0.6.4
   Compiling serde_json v1.0.151
   Compiling hashbrown v0.14.5
   Compiling schemars v1.2.2
   Compiling keyed-set v1.1.0
   Compiling rand v0.8.8
   Compiling zenoh-result v1.10.1 (/zenoh/commons/zenoh-result)
   Compiling zenoh-macros v1.10.1 (/zenoh/commons/zenoh-macros)
   Compiling zenoh-keyexpr v1.10.1 (/zenoh/commons/zenoh-keyexpr)
   Compiling tracing-attributes v0.1.31
   Compiling typeid v1.0.3
   Compiling tracing v0.1.44
   Compiling ppv-lite86 v0.2.21
   Compiling tokio-macros v2.7.2
   Compiling socket2 v0.6.5
   Compiling mio v1.2.3
   Compiling tokio v1.53.1
   Compiling rand_chacha v0.3.1
   Compiling bitflags v2.13.2
   Compiling generic-array v0.14.7
   Compiling ron v0.12.2
   Compiling const_format_proc_macros v0.2.34
   Compiling zenoh-runtime v1.10.1 (/zenoh/commons/zenoh-runtime)
   Compiling zenoh-collections v1.10.1 (/zenoh/commons/zenoh-collections)
   Compiling futures-macro v0.3.34
   Compiling dirs-sys v0.5.0
   Compiling darling_core v0.24.1
   Compiling futures-util v0.3.34
   Compiling zenoh-buffers v1.10.1 (/zenoh/commons/zenoh-buffers)
   Compiling const_format v0.2.36
   Compiling zenoh-core v1.10.1 (/zenoh/commons/zenoh-core)
   Compiling uhlc v0.8.2
   Compiling crossbeam-utils v0.8.23
   Compiling pest_generator v2.9.1
   Compiling darling_macro v0.24.1
   Compiling dirs v6.0.0
   Compiling tracing-serde v0.2.0
   Compiling nanorand v0.7.0
   Compiling ipnetwork v0.20.0
   Compiling pnet_sys v0.35.0
   Compiling tracing-subscriber v0.3.23
   Compiling darling v0.24.1
   Compiling pnet_datalink v0.35.0
   Compiling flume v0.11.1
   Compiling shellexpand v3.1.2
   Compiling zenoh-protocol v1.10.1 (/zenoh/commons/zenoh-protocol)
   Compiling pest_derive v2.9.1
   Compiling futures-executor v0.3.34
   Compiling crypto-common v0.1.7
   Compiling unzip-n v0.1.4
   Compiling async-trait v0.1.92
   Compiling validated_struct_macros v2.2.0
   Compiling zenoh-util v1.10.1 (/zenoh/commons/zenoh-util)
   Compiling json5 v0.4.1
   Compiling futures v0.3.34
   Compiling serde_with_macros v3.23.0
   Compiling serde_spanned v1.1.1
   Compiling toml_datetime v0.7.5+spec-1.1.0
   Compiling serde_yaml v0.9.34+deprecated
   Compiling serde_with v3.23.0
   Compiling toml v0.9.12+spec-1.1.0
   Compiling secrecy v0.8.0
   Compiling validated_struct v2.2.0
   Compiling tokio-util v0.7.19
   Compiling block-buffer v0.10.4
   Compiling nonempty-collections v0.3.1
   Compiling num_cpus v1.17.0
   Compiling cpufeatures v0.2.17
   Compiling crossbeam-deque v0.8.8
   Compiling stabby-macros v72.1.16
   Compiling digest v0.10.7
   Compiling zenoh-config v1.10.1 (/zenoh/commons/zenoh-config)
   Compiling crossbeam-epoch v0.9.21
   Compiling zenoh-codec v1.10.1 (/zenoh/commons/zenoh-codec)
   Compiling inout v0.1.4
   Compiling socket2 v0.5.10
   Compiling zenoh-link-commons v1.10.1 (/zenoh/io/zenoh-link-commons)
   Compiling cipher v0.4.4
   Compiling keccak v0.1.6
   Compiling crossbeam-channel v0.5.17
   Compiling crossbeam-queue v0.3.14
   Compiling crossbeam v0.8.5
   Compiling sha3 v0.10.9
   Compiling zenoh-link-tcp v1.10.1 (/zenoh/io/zenoh-links/zenoh-link-tcp)
   Compiling aes v0.8.4
   Compiling hmac v0.12.1
   Compiling arc-swap v1.9.2
   Compiling stabby-abi v72.1.16
   Compiling git-version-macro v0.3.9
   Compiling ringbuffer-spsc v0.1.15
   Compiling git-version v0.3.9
   Compiling zenoh-sync v1.10.1 (/zenoh/commons/zenoh-sync)
   Compiling zenoh-crypto v1.10.1 (/zenoh/commons/zenoh-crypto)
   Compiling zenoh-link v1.10.1 (/zenoh/io/zenoh-link)
   Compiling phf_macros v0.13.1
   Compiling zenoh-task v1.10.1 (/zenoh/commons/zenoh-task)
   Compiling zenoh v1.10.1 (/zenoh/zenoh)
   Compiling zenoh-transport v1.10.1 (/zenoh/io/zenoh-transport)
   Compiling phf v0.13.1
   Compiling stabby v72.1.16
   Compiling zenoh-plugin-trait v1.10.1 (/zenoh/plugins/zenoh-plugin-trait)
   Compiling zenoh-demand-repro v0.1.0 (/repro)
    Finished `dev` profile [unoptimized + debuginfo] target(s) in 56.58s
single target=All replies=1
single target=AllComplete replies=1
both_complete target=All replies=2
both_complete target=AllComplete replies=2
mixed target=All replies=2
mixed target=AllComplete replies=0
reverse_mixed target=All replies=2
reverse_mixed target=AllComplete replies=1
