   Compiling zenoh-result v1.10.1 (/workspace/repo/commons/zenoh-result)
   Compiling zenoh-macros v1.10.1 (/workspace/repo/commons/zenoh-macros)
   Compiling zenoh-keyexpr v1.10.1 (/workspace/repo/commons/zenoh-keyexpr)
   Compiling zenoh-collections v1.10.1 (/workspace/repo/commons/zenoh-collections)
   Compiling zenoh-buffers v1.10.1 (/workspace/repo/commons/zenoh-buffers)
   Compiling zenoh-crypto v1.10.1 (/workspace/repo/commons/zenoh-crypto)
   Compiling zenoh v1.10.1 (/workspace/repo/zenoh)
   Compiling zenoh-runtime v1.10.1 (/workspace/repo/commons/zenoh-runtime)
   Compiling zenoh-protocol v1.10.1 (/workspace/repo/commons/zenoh-protocol)
   Compiling zenoh-core v1.10.1 (/workspace/repo/commons/zenoh-core)
   Compiling zenoh-util v1.10.1 (/workspace/repo/commons/zenoh-util)
   Compiling zenoh-config v1.10.1 (/workspace/repo/commons/zenoh-config)
   Compiling zenoh-codec v1.10.1 (/workspace/repo/commons/zenoh-codec)
   Compiling zenoh-link-commons v1.10.1 (/workspace/repo/io/zenoh-link-commons)
   Compiling zenoh-task v1.10.1 (/workspace/repo/commons/zenoh-task)
   Compiling zenoh-link-tcp v1.10.1 (/workspace/repo/io/zenoh-links/zenoh-link-tcp)
   Compiling zenoh-link v1.10.1 (/workspace/repo/io/zenoh-link)
   Compiling zenoh-sync v1.10.1 (/workspace/repo/commons/zenoh-sync)
   Compiling zenoh-transport v1.10.1 (/workspace/repo/io/zenoh-transport)
   Compiling zenoh-plugin-trait v1.10.1 (/workspace/repo/plugins/zenoh-plugin-trait)
   Compiling zenoh-task-check v0.1.0 (/opt/check)
    Finished `test` profile [unoptimized + debuginfo] target(s) in 40.55s
     Running tests/completeness.rs (/target/debug/deps/completeness-7fac6f7d935cfc95)

running 6 tests
test complete_then_incomplete ... ok
test homogeneous_and_empty_controls ... ok
test incomplete_churn_preserves_complete_siblings ... ok
test incomplete_then_complete ... ok
test undeclare_and_redeclare_complete_queryables ... ok
test wildcard_same_expression_and_unrelated_key ... ok

test result: ok. 6 passed; 0 failed; 0 ignored; 0 measured; 0 filtered out; finished in 3.09s

