Installed 1 package in 218ms
-- The C compiler identification is AppleClang 21.0.0.21000101
-- The CXX compiler identification is AppleClang 21.0.0.21000101
-- Detecting C compiler ABI info
-- Detecting C compiler ABI info - done
-- Check for working C compiler: /usr/bin/cc - skipped
-- Detecting C compile features
-- Detecting C compile features - done
-- Detecting CXX compiler ABI info
-- Detecting CXX compiler ABI info - done
-- Check for working CXX compiler: /usr/bin/c++ - skipped
-- Detecting CXX compile features
-- Detecting CXX compile features - done
-- Shared libraries enabled
CMake Error at CMakeLists.txt:435 (INCLUDE):
  INCLUDE could not find requested file:

    FindPkgMacros


CMake Error at CMakeLists.txt:436 (INCLUDE):
  INCLUDE could not find requested file:

    PrecompiledHeader


CMake Error: File /Users/sheil/Development/sheil_research/reinforcement_learning/abundant-take-home/research/rust-cpp-10-to-5/cpp/assimp/cmake-modules/cmake_uninstall.cmake.in does not exist.
CMake Error at CMakeLists.txt:479 (CONFIGURE_FILE):
  CONFIGURE_FILE Problem configuring file


CMake Error: File /Users/sheil/Development/sheil_research/reinforcement_learning/abundant-take-home/research/rust-cpp-10-to-5/cpp/assimp/cmake-modules/assimp-plain-config.cmake.in does not exist.
CMake Error at /Users/sheil/.cache/uv/archive-v0/7hOvPRwQvbH0rWE7/lib/python3.14/site-packages/cmake/data/share/cmake-4.4/Modules/CMakePackageConfigHelpers.cmake:549 (configure_file):
  configure_file Problem configuring file
Call Stack (most recent call first):
  CMakeLists.txt:531 (configure_package_config_file)


-- compiling zlib from sources
-- Looking for sys/types.h
-- Looking for sys/types.h - found
-- Looking for stdint.h
-- Looking for stdint.h - found
-- Looking for stddef.h
-- Looking for stddef.h - found
-- Check size of off64_t
-- Check size of off64_t - failed
-- Looking for fseeko
-- Looking for fseeko - found
-- Looking for unistd.h
-- Looking for unistd.h - found
-- VRML disabled
-- tinyusdz disabled
INFO Hunter enabled or RT-extension not found. glTF import/export will be built without Open3DGC-compression.
-- Enabled importer formats: COLLADA
-- Disabled importer formats: AMF 3DS AC ASE ASSBIN B3D BVH DXF CSM HMP IRRMESH IQM IRR LWO LWS MD2 MD3 MD5 MDC MDL NFF NDO OFF OBJ OGRE OPENGEX PLY MS3D COB BLEND IFC XGL FBX Q3D Q3BSP RAW SIB SMD STL TERRAGEN 3D USD X X3D GLTF 3MF MMD
-- Enabled exporter formats:
-- Disabled exporter formats: OBJ OPENGEX PLY 3DS ASSBIN ASSXML COLLADA FBX STL X X3D GLTF 3MF PBRT ASSJSON STEP
Building Assimp Viewer only supported on Windows.
-- Configuring incomplete, errors occurred!
