F                                                                        [100%]
=================================== FAILURES ===================================
______________________ test_unrelated_io_errors_propagate ______________________

target = <luigi.generation_target.LocalGenerationTarget object at 0xffff81c533b0>

    def test_unrelated_io_errors_propagate(target):
        # Use an OS permission boundary, independent of the Python file-opening API.
        with tempfile.TemporaryDirectory(prefix="generation-permission-") as directory:
            protected = luigi.LocalGenerationTarget(Path(directory) / "store", MEMBERS)
            publish(protected)
            root = Path(directory)
            root.chmod(0o777)
            for path in root.rglob("*"):
                path.chmod(0o777 if path.is_dir() else 0o666)
            pointer = Path(protected.path) / "CURRENT"
            pointer.chmod(0)
            code = PRELUDE + """
    try:
        t.exists()
    except PermissionError:
        print("permission propagated")
    else:
        raise AssertionError("unreadable pointer was treated as absence or success")
    """
            credentials = {"user": 65534, "group": 65534, "extra_groups": []} if os.geteuid() == 0 else {}
            try:
                result = subprocess.run([sys.executable, "-c", code, protected.path],
                                        capture_output=True, text=True, timeout=20,
                                        env=os.environ.copy(), **credentials)
>               assert result.returncode == 0, (result.stdout, result.stderr)
E               AssertionError: ('', 'Traceback (most recent call last):
E                   File "<string>", line 14, in <module>
E                 AssertionError: unreadable pointer was treated as absence or success
E                 ')
E               assert 1 == 0
E                +  where 1 = CompletedProcess(args=['/usr/local/bin/python', '-c', '\nimport hashlib, json, os, sys\nimport luigi\nt = luigi.LocalG...st):\n  File "<string>", line 14, in <module>\nAssertionError: unreadable pointer was treated as absence or success\n').returncode

/tests/test_generation_target.py:509: AssertionError
=============================== warnings summary ===============================
luigi/__init__.py:156
  /workspace/repo/luigi/__init__.py:156: DeprecationWarning: 
          Autoloading range tasks by default has been deprecated and will be removed in a future version.
          To get the behavior now add an option to luigi.cfg:
  
            [core]
              autoload_range: false
  
          Alternately set the option to true to continue with existing behaviour and suppress this warning.
      
    warnings.warn(warning_message, DeprecationWarning)

-- Docs: https://docs.pytest.org/en/stable/how-to/capture-warnings.html
-------------------- generated xml file: /audit/results.xml --------------------
=========================== short test summary info ============================
FAILED ../../tests/test_generation_target.py::test_unrelated_io_errors_propagate
1 failed, 1 warning in 0.21s
