#0 building with "desktop-linux" instance using docker driver

#1 [internal] load build definition from Dockerfile
#1 transferring dockerfile: 850B done
#1 DONE 0.0s

#2 [internal] load metadata for docker.io/library/python:3.12.11-slim-bookworm@sha256:519591d6871b7bc437060736b9f7456b8731f1499a57e22e6c285135ae657bf7
#2 DONE 0.0s

#3 [internal] load .dockerignore
#3 transferring context: 2B done
#3 DONE 0.0s

#4 [1/8] FROM docker.io/library/python:3.12.11-slim-bookworm@sha256:519591d6871b7bc437060736b9f7456b8731f1499a57e22e6c285135ae657bf7
#4 resolve docker.io/library/python:3.12.11-slim-bookworm@sha256:519591d6871b7bc437060736b9f7456b8731f1499a57e22e6c285135ae657bf7 done
#4 DONE 0.0s

#5 [internal] load build context
#5 transferring context: 323.54kB done
#5 DONE 0.0s

#6 [3/8] WORKDIR /workspace/repo
#6 CACHED

#7 [2/8] RUN apt-get update && apt-get install -y --no-install-recommends bash git curl ca-certificates build-essential     && rm -rf /var/lib/apt/lists/*
#7 CACHED

#8 [4/8] COPY upstream.tar.gz /tmp/upstream.tar.gz
#8 CACHED

#9 [5/8] RUN tar -xzf /tmp/upstream.tar.gz -C /workspace/repo && rm /tmp/upstream.tar.gz
#9 CACHED

#10 [6/8] COPY requirements.txt /tmp/requirements.txt
#10 DONE 0.0s

#11 [7/8] RUN python -m pip install --no-cache-dir -r /tmp/requirements.txt     && python -m pip install --no-cache-dir --no-deps --no-build-isolation -e .
#11 0.933 Collecting click==8.5.0 (from -r /tmp/requirements.txt (line 1))
#11 1.106   Downloading click-8.5.0-py3-none-any.whl.metadata (2.6 kB)
#11 1.154 Collecting click-default-group==1.2.4 (from -r /tmp/requirements.txt (line 2))
#11 1.191   Downloading click_default_group-1.2.4-py2.py3-none-any.whl.metadata (2.8 kB)
#11 1.244 Collecting iniconfig==2.3.0 (from -r /tmp/requirements.txt (line 3))
#11 1.287   Downloading iniconfig-2.3.0-py3-none-any.whl.metadata (2.5 kB)
#11 1.348 Collecting packaging==26.3 (from -r /tmp/requirements.txt (line 4))
#11 1.393   Downloading packaging-26.3-py3-none-any.whl.metadata (3.5 kB)
#11 1.486 Collecting pip==26.2.1 (from -r /tmp/requirements.txt (line 5))
#11 1.531   Downloading pip-26.2.1-py3-none-any.whl.metadata (4.6 kB)
#11 1.587 Collecting pluggy==1.6.0 (from -r /tmp/requirements.txt (line 6))
#11 1.627   Downloading pluggy-1.6.0-py3-none-any.whl.metadata (4.8 kB)
#11 1.701 Collecting Pygments==2.21.0 (from -r /tmp/requirements.txt (line 7))
#11 1.737   Downloading pygments-2.21.0-py3-none-any.whl.metadata (2.5 kB)
#11 1.853 Collecting pytest==9.1.1 (from -r /tmp/requirements.txt (line 8))
#11 1.887   Downloading pytest-9.1.1-py3-none-any.whl.metadata (7.6 kB)
#11 1.945 Collecting python-dateutil==2.9.0.post0 (from -r /tmp/requirements.txt (line 9))
#11 1.978   Downloading python_dateutil-2.9.0.post0-py2.py3-none-any.whl.metadata (8.4 kB)
#11 2.290 Collecting setuptools==82.0.1 (from -r /tmp/requirements.txt (line 10))
#11 2.330   Downloading setuptools-82.0.1-py3-none-any.whl.metadata (6.5 kB)
#11 2.386 Collecting six==1.17.0 (from -r /tmp/requirements.txt (line 11))
#11 2.432   Downloading six-1.17.0-py2.py3-none-any.whl.metadata (1.7 kB)
#11 2.477 Collecting sqlite-fts4==1.0.3 (from -r /tmp/requirements.txt (line 12))
#11 2.515   Downloading sqlite_fts4-1.0.3-py3-none-any.whl.metadata (6.6 kB)
#11 2.571 Collecting tabulate==0.10.0 (from -r /tmp/requirements.txt (line 13))
#11 2.609   Downloading tabulate-0.10.0-py3-none-any.whl.metadata (40 kB)
#11 2.693 Collecting wheel==0.46.3 (from -r /tmp/requirements.txt (line 14))
#11 2.729   Downloading wheel-0.46.3-py3-none-any.whl.metadata (2.4 kB)
#11 3.515 Collecting hypothesis==6.168.0 (from -r /tmp/requirements.txt (line 15))
#11 3.549   Downloading hypothesis-6.168.0-cp312-cp312-manylinux_2_17_aarch64.manylinux2014_aarch64.whl.metadata (5.7 kB)
#11 3.602 Collecting sortedcontainers==2.4.0 (from -r /tmp/requirements.txt (line 16))
#11 3.645   Downloading sortedcontainers-2.4.0-py2.py3-none-any.whl.metadata (10 kB)
#11 3.699 Downloading click-8.5.0-py3-none-any.whl (125 kB)
#11 3.781 Downloading click_default_group-1.2.4-py2.py3-none-any.whl (4.1 kB)
#11 3.818 Downloading iniconfig-2.3.0-py3-none-any.whl (7.5 kB)
#11 3.854 Downloading packaging-26.3-py3-none-any.whl (129 kB)
#11 3.912 Downloading pip-26.2.1-py3-none-any.whl (1.8 MB)
#11 3.998    ━━━━━━━━━━━━━━━━━━━━━━━━━━━━━━━━━━━━━━━━ 1.8/1.8 MB 22.1 MB/s eta 0:00:00
#11 4.035 Downloading pluggy-1.6.0-py3-none-any.whl (20 kB)
#11 4.073 Downloading pygments-2.21.0-py3-none-any.whl (1.3 MB)
#11 4.096    ━━━━━━━━━━━━━━━━━━━━━━━━━━━━━━━━━━━━━━━━ 1.3/1.3 MB 66.2 MB/s eta 0:00:00
#11 4.138 Downloading pytest-9.1.1-py3-none-any.whl (386 kB)
#11 4.181 Downloading python_dateutil-2.9.0.post0-py2.py3-none-any.whl (229 kB)
#11 4.230 Downloading setuptools-82.0.1-py3-none-any.whl (1.0 MB)
#11 4.249    ━━━━━━━━━━━━━━━━━━━━━━━━━━━━━━━━━━━━━━━━ 1.0/1.0 MB 60.1 MB/s eta 0:00:00
#11 4.287 Downloading six-1.17.0-py2.py3-none-any.whl (11 kB)
#11 4.330 Downloading sqlite_fts4-1.0.3-py3-none-any.whl (10.0 kB)
#11 4.369 Downloading tabulate-0.10.0-py3-none-any.whl (39 kB)
#11 4.411 Downloading wheel-0.46.3-py3-none-any.whl (30 kB)
#11 4.454 Downloading hypothesis-6.168.0-cp312-cp312-manylinux_2_17_aarch64.manylinux2014_aarch64.whl (1.1 MB)
#11 4.473    ━━━━━━━━━━━━━━━━━━━━━━━━━━━━━━━━━━━━━━━━ 1.1/1.1 MB 56.6 MB/s eta 0:00:00
#11 4.513 Downloading sortedcontainers-2.4.0-py2.py3-none-any.whl (29 kB)
#11 4.551 Installing collected packages: sqlite-fts4, sortedcontainers, tabulate, six, setuptools, Pygments, pluggy, pip, packaging, iniconfig, hypothesis, click, wheel, python-dateutil, pytest, click-default-group
#11 5.060   Attempting uninstall: pip
#11 5.061     Found existing installation: pip 25.0.1
#11 5.071     Uninstalling pip-25.0.1:
#11 5.111       Successfully uninstalled pip-25.0.1
#11 5.706 Successfully installed Pygments-2.21.0 click-8.5.0 click-default-group-1.2.4 hypothesis-6.168.0 iniconfig-2.3.0 packaging-26.3 pip-26.2.1 pluggy-1.6.0 pytest-9.1.1 python-dateutil-2.9.0.post0 setuptools-82.0.1 six-1.17.0 sortedcontainers-2.4.0 sqlite-fts4-1.0.3 tabulate-0.10.0 wheel-0.46.3
#11 5.706 WARNING: Running pip as the 'root' user can result in broken permissions and conflicting behaviour with the system package manager, possibly rendering your system unusable. It is recommended to use a virtual environment instead: https://pip.pypa.io/warnings/venv. Use the --root-user-action option if you know what you are doing and want to suppress this warning.
#11 6.256 Obtaining file:///workspace/repo
#11 6.257   Checking if build backend supports build_editable: started
#11 6.321   Checking if build backend supports build_editable: finished with status 'done'
#11 6.321   Preparing editable metadata (pyproject.toml): started
#11 6.388   Preparing editable metadata (pyproject.toml): finished with status 'done'
#11 6.390 Building wheels for collected packages: sqlite-utils
#11 6.390   Building editable for sqlite-utils (pyproject.toml): started
#11 6.464   Building editable for sqlite-utils (pyproject.toml): finished with status 'done'
#11 6.464   Created wheel for sqlite-utils: filename=sqlite_utils-4.2.1-0.editable-py3-none-any.whl size=9427 sha256=6d54ba774b2e235a426a2fdd0148d6b9233c8ee1d10da802eaa2fc8e7bf8d16f
#11 6.464   Stored in directory: /tmp/pip-ephem-wheel-cache-6p7rh3_3/wheels/e8/66/34/adcc3e50c5389bf93cde0fa117310bc65e90b49b8cb1e1fb81
#11 6.465 Successfully built sqlite-utils
#11 6.473 Installing collected packages: sqlite-utils
#11 6.477 Successfully installed sqlite-utils-4.2.1
#11 6.477 WARNING: Running pip as the 'root' user can result in broken permissions and conflicting behaviour with the system package manager, possibly rendering your system unusable. It is recommended to use a virtual environment instead: https://pip.pypa.io/warnings/venv. Use the --root-user-action option if you know what you are doing and want to suppress this warning.
#11 DONE 6.5s

#12 [8/8] RUN git init -q && git config user.email task@example.invalid && git config user.name Task     && git add . && git commit -qm "Pinned sqlite-utils baseline"
#12 DONE 0.2s

#13 exporting to image
#13 exporting layers
#13 exporting layers 0.8s done
#13 exporting manifest sha256:4b5ac8a06e281c0c6daefc98c2b2b37365a225951d6b879d1d1a3ee74052a092
#13 exporting manifest sha256:4b5ac8a06e281c0c6daefc98c2b2b37365a225951d6b879d1d1a3ee74052a092 done
#13 exporting config sha256:eb6268a495c655e158961fe08faf933071f446cfd35dcabbfa6de32e91bc8f31 done
#13 exporting attestation manifest sha256:777374114379d913acb1b6d258c8a8be753cba791f8854c9944b25c84d6d9718 done
#13 exporting manifest list sha256:71a88dcc3047ca1a6f6089cbe300255558f4526cd2f4db952cc4c1654c79f10f done
#13 naming to docker.io/library/abundant-candidate-sqlite-schema-plan:85b1be1 done
#13 unpacking to docker.io/library/abundant-candidate-sqlite-schema-plan:85b1be1
#13 unpacking to docker.io/library/abundant-candidate-sqlite-schema-plan:85b1be1 0.2s done
#13 DONE 1.0s

View build details: docker-desktop://dashboard/build/desktop-linux/desktop-linux/twqcc4wydwerv1b6g5yp84g1g
