2026-09-14T10:05:03.029331+00:00 Full paired regrade 1 / 9: jobs/candidates-zenoh-v3-efforts-20-20260913T221317Z/rs-zenoh-timestamp-instrumentati__D3tzpaW
2026-09-14T10:05:03.506875+00:00 zenoh-paired-779b5b2b922b4c60 waiting: shared concurrency
2026-09-14T10:05:33.671273+00:00 zenoh-paired-779b5b2b922b4c60 waiting: shared concurrency
2026-09-14T10:06:03.808824+00:00 zenoh-paired-779b5b2b922b4c60 waiting: shared concurrency
2026-09-14T10:06:33.944423+00:00 zenoh-paired-779b5b2b922b4c60 waiting: shared concurrency
2026-09-14T10:07:04.071856+00:00 zenoh-paired-779b5b2b922b4c60 waiting: shared concurrency
2026-09-14T10:07:34.207686+00:00 zenoh-paired-779b5b2b922b4c60 waiting: shared concurrency
2026-09-14T10:08:04.372895+00:00 zenoh-paired-779b5b2b922b4c60 waiting: shared concurrency
2026-09-14T10:08:34.576978+00:00 zenoh-paired-779b5b2b922b4c60 waiting: shared concurrency
2026-09-14T10:09:04.751427+00:00 zenoh-paired-779b5b2b922b4c60 waiting: shared concurrency
2026-09-14T10:09:34.976553+00:00 zenoh-paired-779b5b2b922b4c60 waiting: shared concurrency
2026-09-14T10:10:05.312046+00:00 zenoh-paired-779b5b2b922b4c60 waiting: shared concurrency
2026-09-14T10:10:35.467153+00:00 zenoh-paired-779b5b2b922b4c60 waiting: shared concurrency
2026-09-14T10:11:05.580337+00:00 zenoh-paired-779b5b2b922b4c60 waiting: shared concurrency
2026-09-14T10:11:35.719669+00:00 zenoh-paired-779b5b2b922b4c60 waiting: shared concurrency
2026-09-14T10:12:05.842235+00:00 zenoh-paired-779b5b2b922b4c60 waiting: shared concurrency
2026-09-14T10:12:35.972435+00:00 zenoh-paired-779b5b2b922b4c60 waiting: shared concurrency
2026-09-14T10:13:06.106453+00:00 zenoh-paired-779b5b2b922b4c60 waiting: shared concurrency
2026-09-14T10:30:29.110038+00:00 Full paired regrade 2 / 9: jobs/candidates-zenoh-v3-efforts-20-20260913T221317Z/rs-zenoh-timestamp-instrumentati__QYtUfZA
2026-09-14T10:48:03.157902+00:00 Full paired regrade 3 / 9: jobs/candidates-zenoh-v3-efforts-20-20260913T221317Z/rs-zenoh-timestamp-instrumentati__XsLhxGQ
2026-09-14T11:05:16.027226+00:00 Full paired regrade 4 / 9: jobs/candidates-zenoh-v3-efforts-20-20260913T221317Z/rs-zenoh-timestamp-instrumentati__32sQasx
2026-09-14T11:05:16.988473+00:00 zenoh-paired-30381ea3a735488c waiting: shared concurrency
2026-09-14T11:05:47.248218+00:00 zenoh-paired-30381ea3a735488c waiting: shared concurrency
2026-09-14T11:06:17.389313+00:00 zenoh-paired-30381ea3a735488c waiting: memory pressure cooldown
2026-09-14T11:06:47.559995+00:00 zenoh-paired-30381ea3a735488c waiting: memory pressure cooldown
2026-09-14T11:07:17.684589+00:00 zenoh-paired-30381ea3a735488c waiting: memory pressure cooldown
2026-09-14T11:24:36.181214+00:00 Full paired regrade 5 / 9: jobs/candidates-zenoh-v3-efforts-20-20260913T221317Z/rs-zenoh-timestamp-instrumentati__YDTpWKS
2026-09-14T11:41:53.449451+00:00 Full paired regrade 6 / 9: jobs/candidates-zenoh-v3-efforts-20-20260913T221317Z/rs-zenoh-timestamp-instrumentati__X54KUJt
2026-09-14T11:41:53.902680+00:00 zenoh-paired-7ab711c241004c29 waiting: shared concurrency
2026-09-14T11:42:24.035427+00:00 zenoh-paired-7ab711c241004c29 waiting: shared concurrency
2026-09-14T11:42:54.163288+00:00 zenoh-paired-7ab711c241004c29 waiting: shared concurrency
2026-09-14T11:43:24.317431+00:00 zenoh-paired-7ab711c241004c29 waiting: shared concurrency
2026-09-14T11:43:54.452725+00:00 zenoh-paired-7ab711c241004c29 waiting: shared concurrency
2026-09-14T11:44:24.574777+00:00 zenoh-paired-7ab711c241004c29 waiting: shared concurrency
2026-09-14T11:44:54.693483+00:00 zenoh-paired-7ab711c241004c29 waiting: shared concurrency
2026-09-14T11:45:24.848388+00:00 zenoh-paired-7ab711c241004c29 waiting: shared concurrency
2026-09-14T11:45:55.016112+00:00 zenoh-paired-7ab711c241004c29 waiting: shared concurrency
2026-09-14T11:46:25.155939+00:00 zenoh-paired-7ab711c241004c29 waiting: shared concurrency
2026-09-14T11:46:55.331756+00:00 zenoh-paired-7ab711c241004c29 waiting: shared concurrency
2026-09-14T11:47:25.477128+00:00 zenoh-paired-7ab711c241004c29 waiting: shared concurrency
2026-09-14T11:47:55.640128+00:00 zenoh-paired-7ab711c241004c29 waiting: shared concurrency
2026-09-14T11:48:25.841628+00:00 zenoh-paired-7ab711c241004c29 waiting: shared concurrency
2026-09-14T11:48:56.015953+00:00 zenoh-paired-7ab711c241004c29 waiting: shared concurrency
2026-09-14T11:49:26.232773+00:00 zenoh-paired-7ab711c241004c29 waiting: shared concurrency
2026-09-14T11:49:56.552666+00:00 zenoh-paired-7ab711c241004c29 waiting: shared concurrency
2026-09-14T11:50:26.734536+00:00 zenoh-paired-7ab711c241004c29 waiting: shared concurrency
2026-09-14T11:50:56.937976+00:00 zenoh-paired-7ab711c241004c29 waiting: shared concurrency
2026-09-14T11:51:27.422689+00:00 zenoh-paired-7ab711c241004c29 waiting: shared concurrency
2026-09-14T11:51:57.634535+00:00 zenoh-paired-7ab711c241004c29 waiting: shared concurrency
2026-09-14T11:52:27.771408+00:00 zenoh-paired-7ab711c241004c29 waiting: shared concurrency
2026-09-14T11:52:57.918479+00:00 zenoh-paired-7ab711c241004c29 waiting: shared concurrency
2026-09-14T11:53:28.037221+00:00 zenoh-paired-7ab711c241004c29 waiting: shared concurrency
2026-09-14T11:53:58.148198+00:00 zenoh-paired-7ab711c241004c29 waiting: shared concurrency
2026-09-14T11:54:28.287553+00:00 zenoh-paired-7ab711c241004c29 waiting: shared concurrency
2026-09-14T11:54:58.552218+00:00 zenoh-paired-7ab711c241004c29 waiting: shared concurrency
2026-09-14T11:55:28.786502+00:00 zenoh-paired-7ab711c241004c29 waiting: shared concurrency
2026-09-14T11:55:58.949168+00:00 zenoh-paired-7ab711c241004c29 waiting: shared concurrency
2026-09-14T11:56:29.089416+00:00 zenoh-paired-7ab711c241004c29 waiting: shared concurrency
2026-09-14T11:56:59.208727+00:00 zenoh-paired-7ab711c241004c29 waiting: shared concurrency
2026-09-14T11:57:29.348975+00:00 zenoh-paired-7ab711c241004c29 waiting: shared concurrency
2026-09-14T11:57:59.481892+00:00 zenoh-paired-7ab711c241004c29 waiting: shared concurrency
2026-09-14T11:58:29.612729+00:00 zenoh-paired-7ab711c241004c29 waiting: shared concurrency
2026-09-14T11:58:59.724266+00:00 zenoh-paired-7ab711c241004c29 waiting: shared concurrency
2026-09-14T11:59:29.888838+00:00 zenoh-paired-7ab711c241004c29 waiting: shared concurrency
2026-09-14T12:00:00.041356+00:00 zenoh-paired-7ab711c241004c29 waiting: shared concurrency
2026-09-14T12:00:30.212563+00:00 zenoh-paired-7ab711c241004c29 waiting: shared concurrency
2026-09-14T12:01:00.505135+00:00 zenoh-paired-7ab711c241004c29 waiting: shared concurrency
2026-09-14T12:01:30.671167+00:00 zenoh-paired-7ab711c241004c29 waiting: shared concurrency
2026-09-14T12:02:00.833668+00:00 zenoh-paired-7ab711c241004c29 waiting: shared concurrency
2026-09-14T12:02:30.978526+00:00 zenoh-paired-7ab711c241004c29 waiting: shared concurrency
2026-09-14T12:03:01.126182+00:00 zenoh-paired-7ab711c241004c29 waiting: shared concurrency
2026-09-14T12:03:31.303866+00:00 zenoh-paired-7ab711c241004c29 waiting: shared concurrency
2026-09-14T12:04:01.628227+00:00 zenoh-paired-7ab711c241004c29 waiting: memory pressure cooldown
2026-09-14T12:04:31.750054+00:00 zenoh-paired-7ab711c241004c29 waiting: memory pressure cooldown
2026-09-14T12:21:44.370291+00:00 Full paired regrade 7 / 9: jobs/candidates-zenoh-v3-efforts-20-20260913T221317Z/rs-zenoh-timestamp-instrumentati__3TNwuZ8
2026-09-14T12:21:44.839550+00:00 zenoh-paired-305d04efa719428e waiting: shared concurrency
2026-09-14T12:22:14.976571+00:00 zenoh-paired-305d04efa719428e waiting: shared concurrency
2026-09-14T12:22:45.213322+00:00 zenoh-paired-305d04efa719428e waiting: shared concurrency
2026-09-14T12:23:15.488774+00:00 zenoh-paired-305d04efa719428e waiting: shared concurrency
2026-09-14T12:23:45.656366+00:00 zenoh-paired-305d04efa719428e waiting: shared concurrency
2026-09-14T12:24:15.792515+00:00 zenoh-paired-305d04efa719428e waiting: shared concurrency
2026-09-14T12:24:45.955981+00:00 zenoh-paired-305d04efa719428e waiting: shared concurrency
2026-09-14T12:25:16.094088+00:00 zenoh-paired-305d04efa719428e waiting: shared concurrency
2026-09-14T12:25:46.284661+00:00 zenoh-paired-305d04efa719428e waiting: shared concurrency
2026-09-14T12:26:16.479536+00:00 zenoh-paired-305d04efa719428e waiting: shared concurrency
2026-09-14T12:26:46.705399+00:00 zenoh-paired-305d04efa719428e waiting: shared concurrency
2026-09-14T12:27:17.041233+00:00 zenoh-paired-305d04efa719428e waiting: shared concurrency
2026-09-14T12:27:47.371243+00:00 zenoh-paired-305d04efa719428e waiting: shared concurrency
2026-09-14T12:28:17.622695+00:00 zenoh-paired-305d04efa719428e waiting: shared concurrency
2026-09-14T12:28:47.864507+00:00 zenoh-paired-305d04efa719428e waiting: shared concurrency
2026-09-14T12:29:18.011202+00:00 zenoh-paired-305d04efa719428e waiting: shared concurrency
2026-09-14T12:29:48.335519+00:00 zenoh-paired-305d04efa719428e waiting: shared concurrency
2026-09-14T12:30:18.678652+00:00 zenoh-paired-305d04efa719428e waiting: shared concurrency
2026-09-14T12:30:48.878714+00:00 zenoh-paired-305d04efa719428e waiting: shared concurrency
2026-09-14T12:31:19.070341+00:00 zenoh-paired-305d04efa719428e waiting: shared concurrency
2026-09-14T12:31:49.419482+00:00 zenoh-paired-305d04efa719428e waiting: shared concurrency
2026-09-14T12:32:19.684684+00:00 zenoh-paired-305d04efa719428e waiting: shared concurrency
2026-09-14T12:32:49.931273+00:00 zenoh-paired-305d04efa719428e waiting: shared concurrency
2026-09-14T12:33:20.184898+00:00 zenoh-paired-305d04efa719428e waiting: shared concurrency
2026-09-14T12:33:50.344085+00:00 zenoh-paired-305d04efa719428e waiting: memory pressure cooldown
2026-09-14T12:34:20.498384+00:00 zenoh-paired-305d04efa719428e waiting: memory pressure cooldown
2026-09-14T12:52:28.281540+00:00 Full paired regrade 8 / 9: jobs/candidates-zenoh-v3-efforts-20-20260913T221317Z/rs-zenoh-timestamp-instrumentati__gSYDMEG
2026-09-14T12:52:29.169206+00:00 zenoh-paired-e34cbeb2516845b8 waiting: shared concurrency
2026-09-14T12:52:59.476790+00:00 zenoh-paired-e34cbeb2516845b8 waiting: shared concurrency
2026-09-14T12:53:29.686199+00:00 zenoh-paired-e34cbeb2516845b8 waiting: shared concurrency
2026-09-14T12:53:59.862812+00:00 zenoh-paired-e34cbeb2516845b8 waiting: shared concurrency
2026-09-14T12:54:30.020647+00:00 zenoh-paired-e34cbeb2516845b8 waiting: shared concurrency
2026-09-14T12:55:00.261790+00:00 zenoh-paired-e34cbeb2516845b8 waiting: shared concurrency
2026-09-14T12:55:30.560275+00:00 zenoh-paired-e34cbeb2516845b8 waiting: shared concurrency
2026-09-14T12:56:00.925246+00:00 zenoh-paired-e34cbeb2516845b8 waiting: shared concurrency
2026-09-14T12:56:31.174946+00:00 zenoh-paired-e34cbeb2516845b8 waiting: shared concurrency
2026-09-14T12:57:01.463400+00:00 zenoh-paired-e34cbeb2516845b8 waiting: shared concurrency
2026-09-14T12:57:31.597444+00:00 zenoh-paired-e34cbeb2516845b8 waiting: shared concurrency
2026-09-14T12:58:01.755821+00:00 zenoh-paired-e34cbeb2516845b8 waiting: shared concurrency
2026-09-14T12:58:31.920713+00:00 zenoh-paired-e34cbeb2516845b8 waiting: shared concurrency
2026-09-14T12:59:02.116616+00:00 zenoh-paired-e34cbeb2516845b8 waiting: shared concurrency
2026-09-14T12:59:32.244913+00:00 zenoh-paired-e34cbeb2516845b8 waiting: shared concurrency
2026-09-14T13:00:02.379339+00:00 zenoh-paired-e34cbeb2516845b8 waiting: shared concurrency
2026-09-14T13:00:32.504479+00:00 zenoh-paired-e34cbeb2516845b8 waiting: shared concurrency
2026-09-14T13:01:02.625063+00:00 zenoh-paired-e34cbeb2516845b8 waiting: shared concurrency
2026-09-14T13:01:32.800022+00:00 zenoh-paired-e34cbeb2516845b8 waiting: shared concurrency
2026-09-14T13:02:03.006443+00:00 zenoh-paired-e34cbeb2516845b8 waiting: shared concurrency
2026-09-14T13:02:33.129128+00:00 zenoh-paired-e34cbeb2516845b8 waiting: shared concurrency
2026-09-14T13:03:03.268874+00:00 zenoh-paired-e34cbeb2516845b8 waiting: shared concurrency
2026-09-14T13:03:33.411793+00:00 zenoh-paired-e34cbeb2516845b8 waiting: shared concurrency
2026-09-14T13:04:03.545715+00:00 zenoh-paired-e34cbeb2516845b8 waiting: shared concurrency
2026-09-14T13:04:33.683268+00:00 zenoh-paired-e34cbeb2516845b8 waiting: shared concurrency
2026-09-14T13:05:03.798080+00:00 zenoh-paired-e34cbeb2516845b8 waiting: shared concurrency
2026-09-14T13:05:33.963830+00:00 zenoh-paired-e34cbeb2516845b8 waiting: shared concurrency
2026-09-14T13:06:04.097451+00:00 zenoh-paired-e34cbeb2516845b8 waiting: shared concurrency
2026-09-14T13:06:34.224041+00:00 zenoh-paired-e34cbeb2516845b8 waiting: shared concurrency
2026-09-14T13:07:04.391707+00:00 zenoh-paired-e34cbeb2516845b8 waiting: shared concurrency
2026-09-14T13:07:34.558822+00:00 zenoh-paired-e34cbeb2516845b8 waiting: shared concurrency
2026-09-14T13:08:04.719706+00:00 zenoh-paired-e34cbeb2516845b8 waiting: shared concurrency
2026-09-14T13:08:34.853067+00:00 zenoh-paired-e34cbeb2516845b8 waiting: memory pressure cooldown
2026-09-14T13:09:04.999876+00:00 zenoh-paired-e34cbeb2516845b8 waiting: memory pressure cooldown
2026-09-14T13:09:35.201174+00:00 zenoh-paired-e34cbeb2516845b8 waiting: shared concurrency
2026-09-14T13:10:05.359510+00:00 zenoh-paired-e34cbeb2516845b8 waiting: shared concurrency
2026-09-14T13:10:35.491733+00:00 zenoh-paired-e34cbeb2516845b8 waiting: shared concurrency
2026-09-14T13:11:05.662525+00:00 zenoh-paired-e34cbeb2516845b8 waiting: shared concurrency
2026-09-14T13:11:35.896275+00:00 zenoh-paired-e34cbeb2516845b8 waiting: shared concurrency
2026-09-14T13:12:06.140661+00:00 zenoh-paired-e34cbeb2516845b8 waiting: shared concurrency
2026-09-14T13:12:36.291075+00:00 zenoh-paired-e34cbeb2516845b8 waiting: shared concurrency
2026-09-14T13:13:06.417472+00:00 zenoh-paired-e34cbeb2516845b8 waiting: shared concurrency
2026-09-14T13:13:36.565962+00:00 zenoh-paired-e34cbeb2516845b8 waiting: shared concurrency
2026-09-14T13:14:06.724570+00:00 zenoh-paired-e34cbeb2516845b8 waiting: shared concurrency
2026-09-14T13:14:36.932912+00:00 zenoh-paired-e34cbeb2516845b8 waiting: shared concurrency
2026-09-14T13:15:07.148842+00:00 zenoh-paired-e34cbeb2516845b8 waiting: shared concurrency
2026-09-14T13:15:37.792267+00:00 zenoh-paired-e34cbeb2516845b8 waiting: shared concurrency
2026-09-14T13:16:08.723750+00:00 zenoh-paired-e34cbeb2516845b8 waiting: shared concurrency
2026-09-14T13:16:39.472539+00:00 zenoh-paired-e34cbeb2516845b8 waiting: shared concurrency
2026-09-14T13:17:10.167031+00:00 zenoh-paired-e34cbeb2516845b8 waiting: shared concurrency
2026-09-14T13:17:40.507991+00:00 zenoh-paired-e34cbeb2516845b8 waiting: memory pressure cooldown
2026-09-14T13:18:10.671338+00:00 zenoh-paired-e34cbeb2516845b8 waiting: memory pressure cooldown
2026-09-14T13:36:22.079045+00:00 Full paired regrade 9 / 9: jobs/candidates-zenoh-v3-efforts-20-20260913T221317Z/rs-zenoh-timestamp-instrumentati__YtCswNv
{"summary": "research/zenoh-coverage-followup-2026-09-14/paired-regrades/run-002/summary.json", "validation_passed": true, "regrades": 9, "rewards": [1, 1, 1, 1, 1, 1, 1, 1, 0]}
