#0 building with "desktop-linux" instance using docker driver

#1 [internal] load build definition from Dockerfile
#1 transferring dockerfile: 1.29kB 0.1s done
#1 DONE 0.1s

#2 [internal] load metadata for docker.io/library/python:3.12.11-slim-bookworm@sha256:519591d6871b7bc437060736b9f7456b8731f1499a57e22e6c285135ae657bf7
#2 DONE 0.3s

#3 [internal] load metadata for docker.io/library/rust:1.98.1-bookworm@sha256:9a73a5088750b4c95158ab26629c854c3d6fc4b173cb7bc8079ad252d8ed7bfa
#3 DONE 0.3s

#4 [internal] load .dockerignore
#4 transferring context: 2B 0.0s done
#4 DONE 0.1s

#5 [rust 1/1] FROM docker.io/library/rust:1.98.1-bookworm@sha256:9a73a5088750b4c95158ab26629c854c3d6fc4b173cb7bc8079ad252d8ed7bfa
#5 resolve docker.io/library/rust:1.98.1-bookworm@sha256:9a73a5088750b4c95158ab26629c854c3d6fc4b173cb7bc8079ad252d8ed7bfa 0.0s done
#5 CACHED

#6 [internal] load build context
#6 transferring context: 9.37MB 0.3s done
#6 DONE 0.4s

#7 [stage-1  1/11] FROM docker.io/library/python:3.12.11-slim-bookworm@sha256:519591d6871b7bc437060736b9f7456b8731f1499a57e22e6c285135ae657bf7
#7 resolve docker.io/library/python:3.12.11-slim-bookworm@sha256:519591d6871b7bc437060736b9f7456b8731f1499a57e22e6c285135ae657bf7 0.2s done
#7 DONE 0.3s

#8 [stage-1  5/11] COPY --from=rust /usr/local/cargo /usr/local/cargo
#8 CACHED

#9 [stage-1  6/11] RUN rustup component add rustfmt clippy --toolchain 1.98.1
#9 CACHED

#10 [stage-1  9/11] RUN tar -xzf /tmp/upstream.tar.gz -C /workspace/repo && rm /tmp/upstream.tar.gz
#10 CACHED

#11 [stage-1  3/11] RUN printf '#!/bin/sh\nexec /usr/bin/cc -fuse-ld=lld "$@"\n' > /usr/local/bin/cc && chmod +x /usr/local/bin/cc
#11 CACHED

#12 [stage-1  4/11] COPY --from=rust /usr/local/rustup /usr/local/rustup
#12 CACHED

#13 [stage-1  7/11] WORKDIR /workspace/repo
#13 CACHED

#14 [stage-1  8/11] COPY upstream.tar.gz /tmp/upstream.tar.gz
#14 CACHED

#15 [stage-1  2/11] RUN apt-get update && apt-get install -y --no-install-recommends bash git curl ca-certificates build-essential pkg-config libssl-dev lld && rm -rf /var/lib/apt/lists/*
#15 CACHED

#16 [stage-1 10/11] RUN cargo test --locked -p re_entity_db --lib --test clear --no-run --config 'profile.dev.package."*".opt-level=0'
#16 CACHED

#17 [stage-1 11/11] COPY . /tests
#17 DONE 0.2s

#18 exporting to image
#18 exporting layers
#18 exporting layers 0.9s done
#18 exporting manifest sha256:4c8398a564ced4f8cba6e4d5d221274c7997462167aaf1b03d51210aa4bb8548
#18 exporting manifest sha256:4c8398a564ced4f8cba6e4d5d221274c7997462167aaf1b03d51210aa4bb8548 0.1s done
#18 exporting config sha256:c9e8b78c94b8377ca721598ff601d043e22f0c7eb00aa58f0f413e688ce7d195
#18 exporting config sha256:c9e8b78c94b8377ca721598ff601d043e22f0c7eb00aa58f0f413e688ce7d195 0.1s done
#18 exporting attestation manifest sha256:c3f396b4065021cc088a2c0d711c0b98e2b522f9d20d84591849d03de3d4198a
#18 exporting attestation manifest sha256:c3f396b4065021cc088a2c0d711c0b98e2b522f9d20d84591849d03de3d4198a 0.1s done
#18 exporting manifest list sha256:c11118b74919dd70aabc5ba2b2b767c029e4a6565c44e695c2c61ba0aa64cec2 0.1s done
#18 naming to docker.io/library/abundant-rerun-selected-time-verifier:v1
#18 naming to docker.io/library/abundant-rerun-selected-time-verifier:v1 0.0s done
#18 unpacking to docker.io/library/abundant-rerun-selected-time-verifier:v1
#18 unpacking to docker.io/library/abundant-rerun-selected-time-verifier:v1 0.9s done
#18 DONE 2.4s

View build details: docker-desktop://dashboard/build/desktop-linux/desktop-linux/4ibp8l7dqrscdmddqov55nggm
