   Compiling serde v1.0.229
   Compiling rustversion v1.0.23
   Compiling schemars v1.2.2
   Compiling token-cell v2.1.1
   Compiling zenoh-macros v1.10.1 (/zenoh/commons/zenoh-macros)
   Compiling ron v0.12.2
   Compiling zenoh-keyexpr v1.10.1 (/zenoh/commons/zenoh-keyexpr)
   Compiling uhlc v0.8.2
   Compiling tracing-serde v0.2.0
   Compiling ipnetwork v0.20.0
   Compiling zenoh-runtime v1.10.1 (/zenoh/commons/zenoh-runtime)
   Compiling tracing-subscriber v0.3.23
   Compiling zenoh-core v1.10.1 (/zenoh/commons/zenoh-core)
   Compiling pnet_datalink v0.35.0
   Compiling zenoh-protocol v1.10.1 (/zenoh/commons/zenoh-protocol)
   Compiling zenoh-util v1.10.1 (/zenoh/commons/zenoh-util)
   Compiling json5 v0.4.1
   Compiling serde_yaml v0.9.34+deprecated
   Compiling secrecy v0.8.0
   Compiling validated_struct v2.2.0
   Compiling nonempty-collections v0.3.1
   Compiling zenoh-config v1.10.1 (/zenoh/commons/zenoh-config)
   Compiling zenoh-codec v1.10.1 (/zenoh/commons/zenoh-codec)
   Compiling zenoh-link-commons v1.10.1 (/zenoh/io/zenoh-link-commons)
   Compiling stabby-abi v72.1.16
   Compiling zenoh-link-tcp v1.10.1 (/zenoh/io/zenoh-links/zenoh-link-tcp)
   Compiling arc-swap v1.9.2
   Compiling zenoh-sync v1.10.1 (/zenoh/commons/zenoh-sync)
   Compiling zenoh-link v1.10.1 (/zenoh/io/zenoh-link)
   Compiling zenoh-task v1.10.1 (/zenoh/commons/zenoh-task)
   Compiling zenoh v1.10.1 (/zenoh/zenoh)
   Compiling zenoh-transport v1.10.1 (/zenoh/io/zenoh-transport)
   Compiling stabby v72.1.16
   Compiling zenoh-plugin-trait v1.10.1 (/zenoh/plugins/zenoh-plugin-trait)
   Compiling zenoh-demand-repro v0.1.0 (/repro)
    Finished `dev` profile [unoptimized + debuginfo] target(s) in 45.15s
