0/first-declaration replies=1 elapsed_us=1127
0/settled-before-disconnect replies=1 elapsed_us=652
0/after-reconnect-immediate replies=0 elapsed_us=70
0/after-reconnect-settled replies=1 elapsed_us=917
0/redeclare-without-disconnect-immediate replies=1 elapsed_us=515
0/redeclare-without-disconnect-settled replies=1 elapsed_us=656
1/first-declaration replies=1 elapsed_us=495
1/settled-before-disconnect replies=1 elapsed_us=680
1/after-reconnect-immediate replies=0 elapsed_us=70
1/after-reconnect-settled replies=1 elapsed_us=752
1/redeclare-without-disconnect-immediate replies=1 elapsed_us=415
1/redeclare-without-disconnect-settled replies=1 elapsed_us=625
2/first-declaration replies=1 elapsed_us=505
2/settled-before-disconnect replies=1 elapsed_us=640
2/after-reconnect-immediate replies=0 elapsed_us=191
2/after-reconnect-settled replies=1 elapsed_us=8526
2/redeclare-without-disconnect-immediate replies=1 elapsed_us=500
2/redeclare-without-disconnect-settled replies=1 elapsed_us=757
3/first-declaration replies=1 elapsed_us=496
3/settled-before-disconnect replies=1 elapsed_us=705
3/after-reconnect-immediate replies=0 elapsed_us=69
3/after-reconnect-settled replies=1 elapsed_us=2490
3/redeclare-without-disconnect-immediate replies=1 elapsed_us=594
3/redeclare-without-disconnect-settled replies=1 elapsed_us=762
4/first-declaration replies=1 elapsed_us=688
4/settled-before-disconnect replies=1 elapsed_us=649
4/after-reconnect-immediate replies=0 elapsed_us=79
4/after-reconnect-settled replies=1 elapsed_us=723
4/redeclare-without-disconnect-immediate replies=1 elapsed_us=815
4/redeclare-without-disconnect-settled replies=1 elapsed_us=850
