   Compiling proc-macro2 v1.0.107
   Compiling quote v1.0.47
   Compiling unicode-ident v1.0.24
   Compiling cfg-if v1.0.4
   Compiling libc v0.2.189
   Compiling syn v2.0.119
   Compiling syn v3.0.5
   Compiling serde_core v1.0.229
   Compiling serde v1.0.229
   Compiling serde_derive v1.0.229
   Compiling autocfg v1.5.1
   Compiling libm v0.2.16
   Compiling num-traits v0.2.19
   Compiling bytemuck_derive v1.12.1
   Compiling zerocopy v0.8.57
   Compiling bytemuck v1.25.2
   Compiling zerocopy-derive v0.8.57
   Compiling version_check v0.9.5
   Compiling memchr v2.8.3
   Compiling once_cell v1.21.4
   Compiling bitflags v2.13.2
   Compiling rand_core v0.10.1
   Compiling getrandom v0.4.3
   Compiling foldhash v0.2.0
   Compiling equivalent v1.0.2
   Compiling allocator-api2 v0.2.21
   Compiling paste v1.0.15
   Compiling crossbeam-utils v0.8.23
   Compiling parking v2.2.1
   Compiling zmij v1.0.23
   Compiling cfg_aliases v0.2.2
   Compiling pin-project-lite v0.2.17
   Compiling pulp v0.22.3
   Compiling smallvec v1.16.1
   Compiling portable-atomic v1.15.0
   Compiling half v2.7.1
   Compiling scopeguard v1.2.0
   Compiling typenum v1.20.1
   Compiling object v0.37.3
   Compiling serde_json v1.0.151
   Compiling parking_lot_core v0.9.12
   Compiling hybrid-array v0.4.15
   Compiling lock_api v0.4.14
   Compiling event-listener v5.4.2
   Compiling hashbrown v0.17.1
   Compiling chacha20 v0.10.2
   Compiling num-complex v0.4.6
   Compiling ciborium-io v0.2.2
   Compiling unicode-segmentation v1.13.3
   Compiling dyn-stack-macros v0.1.3
   Compiling futures-core v0.3.34
   Compiling pulp-wasm-simd-flag v0.1.1
   Compiling log v0.4.34
   Compiling adler2 v2.0.1
   Compiling reborrow v0.5.5
   Compiling winnow v1.0.4
   Compiling itoa v1.0.18
   Compiling gimli v0.32.3
   Compiling fastrand v2.5.0
   Compiling toml_parser v1.1.3+spec-1.1.0
   Compiling addr2line v0.25.1
   Compiling miniz_oxide v0.8.9
   Compiling dyn-stack v0.13.2
   Compiling convert_case v0.10.0
   Compiling ciborium-ll v0.2.2
   Compiling rand v0.10.2
   Compiling event-listener-strategy v0.5.4
   Compiling concurrent-queue v2.5.0
   Compiling cubecl-environment v0.11.0-pre.3 (https://github.com/tracel-ai/cubecl?rev=359770be3c9fe69c0b0f4c6f7697062a86bbf4a8#359770be)
   Compiling raw-cpuid v11.6.0
   Compiling toml_datetime v1.1.1+spec-1.1.0
   Compiling serde_spanned v1.1.1
   Compiling derive-new v0.7.0
   Compiling fnv v1.0.7
   Compiling rustc-demangle v0.1.28
   Compiling ident_case v1.0.1
   Compiling toml_writer v1.1.2+spec-1.1.0
   Compiling unicode-xid v0.2.6
   Compiling futures-io v0.3.34
   Compiling seq-macro v0.3.6
   Compiling futures-lite v2.6.1
   Compiling gemm-common v0.19.0
   Compiling derive_more-impl v2.1.1
   Compiling toml v1.1.6+spec-1.1.0
   Compiling darling_core v0.21.3
   Compiling backtrace v0.3.76
   Compiling parking_lot v0.12.5
   Compiling spin v0.12.3
   Compiling async-channel v2.5.0
   Compiling ciborium v0.2.2
   Compiling cubecl-common v0.11.0-pre.3 (https://github.com/tracel-ai/cubecl?rev=359770be3c9fe69c0b0f4c6f7697062a86bbf4a8#359770be)
   Compiling nom v8.0.0
   Compiling ahash v0.8.12
   Compiling serde_bytes v0.11.19
   Compiling etcetera v0.11.0
   Compiling bytes v1.12.1
   Compiling thiserror v2.0.20
   Compiling web-time v1.1.0
   Compiling embassy-futures v0.1.2
   Compiling oneshot v0.2.1
   Compiling tynm v0.2.0
   Compiling derive_more v2.1.1
   Compiling darling_macro v0.21.3
   Compiling crypto-common v0.2.2
   Compiling float8 v0.7.0
   Compiling hashbrown v0.16.1
   Compiling thiserror-impl v2.0.20
   Compiling darling v0.21.3
   Compiling cubecl-zspace v0.11.0-pre.3 (https://github.com/tracel-ai/cubecl?rev=359770be3c9fe69c0b0f4c6f7697062a86bbf4a8#359770be)
   Compiling rand_distr v0.6.0
   Compiling jobserver v0.1.35
   Compiling find-msvc-tools v0.1.12
   Compiling cmov v0.5.4
   Compiling zeroize v1.9.0
   Compiling shlex v2.0.1
   Compiling uuid v1.26.1
   Compiling data-encoding v2.11.1
   Compiling cc v1.4.5
   Compiling burn-std v0.22.0-pre.3 (/research/cache/burn-review/crates/burn-std)
   Compiling block-buffer v0.12.1
   Compiling ctutils v0.4.2
   Compiling enumset_derive v0.15.0
   Compiling pkg-config v0.3.34
   Compiling const-oid v0.10.2
   Compiling digest v0.11.3
   Compiling zstd-sys v2.1.0+zstd.1.5.7
   Compiling enumset v1.1.14
   Compiling gemm-f32 v0.19.0
   Compiling gemm-f16 v0.19.0
   Compiling burn-backend v0.22.0-pre.3 (/research/cache/burn-review/crates/burn-backend)
   Compiling gemm-c64 v0.19.0
   Compiling gemm-f64 v0.19.0
   Compiling gemm-c32 v0.19.0
   Compiling cpufeatures v0.3.1
   Compiling rustix v1.1.4
   Compiling gemm v0.19.0
   Compiling burn-ir v0.22.0-pre.3 (/research/cache/burn-review/crates/burn-ir)
   Compiling zstd-safe v7.3.0
   Compiling linux-raw-sys v0.12.1
   Compiling burn-dispatch v0.22.0-pre.3 (/research/cache/burn-review/crates/burn-dispatch)
   Compiling crc32fast v1.5.2
   Compiling burn-flex v0.22.0-pre.3 (/research/cache/burn-review/crates/burn-flex)
   Compiling inout v0.2.2
   Compiling aho-corasick v1.1.5
   Compiling burn-backend-extension v0.22.0-pre.3 (/research/cache/burn-review/crates/burn-backend-extension)
   Compiling regex-syntax v0.8.11
   Compiling regex-automata v0.4.18
   Compiling cipher v0.5.2
   Compiling sha2 v0.11.0
   Compiling hmac v0.13.0
   Compiling burn-derive v0.22.0-pre.3 (/research/cache/burn-review/crates/burn-derive)
   Compiling colored v3.1.1
   Compiling num-conv v0.2.2
   Compiling powerfmt v0.2.0
   Compiling time-core v0.1.9
   Compiling simd-adler32 v0.3.10
   Compiling libbz2-rs-sys v0.2.5
   Compiling zlib-rs v0.6.7
   Compiling bumpalo v3.20.3
   Compiling cpubits v0.1.1
   Compiling byteorder v1.5.0
   Compiling deranged v0.5.8
   Compiling time v0.3.55
   Compiling burn-pack v0.22.0-pre.3 (/research/cache/burn-review/crates/burn-pack)
   Compiling aes v0.9.3
   Compiling burn-tensor v0.22.0-pre.3 (/research/cache/burn-review/crates/burn-tensor)
   Compiling zopfli v0.8.3
   Compiling flate2 v1.1.10
   Compiling bzip2 v0.6.1
   Compiling pbkdf2 v0.13.0
   Compiling lzma-rust2 v0.16.5
   Compiling zstd v0.13.3
   Compiling regex v1.13.1
   Compiling xattr v1.6.1
   Compiling sha1 v0.11.0
   Compiling indexmap v2.14.2
   Compiling filetime v0.2.29
   Compiling ppmd-rust v1.4.1
   Compiling deflate64 v0.1.12
   Compiling constant_time_eq v0.4.2
   Compiling typed-path v0.12.3
   Compiling zip v8.6.0
   Compiling tar v0.4.46
   Compiling burn-core v0.22.0-pre.3 (/research/cache/burn-review/crates/burn-core)
   Compiling safetensors v0.7.0
   Compiling memmap2 v0.9.11
   Compiling textdistance v1.1.1
   Compiling burn-store v0.22.0-pre.3 (/research/cache/burn-review/crates/burn-store)
   Compiling tempfile v3.27.0
   Compiling burn-demand-repro v0.1.0 (/research/rust-package-review/burn-repro)
    Finished `dev` profile [unoptimized + debuginfo] target(s) in 1m 01s
     Running `target/debug/burn-demand-repro`

thread 'main' (1) panicked at src/main.rs:37:44:
called `Result::unwrap()` on an `Err` value: Os { code: 2, kind: NotFound, message: "No such file or directory" }
note: run with `RUST_BACKTRACE=1` environment variable to display a backtrace
