    Updating crates.io index
    Updating git repository `https://github.com/tracel-ai/cubecl`
    Updating git repository `https://github.com/tracel-ai/cubek`
    Updating git repository `https://github.com/pliron-org/pliron.git`
    Updating git repository `https://github.com/tracel-ai/tracel-llvm.git`
     Locking 509 packages to latest Rust 1.98.1 compatible versions
      Adding generic-array v0.14.7 (available: v0.14.9)
 Downloading crates ...
  Downloaded addr2line v0.25.1
  Downloaded futures-task v0.3.34
  Downloaded memmap2 v0.9.11
  Downloaded float-ord v0.3.2
  Downloaded equivalent v1.0.2
  Downloaded etcetera v0.11.0
  Downloaded toml_datetime v1.1.1+spec-1.1.0
  Downloaded tynm v0.2.0
  Downloaded fallible-streaming-iterator v0.1.9
  Downloaded unicode-ident v1.0.24
  Downloaded form_urlencoded v1.2.2
  Downloaded event-listener-strategy v0.5.4
  Downloaded gemm-f16 v0.19.0
  Downloaded gemm-c32 v0.19.0
  Downloaded gemm-c64 v0.19.0
  Downloaded unicode-xid v0.2.6
  Downloaded futures-core v0.3.34
  Downloaded errno v0.3.14
  Downloaded itoa v1.0.18
  Downloaded gemm-f64 v0.19.0
  Downloaded inout v0.2.2
  Downloaded version_check v0.9.5
  Downloaded ident_case v1.0.1
  Downloaded idna_adapter v1.2.2
  Downloaded utf8-zero v0.8.1
  Downloaded atomic_float v1.1.0
  Downloaded linkme-impl v0.3.37
  Downloaded gemm-f32 v0.19.0
  Downloaded inout v0.1.4
  Downloaded wayland-sys v0.31.11
  Downloaded mutants v0.0.3
  Downloaded zerofrom v0.1.8
  Downloaded futures-io v0.3.34
  Downloaded wgpu-core-deps-windows-linux-android v30.0.1
  Downloaded utf8-chars v3.0.7
  Downloaded awint_macros v0.19.0
  Downloaded generic-array v0.14.7
  Downloaded macerator-macros v0.2.0
  Downloaded adler2 v2.0.1
  Downloaded naga-types v30.0.1
  Downloaded inflections v1.1.1
  Downloaded khronos-egl v6.0.0
  Downloaded lazy_static v1.5.0
  Downloaded utf8_iter v1.0.4
  Downloaded wgpu-naga-bridge v30.0.1
  Downloaded fnv v1.0.7
  Downloaded embassy-futures v0.1.2
  Downloaded untrusted v0.9.0
  Downloaded pulp-wasm-simd-flag v0.1.1
  Downloaded rand_chacha v0.3.1
  Downloaded recasting v0.2.3
  Downloaded block-buffer v0.10.4
  Downloaded block-buffer v0.12.1
  Downloaded yoke-derive v0.8.2
  Downloaded zerofrom-derive v0.1.7
  Downloaded cpubits v0.1.1
  Downloaded time-core v0.1.9
  Downloaded find-msvc-tools v0.1.12
  Downloaded filetime v0.2.29
  Downloaded enumset_derive v0.15.0
  Downloaded webpki-roots v0.26.11
  Downloaded float8 v0.7.0
  Downloaded fallible-iterator v0.3.0
  Downloaded gemm v0.19.0
  Downloaded gemm-common v0.19.0
  Downloaded buildid v1.0.5
  Downloaded variadics_please v2.0.0
  Downloaded jobserver v0.1.35
  Downloaded foldhash v0.2.0
  Downloaded xattr v1.6.1
  Downloaded fastrand v2.5.0
  Downloaded moddef v0.3.0
  Downloaded rustc_version v0.4.1
  Downloaded enumset v1.1.14
  Downloaded linkme v0.3.37
  Downloaded sanitize-filename v0.6.0
  Downloaded subtle v2.6.1
  Downloaded const-random v0.1.18
  Downloaded darling_macro v0.24.1
  Downloaded dlib v0.5.3
  Downloaded once_vec v0.4.0
  Downloaded thiserror v2.0.20
  Downloaded tinystr v0.8.4
  Downloaded sha2 v0.10.9
  Downloaded slab v0.4.12
  Downloaded termcolor v1.4.1
  Downloaded thiserror-impl v1.0.69
  Downloaded cipher v0.4.4
  Downloaded web-time v1.1.0
  Downloaded byteorder v1.5.0
  Downloaded walkdir v2.5.0
  Downloaded cipher v0.5.2
  Downloaded event-listener v5.4.2
  Downloaded hashlink v0.12.2
  Downloaded libloading v0.8.9
  Downloaded autocfg v1.5.1
  Downloaded getrandom v0.2.17
  Downloaded foldhash v0.1.5
  Downloaded httparse v1.10.1
  Downloaded hybrid-array v0.4.15
  Downloaded libloading v0.9.0
  Downloaded bit-set v0.10.0
  Downloaded litemap v0.8.3
  Downloaded xxhash-rust v0.8.18
  Downloaded internment v0.8.6
  Downloaded lock_api v0.4.14
  Downloaded hmac v0.12.1
  Downloaded liblzma v0.4.8
  Downloaded macerator v0.3.4
  Downloaded awint v0.19.0
  Downloaded zstd v0.11.2+zstd.1.5.2
  Downloaded zeroize v1.9.0
  Downloaded getrandom v0.4.3
  Downloaded futures-lite v2.6.1
  Downloaded libbz2-rs-sys v0.2.5
  Downloaded matrixmultiply v0.3.11
  Downloaded async-channel v2.5.0
  Downloaded zstd-safe v5.0.2+zstd.1.5.2
  Downloaded serde_bytes v0.11.19
  Downloaded litrs v1.0.0
  Downloaded stable_deref_trait v1.2.1
  Downloaded float4 v0.2.0
  Downloaded icu_provider v2.3.1
  Downloaded seq-macro v0.3.6
  Downloaded awint_internals v0.19.0
  Downloaded hmac v0.13.0
  Downloaded zmij v1.0.23
  Downloaded zstd v0.13.3
  Downloaded llvm-sys v231.0.0
  Downloaded spirv v0.4.0+sdk-1.4.341.0
  Downloaded half v2.7.1
  Downloaded rustc-demangle v0.1.28
  Downloaded constant_time_eq v0.4.2
  Downloaded digest v0.11.3
  Downloaded gpu-allocator v0.28.0
  Downloaded log v0.4.34
  Downloaded miniz_oxide v0.8.9
  Downloaded reborrow v0.5.5
  Downloaded ciborium-io v0.2.2
  Downloaded potential_utf v0.1.6
  Downloaded constcat v0.6.1
  Downloaded serde_spanned v1.1.1
  Downloaded hi_sparse_bitset v0.9.0
  Downloaded tracing-attributes v0.1.31
  Downloaded tiny-keccak v2.0.2
  Downloaded toml_writer v1.1.2+spec-1.1.0
  Downloaded bytes v1.12.1
  Downloaded zerovec-derive v0.11.6
  Downloaded zstd-safe v7.3.0
  Downloaded anyhow v1.0.104
  Downloaded awint_macro_internals v0.19.0
  Downloaded icu_collections v2.3.0
  Downloaded icu_locale_core v2.3.0
  Downloaded miniz_oxide v0.9.1
  Downloaded yoke v0.8.3
  Downloaded icu_normalizer_data v2.3.0
  Downloaded base64ct v1.8.3
  Downloaded rustls-webpki v0.103.15
  Downloaded writeable v0.6.4
  Downloaded serde v1.0.229
  Downloaded ahash v0.8.12
  Downloaded flate2 v1.1.10
  Downloaded indexmap v2.14.2
  Downloaded icu_properties v2.3.0
  Downloaded memchr v2.8.3
  Downloaded awint_dag v0.19.0
  Downloaded bit-vec v0.9.1
  Downloaded cmov v0.5.4
  Downloaded hashbrown v0.13.2
  Downloaded simd-adler32 v0.3.10
  Downloaded dyn-stack-macros v0.1.3
  Downloaded http v1.5.0
  Downloaded raw-cpuid v11.6.0
  Downloaded rustc-hash v2.1.3
  Downloaded hashbrown v0.15.5
  Downloaded pbkdf2 v0.11.0
  Downloaded toml_parser v1.1.3+spec-1.1.0
  Downloaded chacha20 v0.10.2
  Downloaded darling v0.20.11
  Downloaded document-features v0.2.12
  Downloaded ppmd-rust v1.4.1
  Downloaded downcast-rs v2.0.2
  Downloaded hashbrown v0.16.1
  Downloaded idna v1.1.0
  Downloaded const-random-macro v0.1.16
  Downloaded libm v0.2.16
  Downloaded hashbrown v0.17.1
  Downloaded itertools v0.15.0
  Downloaded const_fn v0.4.12
  Downloaded num_cpus v1.17.0
  Downloaded serde_json v1.0.151
  Downloaded toml v1.1.6+spec-1.1.0
  Downloaded futures-util v0.3.34
  Downloaded glow v0.17.0
  Downloaded icu_properties_data v2.3.0
  Downloaded zopfli v0.8.3
  Downloaded arrayvec v0.7.8
  Downloaded bitflags v2.13.2
  Downloaded awint_core v0.19.0
  Downloaded awint_ext v0.19.0
  Downloaded zip v0.6.6
  Downloaded displaydoc v0.2.7
  Downloaded convert_case v0.10.0
  Downloaded sysinfo v0.39.6
  Downloaded bytemuck v1.25.2
  Downloaded lzma-rust2 v0.16.5
  Downloaded gimli v0.32.3
  Downloaded thiserror v1.0.69
  Downloaded ctutils v0.4.2
  Downloaded rand_core v0.10.1
  Downloaded uuid v1.26.1
  Downloaded regex-syntax v0.8.11
  Downloaded allocator-api2 v0.2.21
  Downloaded tempfile v3.27.0
  Downloaded presser v0.3.1
  Downloaded bzip2 v0.4.4
  Downloaded colored v3.1.1
  Downloaded sha1 v0.11.0
  Downloaded darling_macro v0.21.3
  Downloaded icu_normalizer v2.3.0
  Downloaded tracing-core v0.1.36
  Downloaded oneshot v0.2.1
  Downloaded portable-atomic-util v0.2.8
  Downloaded ordered-float v5.5.0
  Downloaded crunchy v0.2.4
  Downloaded ciborium-ll v0.2.2
  Downloaded option-ext v0.2.0
  Downloaded backtrace v0.3.76
  Downloaded ureq-proto v0.6.2
  Downloaded base64 v0.22.1
  Downloaded base64 v0.23.1
  Downloaded convert_case v0.11.0
  Downloaded num-complex v0.4.6
  Downloaded const-oid v0.10.2
  Downloaded libc v0.2.189
  Downloaded naga v30.0.1
  Downloaded darling v0.21.3
  Downloaded unicode-segmentation v1.13.3
  Downloaded ppv-lite86 v0.2.21
  Downloaded url v2.5.8
  Downloaded typenum v1.20.1
  Downloaded zerotrie v0.2.5
  Downloaded aes v0.9.3
  Downloaded regex-lite v0.1.9
  Downloaded sha2 v0.11.0
  Downloaded crc32fast v1.5.2
  Downloaded once_cell v1.21.4
  Downloaded bumpalo v3.20.3
  Downloaded darling_core v0.24.1
  Downloaded rand_distr v0.6.0
  Downloaded prettyplease v0.3.0
  Downloaded textdistance v1.1.1
  Downloaded unsynn v0.3.0
  Downloaded typed-path v0.12.3
  Downloaded ureq v2.12.1
  Downloaded zerocopy-derive v0.8.57
  Downloaded rand v0.8.8
  Downloaded serde_core v1.0.229
  Downloaded proc-macro2 v1.0.107
  Downloaded codespan-reporting v0.13.1
  Downloaded pbkdf2 v0.13.0
  Downloaded rand v0.10.2
  Downloaded zerovec v0.11.8
  Downloaded cc v1.4.5
  Downloaded triple_arena v0.15.1
  Downloaded wgpu-types v30.0.1
  Downloaded aes v0.8.4
  Downloaded liblzma-sys v0.4.8
  Downloaded ureq v3.4.1
  Downloaded zip v8.6.0
  Downloaded aho-corasick v1.1.5
  Downloaded pulp v0.22.3
  Downloaded winnow v1.0.4
  Downloaded wide v1.7.0
  Downloaded zlib-rs v0.6.7
  Downloaded webpki-roots v1.0.9
  Downloaded wgpu v30.0.1
  Downloaded torch-sys v0.22.0
  Downloaded vcpkg v0.2.15
  Downloaded linux-raw-sys v0.12.1
  Downloaded zerocopy v0.8.57
  Downloaded unicode-width v0.2.2
  Downloaded ndarray v0.16.1
  Downloaded time v0.3.55
  Downloaded wgpu-core v30.0.1
  Downloaded ash v0.38.0+1.3.281
  Downloaded rustix v1.1.4
  Downloaded tracing v0.1.44
  Downloaded libsqlite3-sys v0.38.2
  Downloaded wgpu-hal v30.0.1
  Downloaded cudarc v0.19.9
  Downloaded regex-automata v0.4.18
  Downloaded zstd-sys v2.1.0+zstd.1.5.7
  Downloaded ring v0.17.14
  Downloaded parking v2.2.1
  Downloaded pkg-config v0.3.34
  Downloaded critical-section v1.2.0
  Downloaded rustc-hash v1.1.0
  Downloaded crypto-common v0.2.2
  Downloaded rawpointer v0.2.1
  Downloaded pin-project-lite v0.2.17
  Downloaded derive-new v0.7.0
  Downloaded paste v1.0.15
  Downloaded rand_core v0.6.4
  Downloaded num-traits v0.2.19
  Downloaded darling_core v0.21.3
  Downloaded scopeguard v1.2.0
  Downloaded constant_time_eq v0.1.5
  Downloaded same-file v1.0.6
  Downloaded cpufeatures v0.3.1
  Downloaded cpufeatures v0.2.17
  Downloaded darling_macro v0.20.11
  Downloaded profiling v1.0.18
  Downloaded cfg-if v1.0.4
  Downloaded renderdoc-sys v1.1.0
  Downloaded num-conv v0.2.2
  Downloaded crypto-common v0.1.7
  Downloaded percent-encoding v2.3.2
  Downloaded sha1 v0.10.7
  Downloaded powerfmt v0.2.0
  Downloaded dyn-clone v1.0.20
  Downloaded cfg_aliases v0.2.2
  Downloaded deflate64 v0.1.12
  Downloaded num-integer v0.1.47
  Downloaded thiserror-impl v2.0.20
  Downloaded static_assertions v1.1.0
  Downloaded digest v0.10.7
  Downloaded either v1.18.0
  Downloaded text_placeholder v0.5.1
  Downloaded shlex v2.0.1
  Downloaded synstructure v0.13.2
  Downloaded dirs-sys v0.5.0
  Downloaded concurrent-queue v2.5.0
  Downloaded safetensors v0.7.0
  Downloaded dirs v6.0.0
  Downloaded quote v1.0.47
  Downloaded data-encoding v2.11.1
  Downloaded safetensors v0.3.3
  Downloaded bytemuck_derive v1.12.1
  Downloaded dyn-stack v0.13.2
  Downloaded strsim v0.11.1
  Downloaded deranged v0.5.8
  Downloaded smallvec v1.16.1
  Downloaded bzip2 v0.6.1
  Downloaded parking_lot_core v0.9.12
  Downloaded password-hash v0.4.2
  Downloaded spin v0.12.3
  Downloaded raw-window-handle v0.6.2
  Downloaded ciborium v0.2.2
  Downloaded parking_lot v0.12.5
  Downloaded crossbeam-utils v0.8.23
  Downloaded serde_derive v1.0.229
  Downloaded rustls-pki-types v1.15.1
  Downloaded slotmap v1.1.1
  Downloaded darling v0.24.1
  Downloaded tar v0.4.46
  Downloaded darling_core v0.20.11
  Downloaded semver v1.0.28
  Downloaded nom v8.0.0
  Downloaded combine v4.6.8
  Downloaded derive_more v2.1.1
  Downloaded rustc_apfloat v0.2.3+llvm-462a31f5a5ab
  Downloaded derive_more-impl v2.1.1
  Downloaded regex v1.13.1
  Downloaded portable-atomic v1.15.0
  Downloaded rusqlite v0.40.2
  Downloaded ndarray v0.17.2
  Downloaded syn v3.0.5
  Downloaded syn v2.0.119
  Downloaded object v0.37.3
  Downloaded rustls v0.23.44
  Downloaded bzip2-sys v0.1.13+1.0.8
  Downloaded cubecl-hip-sys v7.14.6085000
  Downloaded tch v0.22.0
   Compiling proc-macro2 v1.0.107
   Compiling quote v1.0.47
   Compiling unicode-ident v1.0.24
   Compiling cfg-if v1.0.4
   Compiling libc v0.2.189
   Compiling serde_core v1.0.229
   Compiling syn v3.0.5
   Compiling syn v2.0.119
   Compiling serde v1.0.229
   Compiling serde_derive v1.0.229
   Compiling autocfg v1.5.1
   Compiling libm v0.2.16
   Compiling num-traits v0.2.19
   Compiling bytemuck_derive v1.12.1
   Compiling bytemuck v1.25.2
   Compiling zerocopy v0.8.57
   Compiling zerocopy-derive v0.8.57
   Compiling version_check v0.9.5
   Compiling memchr v2.8.3
   Compiling once_cell v1.21.4
   Compiling rand_core v0.10.1
   Compiling getrandom v0.4.3
   Compiling bitflags v2.13.2
   Compiling equivalent v1.0.2
   Compiling allocator-api2 v0.2.21
   Compiling foldhash v0.2.0
   Compiling pin-project-lite v0.2.17
   Compiling zmij v1.0.23
   Compiling crossbeam-utils v0.8.23
   Compiling parking v2.2.1
   Compiling cfg_aliases v0.2.2
   Compiling paste v1.0.15
   Compiling pulp v0.22.3
   Compiling smallvec v1.16.1
   Compiling scopeguard v1.2.0
   Compiling portable-atomic v1.15.0
   Compiling half v2.7.1
   Compiling object v0.37.3
   Compiling serde_json v1.0.151
   Compiling typenum v1.20.1
   Compiling parking_lot_core v0.9.12
   Compiling lock_api v0.4.14
   Compiling hybrid-array v0.4.15
   Compiling event-listener v5.4.2
   Compiling hashbrown v0.17.1
   Compiling chacha20 v0.10.2
   Compiling num-complex v0.4.6
   Compiling futures-core v0.3.34
   Compiling fastrand v2.5.0
   Compiling adler2 v2.0.1
   Compiling winnow v1.0.4
   Compiling itoa v1.0.18
   Compiling unicode-segmentation v1.13.3
   Compiling pulp-wasm-simd-flag v0.1.1
   Compiling log v0.4.34
   Compiling ciborium-io v0.2.2
   Compiling reborrow v0.5.5
   Compiling gimli v0.32.3
   Compiling dyn-stack-macros v0.1.3
   Compiling dyn-stack v0.13.2
   Compiling addr2line v0.25.1
   Compiling ciborium-ll v0.2.2
   Compiling convert_case v0.10.0
   Compiling toml_parser v1.1.3+spec-1.1.0
   Compiling miniz_oxide v0.8.9
   Compiling rand v0.10.2
   Compiling event-listener-strategy v0.5.4
   Compiling concurrent-queue v2.5.0
   Compiling cubecl-environment v0.11.0-pre.3 (https://github.com/tracel-ai/cubecl?rev=359770be3c9fe69c0b0f4c6f7697062a86bbf4a8#359770be)
   Compiling raw-cpuid v11.6.0
   Compiling toml_datetime v1.1.1+spec-1.1.0
   Compiling serde_spanned v1.1.1
   Compiling derive-new v0.7.0
   Compiling toml_writer v1.1.2+spec-1.1.0
   Compiling unicode-xid v0.2.6
   Compiling seq-macro v0.3.6
   Compiling ident_case v1.0.1
   Compiling futures-io v0.3.34
   Compiling rustc-demangle v0.1.28
   Compiling fnv v1.0.7
   Compiling darling_core v0.21.3
   Compiling backtrace v0.3.76
   Compiling futures-lite v2.6.1
   Compiling gemm-common v0.19.0
   Compiling derive_more-impl v2.1.1
   Compiling toml v1.1.6+spec-1.1.0
   Compiling parking_lot v0.12.5
   Compiling spin v0.12.3
   Compiling async-channel v2.5.0
   Compiling ciborium v0.2.2
   Compiling cubecl-common v0.11.0-pre.3 (https://github.com/tracel-ai/cubecl?rev=359770be3c9fe69c0b0f4c6f7697062a86bbf4a8#359770be)
   Compiling nom v8.0.0
   Compiling ahash v0.8.12
   Compiling serde_bytes v0.11.19
   Compiling etcetera v0.11.0
   Compiling bytes v1.12.1
   Compiling oneshot v0.2.1
   Compiling web-time v1.1.0
   Compiling embassy-futures v0.1.2
   Compiling thiserror v2.0.20
   Compiling tynm v0.2.0
   Compiling derive_more v2.1.1
   Compiling darling_macro v0.21.3
   Compiling crypto-common v0.2.2
   Compiling float8 v0.7.0
   Compiling hashbrown v0.16.1
   Compiling thiserror-impl v2.0.20
   Compiling darling v0.21.3
   Compiling cubecl-zspace v0.11.0-pre.3 (https://github.com/tracel-ai/cubecl?rev=359770be3c9fe69c0b0f4c6f7697062a86bbf4a8#359770be)
   Compiling rand_distr v0.6.0
   Compiling jobserver v0.1.35
   Compiling cmov v0.5.4
   Compiling find-msvc-tools v0.1.12
   Compiling uuid v1.26.1
   Compiling shlex v2.0.1
   Compiling zeroize v1.9.0
   Compiling data-encoding v2.11.1
   Compiling block-buffer v0.12.1
   Compiling burn-std v0.22.0-pre.3 (/research/cache/burn-review/crates/burn-std)
   Compiling cc v1.4.5
   Compiling ctutils v0.4.2
   Compiling enumset_derive v0.15.0
   Compiling pkg-config v0.3.34
   Compiling const-oid v0.10.2
   Compiling digest v0.11.3
   Compiling zstd-sys v2.1.0+zstd.1.5.7
   Compiling enumset v1.1.14
   Compiling gemm-f32 v0.19.0
   Compiling gemm-f16 v0.19.0
   Compiling burn-backend v0.22.0-pre.3 (/research/cache/burn-review/crates/burn-backend)
error: instruction requires: fullfp16
    --> /usr/local/cargo/registry/src/index.crates.io-1949cf8c6b5b557f/gemm-common-0.19.0/src/simd.rs:1994:18
     |
1994 |                 "fmla {0:v}.8h, {1:v}.8h, {2:v}.h[0]",
     |                  ^^^^^^^^^^^^^^^^^^^^^^^^^^^^^^^^^^^
     |
note: instantiated into assembly here
    --> <inline asm>:1:2
     |
   1 |     fmla v0.8h, v1.8h, v2.h[0]
     |     ^

error: instruction requires: fullfp16
    --> /usr/local/cargo/registry/src/index.crates.io-1949cf8c6b5b557f/gemm-common-0.19.0/src/simd.rs:2000:18
     |
2000 |                 "fmla {0:v}.8h, {1:v}.8h, {2:v}.h[1]",
     |                  ^^^^^^^^^^^^^^^^^^^^^^^^^^^^^^^^^^^
     |
note: instantiated into assembly here
    --> <inline asm>:1:2
     |
   1 |     fmla v0.8h, v1.8h, v2.h[1]
     |     ^

error: instruction requires: fullfp16
    --> /usr/local/cargo/registry/src/index.crates.io-1949cf8c6b5b557f/gemm-common-0.19.0/src/simd.rs:2006:18
     |
2006 |                 "fmla {0:v}.8h, {1:v}.8h, {2:v}.h[2]",
     |                  ^^^^^^^^^^^^^^^^^^^^^^^^^^^^^^^^^^^
     |
note: instantiated into assembly here
    --> <inline asm>:1:2
     |
   1 |     fmla v0.8h, v1.8h, v2.h[2]
     |     ^

error: instruction requires: fullfp16
    --> /usr/local/cargo/registry/src/index.crates.io-1949cf8c6b5b557f/gemm-common-0.19.0/src/simd.rs:2012:18
     |
2012 |                 "fmla {0:v}.8h, {1:v}.8h, {2:v}.h[3]",
     |                  ^^^^^^^^^^^^^^^^^^^^^^^^^^^^^^^^^^^
     |
note: instantiated into assembly here
    --> <inline asm>:1:2
     |
   1 |     fmla v0.8h, v1.8h, v2.h[3]
     |     ^

error: instruction requires: fullfp16
    --> /usr/local/cargo/registry/src/index.crates.io-1949cf8c6b5b557f/gemm-common-0.19.0/src/simd.rs:2018:18
     |
2018 |                 "fmla {0:v}.8h, {1:v}.8h, {2:v}.h[4]",
     |                  ^^^^^^^^^^^^^^^^^^^^^^^^^^^^^^^^^^^
     |
note: instantiated into assembly here
    --> <inline asm>:1:2
     |
   1 |     fmla v0.8h, v1.8h, v2.h[4]
     |     ^

error: instruction requires: fullfp16
    --> /usr/local/cargo/registry/src/index.crates.io-1949cf8c6b5b557f/gemm-common-0.19.0/src/simd.rs:2024:18
     |
2024 |                 "fmla {0:v}.8h, {1:v}.8h, {2:v}.h[5]",
     |                  ^^^^^^^^^^^^^^^^^^^^^^^^^^^^^^^^^^^
     |
note: instantiated into assembly here
    --> <inline asm>:1:2
     |
   1 |     fmla v0.8h, v1.8h, v2.h[5]
     |     ^

error: instruction requires: fullfp16
    --> /usr/local/cargo/registry/src/index.crates.io-1949cf8c6b5b557f/gemm-common-0.19.0/src/simd.rs:2030:18
     |
2030 |                 "fmla {0:v}.8h, {1:v}.8h, {2:v}.h[6]",
     |                  ^^^^^^^^^^^^^^^^^^^^^^^^^^^^^^^^^^^
     |
note: instantiated into assembly here
    --> <inline asm>:1:2
     |
   1 |     fmla v0.8h, v1.8h, v2.h[6]
     |     ^

error: instruction requires: fullfp16
    --> /usr/local/cargo/registry/src/index.crates.io-1949cf8c6b5b557f/gemm-common-0.19.0/src/simd.rs:2036:18
     |
2036 |                 "fmla {0:v}.8h, {1:v}.8h, {2:v}.h[7]",
     |                  ^^^^^^^^^^^^^^^^^^^^^^^^^^^^^^^^^^^
     |
note: instantiated into assembly here
    --> <inline asm>:1:2
     |
   1 |     fmla v0.8h, v1.8h, v2.h[7]
     |     ^

error: instruction requires: fullfp16
    --> /usr/local/cargo/registry/src/index.crates.io-1949cf8c6b5b557f/gemm-common-0.19.0/src/simd.rs:1966:18
     |
1966 |                 "fadd {0:v}.8h, {1:v}.8h, {2:v}.8h",
     |                  ^^^^^^^^^^^^^^^^^^^^^^^^^^^^^^^^^
     |
note: instantiated into assembly here
    --> <inline asm>:1:2
     |
   1 |     fadd v0.8h, v1.8h, v2.8h
     |     ^

error: instruction requires: fullfp16
    --> /usr/local/cargo/registry/src/index.crates.io-1949cf8c6b5b557f/gemm-common-0.19.0/src/simd.rs:1978:18
     |
1978 |                 "fmla {0:v}.8h, {1:v}.8h, {2:v}.8h",
     |                  ^^^^^^^^^^^^^^^^^^^^^^^^^^^^^^^^^
     |
note: instantiated into assembly here
    --> <inline asm>:1:2
     |
   1 |     fmla v0.8h, v1.8h, v2.8h
     |     ^

error: instruction requires: fullfp16
    --> /usr/local/cargo/registry/src/index.crates.io-1949cf8c6b5b557f/gemm-common-0.19.0/src/simd.rs:1952:18
     |
1952 |                 "fmul {0:v}.8h, {1:v}.8h, {2:v}.8h",
     |                  ^^^^^^^^^^^^^^^^^^^^^^^^^^^^^^^^^
     |
note: instantiated into assembly here
    --> <inline asm>:1:2
     |
   1 |     fmul v0.8h, v1.8h, v2.8h
     |     ^

error: could not compile `gemm-f16` (lib) due to 11 previous errors
warning: build failed, waiting for other jobs to finish...
