   Compiling proc-macro2 v1.0.107
   Compiling quote v1.0.47
   Compiling libc v0.2.189
   Compiling serde_core v1.0.229
   Compiling syn v2.0.119
   Compiling syn v3.0.5
   Compiling serde v1.0.229
   Compiling serde_derive v1.0.229
   Compiling libm v0.2.16
   Compiling num-traits v0.2.19
   Compiling bytemuck_derive v1.12.1
   Compiling bytemuck v1.25.2
   Compiling zerocopy v0.8.57
   Compiling zerocopy-derive v0.8.57
   Compiling getrandom v0.4.3
   Compiling zmij v1.0.23
   Compiling smallvec v1.16.1
   Compiling object v0.37.3
   Compiling parking_lot_core v0.9.12
   Compiling serde_json v1.0.151
   Compiling num-complex v0.4.6
   Compiling dyn-stack v0.13.2
   Compiling pulp v0.22.3
   Compiling half v2.7.1
   Compiling ciborium-ll v0.2.2
   Compiling rand v0.10.2
   Compiling derive-new v0.7.0
   Compiling toml_datetime v1.1.1+spec-1.1.0
   Compiling serde_spanned v1.1.1
   Compiling derive_more-impl v2.1.1
   Compiling backtrace v0.3.76
   Compiling darling_core v0.21.3
   Compiling gemm-common v0.19.0
   Compiling toml v1.1.6+spec-1.1.0
   Compiling parking_lot v0.12.5
   Compiling ciborium v0.2.2
   Compiling serde_bytes v0.11.19
   Compiling cubecl-environment v0.11.0-pre.3 (https://github.com/tracel-ai/cubecl?rev=359770be3c9fe69c0b0f4c6f7697062a86bbf4a8#359770be)
   Compiling thiserror v2.0.20
   Compiling darling_macro v0.21.3
   Compiling derive_more v2.1.1
   Compiling float8 v0.7.0
   Compiling hashbrown v0.16.1
   Compiling thiserror-impl v2.0.20
   Compiling cubecl-common v0.11.0-pre.3 (https://github.com/tracel-ai/cubecl?rev=359770be3c9fe69c0b0f4c6f7697062a86bbf4a8#359770be)
   Compiling darling v0.21.3
   Compiling ahash v0.8.12
   Compiling cubecl-zspace v0.11.0-pre.3 (https://github.com/tracel-ai/cubecl?rev=359770be3c9fe69c0b0f4c6f7697062a86bbf4a8#359770be)
   Compiling rand_distr v0.6.0
   Compiling jobserver v0.1.35
   Compiling burn-std v0.22.0-pre.3 (/research/cache/burn-review/crates/burn-std)
   Compiling cc v1.4.5
   Compiling enumset_derive v0.15.0
   Compiling zstd-sys v2.1.0+zstd.1.5.7
   Compiling gemm-f32 v0.19.0
   Compiling enumset v1.1.14
   Compiling burn-backend v0.22.0-pre.3 (/research/cache/burn-review/crates/burn-backend)
   Compiling gemm-f16 v0.19.0
   Compiling gemm-c32 v0.19.0
   Compiling gemm-c64 v0.19.0
   Compiling gemm-f64 v0.19.0
   Compiling cpufeatures v0.3.1
   Compiling rustix v1.1.4
   Compiling gemm v0.19.0
   Compiling burn-ir v0.22.0-pre.3 (/research/cache/burn-review/crates/burn-ir)
   Compiling crc32fast v1.5.2
   Compiling burn-dispatch v0.22.0-pre.3 (/research/cache/burn-review/crates/burn-dispatch)
   Compiling burn-flex v0.22.0-pre.3 (/research/cache/burn-review/crates/burn-flex)
   Compiling burn-backend-extension v0.22.0-pre.3 (/research/cache/burn-review/crates/burn-backend-extension)
   Compiling zstd-safe v7.3.0
   Compiling sha2 v0.11.0
   Compiling burn-derive v0.22.0-pre.3 (/research/cache/burn-review/crates/burn-derive)
   Compiling aes v0.9.3
   Compiling zopfli v0.8.3
   Compiling burn-pack v0.22.0-pre.3 (/research/cache/burn-review/crates/burn-pack)
   Compiling lzma-rust2 v0.16.5
   Compiling burn-tensor v0.22.0-pre.3 (/research/cache/burn-review/crates/burn-tensor)
   Compiling zstd v0.13.3
   Compiling xattr v1.6.1
   Compiling sha1 v0.11.0
   Compiling filetime v0.2.29
   Compiling zip v8.6.0
   Compiling tar v0.4.46
   Compiling burn-core v0.22.0-pre.3 (/research/cache/burn-review/crates/burn-core)
   Compiling safetensors v0.7.0
   Compiling memmap2 v0.9.11
   Compiling burn-store v0.22.0-pre.3 (/research/cache/burn-review/crates/burn-store)
   Compiling tempfile v3.27.0
   Compiling burn-demand-repro v0.1.0 (/research/rust-package-review/burn-repro)
    Finished `dev` profile [unoptimized + debuginfo] target(s) in 33.46s
     Running `target/debug/burn-demand-repro`

thread 'main' (1) panicked at src/main.rs:42:44:
called `Result::unwrap()` on an `Err` value: Os { code: 2, kind: NotFound, message: "No such file or directory" }
note: run with `RUST_BACKTRACE=1` environment variable to display a backtrace
