FAIL required_undeclared_forbidden mode=0 step=0 expected=0 observed=1 traversed=1
FAIL required_undeclared_forbidden mode=0 step=1 expected=0 observed=1 traversed=1
FAIL required_undeclared_forbidden mode=1 step=0 expected=0 observed=1 traversed=1
FAIL required_undeclared_forbidden mode=1 step=1 expected=0 observed=1 traversed=1
FAIL required_undeclared_forbidden mode=2 step=0 expected=0 observed=1 traversed=1
FAIL required_undeclared_forbidden mode=2 step=1 expected=0 observed=1 traversed=1
FAIL required_extra_schema_wrong mode=0 step=0 expected=0 observed=1 traversed=1
FAIL required_extra_schema_wrong mode=0 step=1 expected=0 observed=1 traversed=1
FAIL required_extra_schema_wrong mode=1 step=0 expected=0 observed=1 traversed=1
FAIL required_extra_schema_wrong mode=1 step=1 expected=0 observed=1 traversed=1
FAIL required_extra_schema_wrong mode=2 step=0 expected=0 observed=1 traversed=1
FAIL required_extra_schema_wrong mode=2 step=1 expected=0 observed=1 traversed=1
FAIL only_required_present_forbidden mode=0 step=0 expected=0 observed=1 traversed=1
FAIL only_required_present_forbidden mode=0 step=1 expected=0 observed=1 traversed=1
FAIL only_required_present_forbidden mode=1 step=0 expected=0 observed=1 traversed=1
FAIL only_required_present_forbidden mode=1 step=1 expected=0 observed=1 traversed=1
FAIL only_required_present_forbidden mode=2 step=0 expected=0 observed=1 traversed=1
FAIL only_required_present_forbidden mode=2 step=1 expected=0 observed=1 traversed=1
FAIL dependency_source_forbidden_B mode=0 step=0 expected=0 observed=1 traversed=1
FAIL dependency_source_forbidden_B mode=0 step=1 expected=0 observed=1 traversed=1
FAIL dependency_source_forbidden_B mode=1 step=0 expected=0 observed=1 traversed=1
FAIL dependency_source_forbidden_B mode=1 step=1 expected=0 observed=1 traversed=1
FAIL dependency_source_forbidden_B mode=2 step=0 expected=0 observed=1 traversed=1
FAIL dependency_source_forbidden_B mode=2 step=1 expected=0 observed=1 traversed=1
FAIL dependency_target_forbidden mode=0 step=0 expected=0 observed=1 traversed=1
FAIL dependency_target_forbidden mode=0 step=1 expected=0 observed=1 traversed=1
FAIL dependency_target_forbidden mode=1 step=0 expected=0 observed=1 traversed=1
FAIL dependency_target_forbidden mode=1 step=1 expected=0 observed=1 traversed=1
FAIL dependency_target_forbidden mode=2 step=0 expected=0 observed=1 traversed=1
FAIL dependency_target_forbidden mode=2 step=1 expected=0 observed=1 traversed=1
FAIL dependency_extra_schema_type mode=0 step=0 expected=0 observed=1 traversed=1
FAIL dependency_extra_schema_type mode=0 step=1 expected=0 observed=1 traversed=1
FAIL dependency_extra_schema_type mode=1 step=0 expected=0 observed=1 traversed=1
FAIL dependency_extra_schema_type mode=1 step=1 expected=0 observed=1 traversed=1
FAIL dependency_extra_schema_type mode=2 step=0 expected=0 observed=1 traversed=1
FAIL dependency_extra_schema_type mode=2 step=1 expected=0 observed=1 traversed=1
FAIL schema_dependency_source_forbidden mode=0 step=0 expected=0 observed=1 traversed=1
FAIL schema_dependency_source_forbidden mode=0 step=1 expected=0 observed=1 traversed=1
FAIL schema_dependency_source_forbidden mode=1 step=0 expected=0 observed=1 traversed=1
FAIL schema_dependency_source_forbidden mode=1 step=1 expected=0 observed=1 traversed=1
FAIL schema_dependency_source_forbidden mode=2 step=0 expected=0 observed=1 traversed=1
FAIL schema_dependency_source_forbidden mode=2 step=1 expected=0 observed=1 traversed=1
FAIL nested_required_extra mode=0 step=0 expected=0 observed=1 traversed=1
FAIL nested_required_extra mode=0 step=1 expected=0 observed=1 traversed=1
FAIL nested_required_extra mode=1 step=0 expected=0 observed=1 traversed=1
FAIL nested_required_extra mode=1 step=1 expected=0 observed=1 traversed=1
FAIL nested_required_extra mode=2 step=0 expected=0 observed=1 traversed=1
FAIL nested_required_extra mode=2 step=1 expected=0 observed=1 traversed=1
FAIL nested_parent_names_do_not_declare mode=0 step=0 expected=0 observed=1 traversed=1
FAIL nested_parent_names_do_not_declare mode=0 step=1 expected=0 observed=1 traversed=1
FAIL nested_parent_names_do_not_declare mode=1 step=0 expected=0 observed=1 traversed=1
FAIL nested_parent_names_do_not_declare mode=1 step=1 expected=0 observed=1 traversed=1
FAIL nested_parent_names_do_not_declare mode=2 step=0 expected=0 observed=1 traversed=1
FAIL nested_parent_names_do_not_declare mode=2 step=1 expected=0 observed=1 traversed=1
FAIL array_items_required_extra mode=0 step=0 expected=0 observed=1 traversed=1
FAIL array_items_required_extra mode=0 step=1 expected=0 observed=1 traversed=1
FAIL array_items_required_extra mode=1 step=0 expected=0 observed=1 traversed=1
FAIL array_items_required_extra mode=1 step=1 expected=0 observed=1 traversed=1
FAIL array_items_required_extra mode=2 step=0 expected=0 observed=1 traversed=1
FAIL array_items_required_extra mode=2 step=1 expected=0 observed=1 traversed=1
FAIL allof_required_extra mode=0 step=0 expected=0 observed=1 traversed=1
FAIL allof_required_extra mode=0 step=1 expected=0 observed=1 traversed=1
FAIL allof_required_extra mode=1 step=0 expected=0 observed=1 traversed=1
FAIL allof_required_extra mode=1 step=1 expected=0 observed=1 traversed=1
FAIL allof_required_extra mode=2 step=0 expected=0 observed=1 traversed=1
FAIL allof_required_extra mode=2 step=1 expected=0 observed=1 traversed=1
FAIL nullbyte_name_forbidden mode=0 step=0 expected=0 observed=1 traversed=1
FAIL nullbyte_name_forbidden mode=0 step=1 expected=0 observed=1 traversed=1
FAIL nullbyte_name_forbidden mode=1 step=0 expected=0 observed=1 traversed=1
FAIL nullbyte_name_forbidden mode=1 step=1 expected=0 observed=1 traversed=1
FAIL nullbyte_name_forbidden mode=2 step=0 expected=0 observed=1 traversed=1
FAIL nullbyte_name_forbidden mode=2 step=1 expected=0 observed=1 traversed=1
FAIL unicode_name_schema mode=0 step=0 expected=0 observed=1 traversed=1
FAIL unicode_name_schema mode=0 step=1 expected=0 observed=1 traversed=1
FAIL unicode_name_schema mode=1 step=0 expected=0 observed=1 traversed=1
FAIL unicode_name_schema mode=1 step=1 expected=0 observed=1 traversed=1
FAIL unicode_name_schema mode=2 step=0 expected=0 observed=1 traversed=1
FAIL unicode_name_schema mode=2 step=1 expected=0 observed=1 traversed=1
FAIL nullbyte_name_does_not_match_prefix mode=0 step=0 expected=0 observed=1 traversed=1
FAIL nullbyte_name_does_not_match_prefix mode=0 step=1 expected=0 observed=1 traversed=1
FAIL nullbyte_name_does_not_match_prefix mode=1 step=0 expected=0 observed=1 traversed=1
FAIL nullbyte_name_does_not_match_prefix mode=1 step=1 expected=0 observed=1 traversed=1
FAIL nullbyte_name_does_not_match_prefix mode=2 step=0 expected=0 observed=1 traversed=1
FAIL nullbyte_name_does_not_match_prefix mode=2 step=1 expected=0 observed=1 traversed=1
{"cases":49,"checks":309,"failed":84}
