   Compiling zenoh-buffers v1.9.0 (/workspace/build/commons/zenoh-buffers)
   Compiling zenoh-util v1.9.0 (/workspace/build/commons/zenoh-util)
   Compiling zenoh v1.9.0 (/workspace/build/zenoh)
   Compiling zenoh-protocol v1.9.0 (/workspace/build/commons/zenoh-protocol)
   Compiling zenoh-sync v1.9.0 (/workspace/build/commons/zenoh-sync)
   Compiling zenoh-config v1.9.0 (/workspace/build/commons/zenoh-config)
   Compiling zenoh-codec v1.9.0 (/workspace/build/commons/zenoh-codec)
   Compiling zenoh-link-commons v1.9.0 (/workspace/build/io/zenoh-link-commons)
   Compiling zenoh-plugin-trait v1.9.0 (/workspace/build/plugins/zenoh-plugin-trait)
   Compiling zenoh-link-quic_datagram v1.9.0 (/workspace/build/io/zenoh-links/zenoh-link-quic_datagram)
   Compiling zenoh-link-tls v1.9.0 (/workspace/build/io/zenoh-links/zenoh-link-tls)
   Compiling zenoh-link-udp v1.9.0 (/workspace/build/io/zenoh-links/zenoh-link-udp)
   Compiling zenoh-link-quic v1.9.0 (/workspace/build/io/zenoh-links/zenoh-link-quic)
   Compiling zenoh-link-tcp v1.9.0 (/workspace/build/io/zenoh-links/zenoh-link-tcp)
   Compiling zenoh-link-ws v1.9.0 (/workspace/build/io/zenoh-links/zenoh-link-ws)
   Compiling zenoh-link-unixsock_stream v1.9.0 (/workspace/build/io/zenoh-links/zenoh-link-unixsock_stream)
   Compiling zenoh-link v1.9.0 (/workspace/build/io/zenoh-link)
   Compiling zenoh-transport v1.9.0 (/workspace/build/io/zenoh-transport)
   Compiling zenoh-test v1.9.0 (/workspace/build/commons/zenoh-test)
    Finished `test` profile [unoptimized + debuginfo] target(s) in 26.40s
     Running tests/timestamp_adminspace.rs (target/debug/deps/timestamp_adminspace-e6899774c6e0387c)

running 1 test
test adminspace_query_invokes_receive_timestamp_callback ... ok

test result: ok. 1 passed; 0 failed; 0 ignored; 0 measured; 0 filtered out; finished in 0.52s

     Running tests/timestamp_adminspace_reply_stack.rs (target/debug/deps/timestamp_adminspace_reply_stack-976ca89e9061d3df)

running 1 test
test adminspace_reply_preserves_received_query_stack ... ok

test result: ok. 1 passed; 0 failed; 0 ignored; 0 measured; 0 filtered out; finished in 0.52s

     Running tests/timestamp_robustness.rs (target/debug/deps/timestamp_robustness-31513019721fc29d)

running 5 tests
test decoder_accepts_valid_boundary_counts_without_changing_payload ... ok
test decoder_rejects_record_count_above_255 ... ok
test decoder_rejects_zero_configuration ... ok
test receive_appends_at_254_and_drops_further_records_at_255 ... ok
test unknown_point_and_bad_uhlc_are_skipped_without_dropping_publication ... ok

test result: ok. 5 passed; 0 failed; 0 ignored; 0 measured; 0 filtered out; finished in 1.52s

