\BOOKMARK [1][-]{section.1}{\376\377\000I\000n\000t\000r\000o\000d\000u\000c\000t\000i\000o\000n}{}% 1
\BOOKMARK [1][-]{section.2}{\376\377\000M\000e\000t\000h\000o\000d}{}% 2
\BOOKMARK [2][-]{subsection.2.1}{\376\377\000S\000t\000a\000g\000e\000\040\000O\000n\000e\000:\000\040\000E\000n\000v\000i\000r\000o\000n\000m\000e\000n\000t\000\040\000C\000o\000n\000s\000t\000r\000u\000c\000t\000i\000o\000n\000\040\000f\000r\000o\000m\000\040\000H\000u\000m\000a\000n\000\040\000F\000e\000e\000d\000b\000a\000c\000k}{section.2}% 3
\BOOKMARK [2][-]{subsection.2.2}{\376\377\000S\000t\000a\000g\000e\000\040\000T\000w\000o\000:\000\040\000A\000u\000t\000o\000m\000a\000t\000e\000d\000\040\000P\000o\000l\000i\000c\000y\000\040\000I\000m\000p\000r\000o\000v\000e\000m\000e\000n\000t\000\040\000f\000r\000o\000m\000\040\000R\000e\000a\000l\000-\000W\000o\000r\000l\000d\000\040\000F\000e\000e\000d\000b\000a\000c\000k}{section.2}% 4
\BOOKMARK [1][-]{section.3}{\376\377\000E\000x\000p\000e\000r\000i\000m\000e\000n\000t}{}% 5
\BOOKMARK [2][-]{subsection.3.1}{\376\377\000A\000u\000t\000o\000r\000e\000s\000e\000a\000r\000c\000h\000\040\000f\000o\000r\000\040\000H\000e\000u\000r\000i\000s\000t\000i\000c\000\040\000L\000e\000a\000r\000n\000i\000n\000g}{section.3}% 6
\BOOKMARK [2][-]{subsection.3.2}{\376\377\000A\000u\000t\000o\000r\000e\000s\000e\000a\000r\000c\000h\000\040\000f\000o\000r\000\040\000G\000r\000a\000d\000i\000e\000n\000t\000-\000B\000a\000s\000e\000d\000\040\000P\000o\000l\000i\000c\000y\000\040\000I\000m\000p\000r\000o\000v\000e\000m\000e\000n\000t}{section.3}% 7
\BOOKMARK [2][-]{subsection.3.3}{\376\377\000S\000c\000a\000l\000i\000n\000g\000\040\000P\000o\000l\000i\000c\000y\000\040\000L\000e\000a\000r\000n\000i\000n\000g\000\040\000o\000n\000\040\000a\000\040\000R\000o\000b\000o\000t\000\040\000F\000l\000e\000e\000t}{section.3}% 8
\BOOKMARK [2][-]{subsection.3.4}{\376\377\000T\000r\000a\000n\000s\000f\000e\000r\000r\000i\000n\000g\000\040\000A\000u\000t\000o\000r\000e\000s\000e\000a\000r\000c\000h\000\040\000E\000x\000p\000e\000r\000i\000e\000n\000c\000e\000\040\000t\000h\000r\000o\000u\000g\000h\000\040\000A\000g\000e\000n\000t\000i\000c\000\040\000C\000o\000n\000t\000i\000n\000u\000e\000\040\000L\000e\000a\000r\000n\000i\000n\000g}{section.3}% 9
\BOOKMARK [2][-]{subsection.3.5}{\376\377\000E\000N\000P\000I\000R\000E\000\040\000D\000i\000s\000c\000o\000v\000e\000r\000s\000\040\000S\000y\000n\000e\000r\000g\000y\000\040\000b\000e\000t\000w\000e\000e\000n\000\040\000C\000o\000d\000e\000-\000B\000a\000s\000e\000d\000\040\000P\000o\000l\000i\000c\000i\000e\000s\000\040\000a\000n\000d\000\040\000V\000L\000A\000s}{section.3}% 10
\BOOKMARK [2][-]{subsection.3.6}{\376\377\000Q\000u\000a\000n\000t\000i\000f\000y\000i\000n\000g\000\040\000A\000g\000e\000n\000t\000\040\000R\000e\000s\000o\000u\000r\000c\000e\000\040\000U\000t\000i\000l\000i\000z\000a\000t\000i\000o\000n}{section.3}% 11
\BOOKMARK [1][-]{section.4}{\376\377\000L\000i\000m\000i\000t\000a\000t\000i\000o\000n\000s}{}% 12
\BOOKMARK [1][-]{section.5}{\376\377\000R\000e\000l\000a\000t\000e\000d\000\040\000W\000o\000r\000k}{}% 13
\BOOKMARK [2][-]{subsection.5.1}{\376\377\000C\000o\000d\000i\000n\000g\000\040\000A\000g\000e\000n\000t\000s\000\040\000\046\000\040\000C\000o\000d\000e\000\040\000a\000s\000\040\000P\000o\000l\000i\000c\000i\000e\000s}{section.5}% 14
\BOOKMARK [2][-]{subsection.5.2}{\376\377\000A\000g\000e\000n\000t\000i\000c\000\040\000S\000e\000l\000f\000-\000I\000m\000p\000r\000o\000v\000e\000m\000e\000n\000t}{section.5}% 15
\BOOKMARK [2][-]{subsection.5.3}{\376\377\000A\000u\000t\000o\000n\000o\000m\000o\000u\000s\000\040\000R\000e\000s\000e\000a\000r\000c\000h\000\040\000A\000g\000e\000n\000t\000s\000\040\000a\000n\000d\000\040\000S\000c\000i\000e\000n\000t\000i\000f\000i\000c\000\040\000D\000i\000s\000c\000o\000v\000e\000r\000y}{section.5}% 16
\BOOKMARK [1][-]{section.6}{\376\377\000A\000c\000k\000n\000o\000w\000l\000e\000d\000g\000e\000m\000e\000n\000t}{}% 17
\BOOKMARK [1][-]{appendix.A}{\376\377\000E\000n\000v\000i\000r\000o\000n\000m\000e\000n\000t\000\040\000C\000r\000e\000a\000t\000i\000o\000n}{}% 18
\BOOKMARK [2][-]{subsection.A.1}{\376\377\000A\000u\000t\000o\000n\000o\000m\000o\000u\000s\000\040\000R\000e\000s\000e\000t}{appendix.A}% 19
\BOOKMARK [2][-]{subsection.A.2}{\376\377\000A\000u\000t\000o\000r\000e\000s\000e\000a\000r\000c\000h\000-\000d\000r\000i\000v\000e\000n\000\040\000R\000e\000w\000a\000r\000d\000\040\000D\000e\000s\000i\000g\000n}{appendix.A}% 20
\BOOKMARK [1][-]{appendix.B}{\376\377\000R\000o\000b\000o\000t\000\040\000S\000y\000s\000t\000e\000m\000\040\000S\000e\000t\000u\000p}{}% 21
\BOOKMARK [2][-]{subsection.B.1}{\376\377\000F\000l\000e\000e\000t\000\040\000A\000r\000c\000h\000i\000t\000e\000c\000t\000u\000r\000e}{appendix.B}% 22
\BOOKMARK [2][-]{subsection.B.2}{\376\377\000S\000t\000a\000t\000i\000o\000n\000\040\000H\000a\000r\000d\000w\000a\000r\000e}{appendix.B}% 23
\BOOKMARK [2][-]{subsection.B.3}{\376\377\000L\000o\000w\000-\000L\000e\000v\000e\000l\000\040\000C\000o\000n\000t\000r\000o\000l}{appendix.B}% 24
\BOOKMARK [2][-]{subsection.B.4}{\376\377\000P\000e\000r\000-\000T\000a\000s\000k\000\040\000C\000o\000n\000f\000i\000g\000u\000r\000a\000t\000i\000o\000n}{appendix.B}% 25
\BOOKMARK [2][-]{subsection.B.5}{\376\377\000R\000e\000a\000l\000-\000W\000o\000r\000l\000d\000\040\000R\000L\000\040\000S\000y\000s\000t\000e\000m\000\040\000I\000n\000t\000e\000g\000r\000a\000t\000i\000o\000n}{appendix.B}% 26
\BOOKMARK [2][-]{subsection.B.6}{\376\377\000I\000d\000e\000a\000\040\000T\000r\000e\000e\000\040\000f\000o\000r\000\040\000P\000i\000n\000\040\000I\000n\000s\000e\000r\000t\000i\000o\000n}{appendix.B}% 27
\BOOKMARK [1][-]{appendix.C}{\376\377\000P\000h\000y\000s\000i\000c\000a\000l\000\040\000A\000u\000t\000o\000r\000e\000s\000e\000a\000r\000c\000h\000:\000\040\000A\000b\000l\000a\000t\000i\000o\000n\000\040\000S\000t\000u\000d\000i\000e\000s}{}% 28
\BOOKMARK [2][-]{subsection.C.1}{\376\377\000E\000x\000p\000e\000r\000i\000m\000e\000n\000t\000a\000l\000\040\000S\000e\000t\000u\000p}{appendix.C}% 29
\BOOKMARK [2][-]{subsection.C.2}{\376\377\000T\000o\000k\000e\000n\000\040\000U\000t\000i\000l\000i\000z\000a\000t\000i\000o\000n}{appendix.C}% 30
\BOOKMARK [2][-]{subsection.C.3}{\376\377\000N\000a\000t\000i\000v\000e\000\040\000V\000i\000s\000i\000o\000n\000\040\000C\000a\000p\000a\000b\000i\000l\000i\000t\000y}{appendix.C}% 31
\BOOKMARK [2][-]{subsection.C.4}{\376\377\000M\000o\000d\000e\000l\000\040\000a\000n\000d\000\040\000H\000a\000r\000n\000e\000s\000s\000\040\000C\000o\000m\000p\000a\000r\000i\000s\000o\000n}{appendix.C}% 32
\BOOKMARK [1][-]{appendix.D}{\376\377\000S\000i\000m\000u\000l\000a\000t\000i\000o\000n\000\040\000B\000e\000n\000c\000h\000m\000a\000r\000k\000\040\000R\000e\000s\000u\000l\000t}{}% 33
\BOOKMARK [2][-]{subsection.D.1}{\376\377\000R\000o\000b\000o\000C\000a\000s\000a\000\040\000S\000i\000m\000u\000l\000a\000t\000i\000o\000n\000\040\000I\000n\000t\000e\000r\000f\000a\000c\000e\000\040\000a\000n\000d\000\040\000A\000P\000I\000\040\000S\000u\000r\000f\000a\000c\000e}{appendix.D}% 34
\BOOKMARK [2][-]{subsection.D.2}{\376\377\000R\000o\000b\000o\000C\000a\000s\000a\000\040\000E\000v\000a\000l\000u\000a\000t\000i\000o\000n\000\040\000P\000r\000o\000t\000o\000c\000o\000l}{appendix.D}% 35
