F                                                                        [100%]
=================================== FAILURES ===================================
___________________ test_ttl_touch_expire_absolute_deadlines ___________________

api = <class 'diskcache.reshard.ReshardableFanoutCache'>
tmp_path = PosixPath('/tmp/pytest-of-root/pytest-0/test_ttl_touch_expire_absolute0')
monkeypatch = <_pytest.monkeypatch.MonkeyPatch object at 0xffff8e72e9c0>

    def test_ttl_touch_expire_absolute_deadlines(api, tmp_path, monkeypatch):
        now = [1000.0]
        import diskcache.core as core
        import diskcache.fanout as fanout
        actual_time = core.time
        clock = types.SimpleNamespace(time=lambda: now[0], sleep=actual_time.sleep)
        monkeypatch.setattr(core, 'time', clock)
        monkeypatch.setattr(fanout, 'time', clock)
        c = api(tmp_path, shards=2, eviction_policy='none')
        c.set('expires', 'old', expire=10, tag='a')
        c.set('touch', 'yes', expire=5, tag='b')
        c.set('natural', 'gone', expire=7)
        token = c.begin_reshard(3)['migration_id']
        c.step_reshard(token, 3)
        now[0] = 1004
        c.touch('touch', expire=30)
        now[0] = 1008
        c.expire()
        expected = snapshot(c)
        finish(c, token)
>       assert snapshot(c) == expected
E       AssertionError: assert {'expires': (... 4634.0, 'b')} == {'expires': (... 1034.0, 'b')}
E         
E         Differing items:
E         {'expires': ('old', 4610.0, 'a')} != {'expires': ('old', 1010.0, 'a')}
E         {'touch': ('yes', 4634.0, 'b')} != {'touch': ('yes', 1034.0, 'b')}
E         Use -v to get more diff

/tests/test_online_reshard.py:174: AssertionError
=============================== warnings summary ===============================
../../usr/local/lib/python3.12/site-packages/_pytest/cacheprovider.py:475
  /usr/local/lib/python3.12/site-packages/_pytest/cacheprovider.py:475: PytestCacheWarning: could not create cache path /tests/.pytest_cache/v/cache/nodeids: [Errno 30] Read-only file system: '/tests/pytest-cache-files-4p27pa2x'
    config.cache.set("cache/nodeids", sorted(self.cached_nodeids))

../../usr/local/lib/python3.12/site-packages/_pytest/cacheprovider.py:429
  /usr/local/lib/python3.12/site-packages/_pytest/cacheprovider.py:429: PytestCacheWarning: could not create cache path /tests/.pytest_cache/v/cache/lastfailed: [Errno 30] Read-only file system: '/tests/pytest-cache-files-dgh15udc'
    config.cache.set("cache/lastfailed", self.lastfailed)

../../usr/local/lib/python3.12/site-packages/_pytest/stepwise.py:51
  /usr/local/lib/python3.12/site-packages/_pytest/stepwise.py:51: PytestCacheWarning: could not create cache path /tests/.pytest_cache/v/cache/stepwise: [Errno 30] Read-only file system: '/tests/pytest-cache-files-bkke56fd'
    session.config.cache.set(STEPWISE_CACHE_DIR, [])

-- Docs: https://docs.pytest.org/en/stable/how-to/capture-warnings.html
------------------- generated xml file: /mutant/results.xml --------------------
=========================== short test summary info ============================
FAILED ../../tests/test_online_reshard.py::test_ttl_touch_expire_absolute_deadlines
1 failed, 3 warnings in 0.17s
