   Compiling object_store v0.14.2 (/work)
    Finished `test` profile [unoptimized + debuginfo] target(s) in 6.73s
     Running tests/get_range_file.rs (/target/debug/deps/get_range_file-dfd9fbf54b1d420c)

running 3 tests
test test_get_opts_over_range ... ok
test test_get_range ... ok
test test_get_range_opts_with_etag ... ok

test result: ok. 3 passed; 0 failed; 0 ignored; 0 measured; 0 filtered out; finished in 0.01s

     Running tests/harbor_full_range_response.rs (/target/debug/deps/harbor_full_range_response-0e76f5df4c428b55)

running 11 tests
test accepted_full_200_can_resume_with_partial_206_without_duplication ... FAILED
test bounded_whole_representation_and_clamped_end ... FAILED
test full_response_with_truncated_body_does_not_succeed ... FAILED
test genuine_partial_content_preserves_range_and_total_size ... ok
test ignored_true_subranges_remain_errors ... ok
test malformed_or_mismatched_partial_content_remains_error ... ok
test normal_get_and_head_are_unchanged ... ok
test offset_and_suffix_covering_whole_representation ... FAILED
test retry_before_any_data_can_receive_whole_200 ... FAILED
test retry_cannot_accept_ignored_subrange_or_changed_object ... ok
test stray_content_range_on_200_has_no_authority ... FAILED

failures:

---- accepted_full_200_can_resume_with_partial_206_without_duplication stdout ----

thread 'accepted_full_200_can_resume_with_partial_206_without_duplication' (471) panicked at tests/harbor_full_range_response.rs:135:58:
called `Result::unwrap()` on an `Err` value: NotSupported { source: RangeNotSupported { href: "data" } }
note: run with `RUST_BACKTRACE=1` environment variable to display a backtrace

thread '<unnamed>' (472) panicked at tests/harbor_full_range_response.rs:27:101:
called `Result::unwrap()` on an `Err` value: Disconnected

---- bounded_whole_representation_and_clamped_end stdout ----

thread 'bounded_whole_representation_and_clamped_end' (473) panicked at tests/harbor_full_range_response.rs:51:60:
whole-object 200 must be accepted: NotSupported { source: RangeNotSupported { href: "table/data.parquet" } }

---- full_response_with_truncated_body_does_not_succeed stdout ----

thread 'full_response_with_truncated_body_does_not_succeed' (475) panicked at tests/harbor_full_range_response.rs:116:20:
valid full-range headers: NotSupported { source: RangeNotSupported { href: "data" } }

---- offset_and_suffix_covering_whole_representation stdout ----

thread 'offset_and_suffix_covering_whole_representation' (492) panicked at tests/harbor_full_range_response.rs:51:60:
whole-object 200 must be accepted: NotSupported { source: RangeNotSupported { href: "table/data.parquet" } }

---- retry_before_any_data_can_receive_whole_200 stdout ----

thread 'retry_before_any_data_can_receive_whole_200' (494) panicked at tests/harbor_full_range_response.rs:147:74:
called `Result::unwrap()` on an `Err` value: NotSupported { source: RangeNotSupported { href: "data" } }

---- stray_content_range_on_200_has_no_authority stdout ----

thread 'stray_content_range_on_200_has_no_authority' (500) panicked at tests/harbor_full_range_response.rs:51:60:
whole-object 200 must be accepted: NotSupported { source: RangeNotSupported { href: "table/data.parquet" } }


failures:
    accepted_full_200_can_resume_with_partial_206_without_duplication
    bounded_whole_representation_and_clamped_end
    full_response_with_truncated_body_does_not_succeed
    offset_and_suffix_covering_whole_representation
    retry_before_any_data_can_receive_whole_200
    stray_content_range_on_200_has_no_authority

test result: FAILED. 5 passed; 6 failed; 0 ignored; 0 measured; 0 filtered out; finished in 0.89s

error: test failed, to rerun pass `--test harbor_full_range_response`
