    Updating crates.io index
     Locking 239 packages to latest Rust 1.85 compatible versions
      Adding crc v3.3.0 (available: v3.4.0)
      Adding crc-fast v1.9.0 (available: v1.10.0, requires Rust 1.89)
      Adding generic-array v0.14.7 (available: v0.14.9)
      Adding getrandom v0.2.17 (available: v0.4.3)
      Adding getrandom v0.3.4 (available: v0.4.3)
      Adding icu_collections v2.1.1 (available: v2.3.0, requires Rust 1.88)
      Adding icu_locale_core v2.1.1 (available: v2.3.0, requires Rust 1.88)
      Adding icu_normalizer v2.1.1 (available: v2.3.0, requires Rust 1.88)
      Adding icu_normalizer_data v2.1.1 (available: v2.3.0, requires Rust 1.88)
      Adding icu_properties v2.1.2 (available: v2.3.0, requires Rust 1.88)
      Adding icu_properties_data v2.1.2 (available: v2.3.0, requires Rust 1.88)
      Adding icu_provider v2.1.1 (available: v2.3.1, requires Rust 1.88)
      Adding idna_adapter v1.2.1 (available: v1.2.2, requires Rust 1.86)
      Adding minicov v0.3.8 (available: v0.3.9)
      Adding quick-xml v0.41.0 (available: v0.42.0, requires Rust 1.86)
      Adding wasip2 v1.0.1+wasi-0.2.4 (available: v1.0.4+wasi-0.2.12, requires Rust 1.87.0)
 Downloading crates ...
  Downloaded adler2 v2.0.1
  Downloaded icu_provider v2.1.1
  Downloaded tempfile v3.27.0
  Downloaded fastrand v2.5.0
  Downloaded idna_adapter v1.2.1
  Downloaded errno v0.3.14
  Downloaded same-file v1.0.6
  Downloaded httpdate v1.0.3
  Downloaded compression-core v0.4.33
  Downloaded compression-codecs v0.4.41
  Downloaded futures-executor v0.3.34
  Downloaded simd-adler32 v0.3.10
  Downloaded walkdir v2.5.0
  Downloaded getrandom v0.3.4
  Downloaded icu_properties v2.1.2
  Downloaded icu_normalizer_data v2.1.1
  Downloaded icu_normalizer v2.1.1
  Downloaded flate2 v1.1.10
  Downloaded icu_locale_core v2.1.1
  Downloaded miniz_oxide v0.9.1
  Downloaded icu_collections v2.1.1
  Downloaded async-compression v0.4.46
  Downloaded cc v1.4.6
  Downloaded webpki-root-certs v1.0.9
  Downloaded libm v0.2.16
  Downloaded icu_properties_data v2.1.2
  Downloaded zlib-rs v0.6.7
  Downloaded nix v0.31.3
  Downloaded rustix v1.1.4
  Downloaded linux-raw-sys v0.12.1
   Compiling proc-macro2 v1.0.107
   Compiling quote v1.0.47
   Compiling unicode-ident v1.0.24
   Compiling libc v0.2.189
   Compiling syn v3.0.5
   Compiling syn v2.0.119
   Compiling synstructure v0.13.2
   Compiling zerofrom-derive v0.1.7
   Compiling yoke-derive v0.8.2
   Compiling zerofrom v0.1.8
   Compiling cfg-if v1.0.4
   Compiling stable_deref_trait v1.2.1
   Compiling pin-project-lite v0.2.17
   Compiling jobserver v0.1.35
   Compiling yoke v0.8.3
   Compiling find-msvc-tools v0.1.12
   Compiling shlex v2.0.1
   Compiling bytes v1.12.1
   Compiling cc v1.4.6
   Compiling zerovec-derive v0.11.6
   Compiling futures-core v0.3.34
   Compiling cmake v0.1.58
   Compiling zerovec v0.11.8
   Compiling displaydoc v0.2.7
   Compiling fs_extra v1.3.0
   Compiling pkg-config v0.3.34
   Compiling dunce v1.0.5
   Compiling tokio-macros v2.7.2
   Compiling aws-lc-sys v0.45.0
   Compiling mio v1.2.3
   Compiling socket2 v0.6.5
   Compiling once_cell v1.21.4
   Compiling itoa v1.0.18
   Compiling smallvec v1.16.1
   Compiling tokio v1.53.1
   Compiling zeroize v1.9.0
   Compiling futures-sink v0.3.34
   Compiling tinystr v0.8.4
   Compiling aws-lc-rs v1.18.1
   Compiling writeable v0.6.4
   Compiling memchr v2.8.3
   Compiling litemap v0.8.3
   Compiling slab v0.4.12
   Compiling icu_locale_core v2.1.1
   Compiling rustls-pki-types v1.15.1
   Compiling http v1.5.0
   Compiling zerotrie v0.2.5
   Compiling potential_utf v0.1.6
   Compiling icu_normalizer_data v2.1.1
   Compiling icu_properties_data v2.1.2
   Compiling icu_collections v2.1.1
   Compiling icu_provider v2.1.1
   Compiling futures-macro v0.3.34
   Compiling futures-task v0.3.34
   Compiling percent-encoding v2.3.2
   Compiling serde_core v1.0.229
   Compiling crc32fast v1.5.2
   Compiling futures-util v0.3.34
   Compiling http-body v1.1.0
   Compiling tokio-util v0.7.19
   Compiling tracing-core v0.1.36
   Compiling tracing-attributes v0.1.31
   Compiling httparse v1.10.1
   Compiling rustls v0.23.44
   Compiling adler2 v2.0.1
   Compiling untrusted v0.9.0
   Compiling simd-adler32 v0.3.10
   Compiling hashbrown v0.17.1
   Compiling equivalent v1.0.2
   Compiling indexmap v2.14.2
   Compiling miniz_oxide v0.9.1
   Compiling tracing v0.1.44
   Compiling icu_properties v2.1.2
   Compiling icu_normalizer v2.1.1
   Compiling atomic-waker v1.1.2
   Compiling fnv v1.0.7
   Compiling serde v1.0.229
   Compiling bitflags v2.13.2
   Compiling try-lock v0.2.5
   Compiling tower-service v0.3.3
   Compiling subtle v2.6.1
   Compiling want v0.3.1
   Compiling h2 v0.4.19
   Compiling flate2 v1.1.10
   Compiling idna_adapter v1.2.1
   Compiling form_urlencoded v1.2.2
   Compiling futures-channel v0.3.34
   Compiling serde_derive v1.0.229
   Compiling utf8_iter v1.0.4
   Compiling compression-core v0.4.33
   Compiling httpdate v1.0.3
   Compiling rand_core v0.10.1
   Compiling getrandom v0.4.3
   Compiling autocfg v1.5.1
   Compiling num-traits v0.2.19
   Compiling hyper v1.11.1
   Compiling compression-codecs v0.4.41
   Compiling idna v1.1.0
   Compiling sync_wrapper v1.0.2
   Compiling openssl-probe v0.2.1
   Compiling zmij v1.0.23
   Compiling base64 v0.22.1
   Compiling ipnet v2.12.2
   Compiling cfg_aliases v0.2.2
   Compiling tower-layer v0.3.3
   Compiling parking_lot_core v0.9.12
   Compiling tower v0.5.3
   Compiling nix v0.31.3
   Compiling hyper-util v0.1.20
   Compiling rustls-native-certs v0.8.4
   Compiling url v2.5.8
   Compiling async-compression v0.4.46
   Compiling http-body-util v0.1.5
   Compiling scopeguard v1.2.0
   Compiling log v0.4.34
   Compiling thiserror v2.0.20
   Compiling rustix v1.1.4
   Compiling serde_json v1.0.151
   Compiling lock_api v0.4.14
   Compiling tower-http v0.6.11
   Compiling chacha20 v0.10.2
   Compiling aho-corasick v1.1.5
   Compiling thiserror-impl v2.0.20
   Compiling same-file v1.0.6
   Compiling base64 v0.23.1
   Compiling getrandom v0.3.4
   Compiling iana-time-zone v0.1.65
   Compiling linux-raw-sys v0.12.1
   Compiling ryu v1.0.23
   Compiling regex-syntax v0.8.11
   Compiling either v1.18.0
   Compiling itertools v0.15.0
   Compiling regex-automata v0.4.18
   Compiling serde_urlencoded v0.7.1
   Compiling chrono v0.4.45
   Compiling walkdir v2.5.0
   Compiling rand v0.10.2
   Compiling parking_lot v0.12.5
   Compiling quick-xml v0.41.0
   Compiling async-trait v0.1.92
   Compiling fastrand v2.5.0
   Compiling humantime v2.4.0
   Compiling tempfile v3.27.0
   Compiling regex v1.13.1
   Compiling futures-executor v0.3.34
   Compiling webpki-root-certs v1.0.9
   Compiling getrandom v0.2.17
   Compiling rustls-webpki v0.103.15
   Compiling tokio-rustls v0.26.5
   Compiling hyper-rustls v0.27.9
   Compiling rustls-platform-verifier v0.7.0
   Compiling reqwest v0.13.5
   Compiling object_store v0.14.2 (/work)
    Finished `test` profile [unoptimized + debuginfo] target(s) in 7m 29s
     Running tests/harbor_full_range_response.rs (/target/debug/deps/harbor_full_range_response-0e76f5df4c428b55)

running 11 tests
test accepted_full_200_can_resume_with_partial_206_without_duplication ... ok
test bounded_whole_representation_and_clamped_end ... ok
test full_response_with_truncated_body_does_not_succeed ... ok
test genuine_partial_content_preserves_range_and_total_size ... ok
test ignored_true_subranges_remain_errors ... ok
test malformed_or_mismatched_partial_content_remains_error ... ok
test normal_get_and_head_are_unchanged ... ok
test offset_and_suffix_covering_whole_representation ... ok
test retry_before_any_data_can_receive_whole_200 ... ok
test retry_cannot_accept_ignored_subrange_or_changed_object ... ok
test stray_content_range_on_200_has_no_authority ... ok

test result: ok. 11 passed; 0 failed; 0 ignored; 0 measured; 0 filtered out; finished in 1.29s

