    Finished `test` profile [unoptimized + debuginfo] target(s) in 0.26s
     Running unittests src/lib.rs (target/debug/deps/burn_store-a93be7a4a4b93e29)
pytorch::tests::reader::test_2d_tensor: test
pytorch::tests::reader::test_3d_tensor: test
pytorch::tests::reader::test_4d_tensor: test
pytorch::tests::reader::test_bfloat16_tensor: test
pytorch::tests::reader::test_big_endian_file_is_refused: test
pytorch::tests::reader::test_bool_tensor: test
pytorch::tests::reader::test_buffers: test
pytorch::tests::reader::test_checkpoint: test
pytorch::tests::reader::test_complex_structure: test
pytorch::tests::reader::test_empty_tensor: test
pytorch::tests::reader::test_extreme_values: test
pytorch::tests::reader::test_float16_tensor: test
pytorch::tests::reader::test_float32_tensor: test
pytorch::tests::reader::test_float64_tensor: test
pytorch::tests::reader::test_int16_tensor: test
pytorch::tests::reader::test_int32_tensor: test
pytorch::tests::reader::test_int64_tensor: test
pytorch::tests::reader::test_int8_tensor: test
pytorch::tests::reader::test_large_shape: test
pytorch::tests::reader::test_legacy_big_endian_file_is_refused: test
pytorch::tests::reader::test_legacy_format: test
pytorch::tests::reader::test_legacy_magic_in_other_pickle_protocols: test
pytorch::tests::reader::test_legacy_metadata_detailed: test
pytorch::tests::reader::test_legacy_shared_storage: test
pytorch::tests::reader::test_legacy_storage_count_mismatch_is_an_error: test
pytorch::tests::reader::test_legacy_sys_info_without_little_endian_is_refused: test
pytorch::tests::reader::test_legacy_uncloned_views: test
pytorch::tests::reader::test_legacy_with_offsets: test
pytorch::tests::reader::test_load_config_basic: test
pytorch::tests::reader::test_load_config_complex_types: test
pytorch::tests::reader::test_load_config_key_not_found: test
pytorch::tests::reader::test_load_config_with_top_level_key: test
pytorch::tests::reader::test_metadata_legacy_format: test
pytorch::tests::reader::test_metadata_reads_entries_under_archive_root: test
pytorch::tests::reader::test_metadata_zip_format: test
pytorch::tests::reader::test_mixed_types: test
pytorch::tests::reader::test_nested_dict: test
pytorch::tests::reader::test_non_contiguous_tensors: test
pytorch::tests::reader::test_parameter: test
pytorch::tests::reader::test_pickle_value_conversion: test
pytorch::tests::reader::test_protocol_4_checkpoint: test
pytorch::tests::reader::test_read_pickle_data_basic: test
pytorch::tests::reader::test_read_pickle_data_key_not_found: test
pytorch::tests::reader::test_read_pickle_data_nested_structure: test
pytorch::tests::reader::test_read_pickle_data_simple_pickle: test
pytorch::tests::reader::test_read_pickle_data_types: test
pytorch::tests::reader::test_read_pickle_data_with_key: test
pytorch::tests::reader::test_read_pytorch_tensors_convenience: test
pytorch::tests::reader::test_scalar_tensor: test
pytorch::tests::reader::test_small_invalid_file: test
pytorch::tests::reader::test_special_values: test
pytorch::tests::reader::test_state_dict: test
pytorch::tests::reader::test_storage_larger_than_tensor_reads_only_what_is_needed: test
pytorch::tests::reader::test_tar_2d_tensor_shape: test
pytorch::tests::reader::test_tar_absurd_storage_count_is_an_error: test
pytorch::tests::reader::test_tar_float32_tensor: test
pytorch::tests::reader::test_tar_float64_tensor: test
pytorch::tests::reader::test_tar_format_detection: test
pytorch::tests::reader::test_tar_int64_tensor: test
pytorch::tests::reader::test_tar_metadata: test
pytorch::tests::reader::test_tar_multi_dtype: test
pytorch::tests::reader::test_tar_multiple_tensors: test
pytorch::tests::reader::test_tar_storage_view: test
pytorch::tests::reader::test_tensor_read_errors_are_not_zeros: test
pytorch::tests::reader::test_top_level_key_that_is_not_a_dict: test
pytorch::tests::reader::test_truncated_legacy_file_fails_at_open: test
pytorch::tests::reader::test_uint8_tensor: test
pytorch::tests::reader::test_unrecognized_byteorder_is_an_error: test
pytorch::tests::reader::test_with_top_level_key: test
pytorch::tests::reader::test_zip_archive_and_root_level_layouts: test
pytorch::tests::reader::test_zip_checksum_mismatch_is_an_error: test
pytorch::tests::store::adapter_tests::test_pytorch_adapter_always_applied: test
pytorch::tests::store::adapter_tests::test_pytorch_adapter_with_filtering: test
pytorch::tests::store::basic_tests::test_store_configuration: test
pytorch::tests::store::basic_tests::test_store_creation: test
pytorch::tests::store::basic_tests::test_store_map_indices_contiguous_default: test
pytorch::tests::store::basic_tests::test_store_map_indices_contiguous_disabled: test
pytorch::tests::store::basic_tests::test_store_save_not_supported: test
pytorch::tests::store::basic_tests::test_store_with_remapping: test
pytorch::tests::store::basic_tests::test_store_with_top_level_key: test
pytorch::tests::store::complex_model_tests::test_key_remap_chained: test
pytorch::tests::store::complex_model_tests::test_legacy_format: test
pytorch::tests::store::complex_model_tests::test_load_nested_structure: test
pytorch::tests::store::complex_model_tests::test_load_with_top_level_key: test
pytorch::tests::store::conv_model_tests::test_load_conv1d_model: test
pytorch::tests::store::conv_model_tests::test_load_conv2d_model: test
pytorch::tests::store::direct_access_tests::test_caching_behavior: test
pytorch::tests::store::direct_access_tests::test_get_all_tensors: test
pytorch::tests::store::direct_access_tests::test_get_all_tensors_ignores_filter: test
pytorch::tests::store::direct_access_tests::test_get_all_tensors_with_remapping: test
pytorch::tests::store::direct_access_tests::test_get_tensor_existing: test
pytorch::tests::store::direct_access_tests::test_get_tensor_not_found: test
pytorch::tests::store::direct_access_tests::test_get_tensor_with_remapped_name: test
pytorch::tests::store::direct_access_tests::test_keys: test
pytorch::tests::store::direct_access_tests::test_keys_fast_path: test
pytorch::tests::store::enum_variant_tests::enum_variant_appears_in_path_unless_skipped: test
pytorch::tests::store::enum_variant_tests::test_enum_variant_path_mismatch: test
pytorch::tests::store::enum_variant_tests::test_skip_enum_variants_feature: test
pytorch::tests::store::error_handling_tests::test_invalid_top_level_key: test
pytorch::tests::store::error_handling_tests::test_missing_file: test
pytorch::tests::store::error_handling_tests::test_strict_validation: test
pytorch::tests::store::linear_model_tests::test_filter_layers: test
pytorch::tests::store::linear_model_tests::test_load_linear_model: test
pytorch::tests::store::linear_model_tests::test_load_linear_with_bias: test
pytorch::tests::store::linear_model_tests::test_remap_layer_names: test
pytorch::tests::store::map_indices_contiguous_tests::test_load_non_contiguous_indexes_with_mapping: test
pytorch::tests::store::map_indices_contiguous_tests::test_load_non_contiguous_indexes_without_mapping: test
pytorch::tests::store::map_indices_contiguous_tests::test_mapping_applied_to_keys: test
