   Compiling zenoh-protocol v1.9.0 (/workspace/build/commons/zenoh-protocol)
   Compiling zenoh v1.9.0 (/workspace/build/zenoh)
   Compiling zenoh-codec v1.9.0 (/workspace/build/commons/zenoh-codec)
   Compiling zenoh-config v1.9.0 (/workspace/build/commons/zenoh-config)
   Compiling zenoh-link-commons v1.9.0 (/workspace/build/io/zenoh-link-commons)
   Compiling zenoh-plugin-trait v1.9.0 (/workspace/build/plugins/zenoh-plugin-trait)
   Compiling zenoh-link-quic_datagram v1.9.0 (/workspace/build/io/zenoh-links/zenoh-link-quic_datagram)
   Compiling zenoh-link-tcp v1.9.0 (/workspace/build/io/zenoh-links/zenoh-link-tcp)
   Compiling zenoh-link-unixsock_stream v1.9.0 (/workspace/build/io/zenoh-links/zenoh-link-unixsock_stream)
   Compiling zenoh-link-quic v1.9.0 (/workspace/build/io/zenoh-links/zenoh-link-quic)
   Compiling zenoh-link-udp v1.9.0 (/workspace/build/io/zenoh-links/zenoh-link-udp)
   Compiling zenoh-link-tls v1.9.0 (/workspace/build/io/zenoh-links/zenoh-link-tls)
   Compiling zenoh-link-ws v1.9.0 (/workspace/build/io/zenoh-links/zenoh-link-ws)
   Compiling zenoh-link v1.9.0 (/workspace/build/io/zenoh-link)
   Compiling zenoh-transport v1.9.0 (/workspace/build/io/zenoh-transport)
warning: function `transmute_wire` is never used
   --> zenoh/src/api/timestamp_stack.rs:347:15
    |
347 | pub(crate) fn transmute_wire<const FROM: u8, const TO: u8>(
    |               ^^^^^^^^^^^^^^
    |
    = note: `#[warn(dead_code)]` (part of `#[warn(unused)]`) on by default

   Compiling zenoh-test v1.9.0 (/workspace/build/commons/zenoh-test)
warning: `zenoh` (lib) generated 1 warning
warning: function `assert_custom_record` is never used
   --> zenoh/tests/ts_interop.rs:251:4
    |
251 | fn assert_custom_record(r: &Value, point: &str, hex: &str) {
    |    ^^^^^^^^^^^^^^^^^^^^
    |
    = note: `#[warn(dead_code)]` (part of `#[warn(unused)]`) on by default

warning: `zenoh` (test "ts_interop") generated 1 warning
error[E0308]: mismatched types
   --> zenoh/tests/timestamp_adminspace.rs:111:41
    |
111 |             assert_eq!(contexts[0].zid, router.zid());
    |                                         ^^^^^^^^^^^^ expected `ZenohIdProto`, found `ZenohId`
    |
help: call `Into::into` on this expression to convert `ZenohId` into `zenoh_protocol::core::ZenohIdProto`
    |
111 |             assert_eq!(contexts[0].zid, router.zid().into());
    |                                                     +++++++

For more information about this error, try `rustc --explain E0308`.
error: could not compile `zenoh` (test "timestamp_adminspace") due to 1 previous error
warning: build failed, waiting for other jobs to finish...
error[E0308]: mismatched types
    --> zenoh/tests/timestamp_instrumentation.rs:1511:20
     |
1511 |             .push((ctx.zid, ctx.whatami));
     |                    ^^^^^^^ expected `ZenohId`, found `ZenohIdProto`
     |
help: call `Into::into` on this expression to convert `zenoh_protocol::core::ZenohIdProto` into `ZenohId`
     |
1511 |             .push((ctx.zid.into(), ctx.whatami));
     |                           +++++++

error: could not compile `zenoh` (test "timestamp_instrumentation") due to 1 previous error
warning: `zenoh` (lib test) generated 1 warning (1 duplicate)
