  1/1 Mean: 1.000 ━━━━━━━━━━━━━━━━━━━━━━━━━━━━━━━━━━━━━━━━ 0:04:27 0:00:00
adhoc • oracle
┏━━━━━━━━┳━━━━━━━━━━━━┳━━━━━━━┓
┃ Trials ┃ Exceptions ┃  Mean ┃
┡━━━━━━━━╇━━━━━━━━━━━━╇━━━━━━━┩
│      1 │          0 │ 1.000 │
└────────┴────────────┴───────┘

┏━━━━━━━━┳━━━━━━━┓
┃ Reward ┃ Count ┃
┡━━━━━━━━╇━━━━━━━┩
│ 1.0    │     1 │
└────────┴───────┘

Job Info
Total runtime: 4m 27s
Results written to 
/workspaces/sheil_research/reinforcement_learning/abundant-take-home/research/bu
rn-reader-debug-fix-2026-09-13/harbor-controls-final/jobs/rs-burn-store-pytorch-
reader-v4-oracle-20260914T001210Z/result.json
Inspect results by running `harbor view 
/workspaces/sheil_research/reinforcement_learning/abundant-take-home/research/bu
rn-reader-debug-fix-2026-09-13/harbor-controls-final/jobs`
Share results by running `harbor upload 
/workspaces/sheil_research/reinforcement_learning/abundant-take-home/research/bu
rn-reader-debug-fix-2026-09-13/harbor-controls-final/jobs/rs-burn-store-pytorch-
reader-v4-oracle-20260914T001210Z`

