#0 building with "desktop-linux" instance using docker driver

#1 [internal] load build definition from Dockerfile
#1 transferring dockerfile: 850B done
#1 DONE 0.0s

#2 [internal] load metadata for docker.io/library/python:3.12.11-slim-bookworm@sha256:519591d6871b7bc437060736b9f7456b8731f1499a57e22e6c285135ae657bf7
#2 DONE 0.0s

#3 [internal] load .dockerignore
#3 transferring context: 2B done
#3 DONE 0.0s

#4 [1/8] FROM docker.io/library/python:3.12.11-slim-bookworm@sha256:519591d6871b7bc437060736b9f7456b8731f1499a57e22e6c285135ae657bf7
#4 resolve docker.io/library/python:3.12.11-slim-bookworm@sha256:519591d6871b7bc437060736b9f7456b8731f1499a57e22e6c285135ae657bf7 done
#4 DONE 0.0s

#5 [internal] load build context
#5 transferring context: 323.50kB done
#5 DONE 0.0s

#6 [3/8] WORKDIR /workspace/repo
#6 CACHED

#7 [5/8] RUN tar -xzf /tmp/upstream.tar.gz -C /workspace/repo && rm /tmp/upstream.tar.gz
#7 CACHED

#8 [7/8] RUN python -m pip install --no-cache-dir -r /tmp/requirements.txt     && python -m pip install --no-cache-dir --no-deps --no-build-isolation -e .
#8 CACHED

#9 [2/8] RUN apt-get update && apt-get install -y --no-install-recommends bash git curl ca-certificates build-essential     && rm -rf /var/lib/apt/lists/*
#9 CACHED

#10 [6/8] COPY requirements.txt /tmp/requirements.txt
#10 CACHED

#11 [4/8] COPY upstream.tar.gz /tmp/upstream.tar.gz
#11 CACHED

#12 [8/8] RUN git init -q && git config user.email task@example.invalid && git config user.name Task     && git add . && git commit -qm "Pinned sqlite-utils baseline"
#12 CACHED

#13 exporting to image
#13 exporting layers done
#13 exporting manifest sha256:d05256a36d4161fe3c9eed6df4f333abeb942087c330f55f6c2b5e46bb19bd79 done
#13 exporting config sha256:c8ead1a5ecfe75e815825fa5fbc5654736e32b34404b5b21b60a3aa3f2f91f40 done
#13 exporting attestation manifest sha256:e2567a40340cde3d672b4c114a652045eb833227a8b66bdbe94b067f5a6fc55f done
#13 exporting manifest list sha256:2fc77af43a2fdd5df9ee96797d499d9c55be27a500426dcab6d209f035739119 done
#13 naming to docker.io/library/abundant-candidate-sqlite-relational-merge:85b1be1 done
#13 unpacking to docker.io/library/abundant-candidate-sqlite-relational-merge:85b1be1 done
#13 DONE 0.0s

View build details: docker-desktop://dashboard/build/desktop-linux/desktop-linux/b21ja2lrmm8l94n6onuj9rrm3
